<!doctype html public "-//w3c//dtd html 4.0 transitional//en">
<html><head>
<title>Static Call Graph - [.\obj\bk3633_app.axf]</title></head>
<body><HR>
<H1>Static Call Graph for image .\obj\bk3633_app.axf</H1><HR>
<BR><P>#&#060CALLGRAPH&#062# ARM Linker, 5060750: Last Updated: Tue Mar 18 14:54:25 2025
<BR><P>
<H3>Maximum Stack Usage =          0 bytes + Unknown(Untraceable Function Pointers)</H3><H3>
Call chain for Maximum Stack Depth:</H3>

<P>
<H3>
Function Pointers
</H3><UL>
 <LI><a href="#[4]">DataAbort</a> from vectors.o(SYS_BOOT) referenced from vectors.o(SYS_BOOT)
 <LI><a href="#[b]">EP3_callback</a> from user_handle.o(.text) referenced from main.o(.text)
 <LI><a href="#[7]">FIQ_Handler</a> from vectors.o(SYS_BOOT) referenced from vectors.o(SYS_BOOT)
 <LI><a href="#[6]">IRQ_Handler</a> from vectors.o(SYS_BOOT) referenced from vectors.o(SYS_BOOT)
 <LI><a href="#[3]">PrefetchAbort</a> from vectors.o(SYS_BOOT) referenced from vectors.o(SYS_BOOT)
 <LI><a href="#[2]">SoftwareInterrupt</a> from vectors.o(SYS_BOOT) referenced from vectors.o(SYS_BOOT)
 <LI><a href="#[13]">URB_CLEAR_FEATURE</a> from usb.o(.text) referenced from usb.o(.constdata)
 <LI><a href="#[18]">URB_GET_CONFIGURATION</a> from usb.o(.text) referenced from usb.o(.constdata)
 <LI><a href="#[17]">URB_GET_DESCRIPTOR</a> from usb.o(.text) referenced from usb.o(.constdata)
 <LI><a href="#[1a]">URB_GET_INTERFACE</a> from usb.o(.text) referenced from usb.o(.constdata)
 <LI><a href="#[12]">URB_GET_STATUS</a> from usb.o(.text) referenced from usb.o(.constdata)
 <LI><a href="#[14]">URB_NOT_SUPPORT</a> from usb.o(.text) referenced 4 times from usb.o(.constdata)
 <LI><a href="#[16]">URB_SET_ADDRESS</a> from usb.o(.text) referenced from usb.o(.constdata)
 <LI><a href="#[19]">URB_SET_CONFIGURATION</a> from usb.o(.text) referenced from usb.o(.constdata)
 <LI><a href="#[15]">URB_SET_FEATURE</a> from usb.o(.text) referenced from usb.o(.constdata)
 <LI><a href="#[1b]">URB_SET_INTERFACE</a> from usb.o(.text) referenced from usb.o(.constdata)
 <LI><a href="#[1]">Undefined</a> from vectors.o(SYS_BOOT) referenced from vectors.o(SYS_BOOT)
 <LI><a href="#[11]">_sputc</a> from printfa.o(i._sputc) referenced from printfa.o(i.__0vsprintf)
 <LI><a href="#[c]">app_gpio_sleep</a> from app.o(.text) referenced from main.o(.text)
 <LI><a href="#[d]">app_timer0_1_int_cb</a> from app.o(.text) referenced 2 times from user_handle.o(.text)
 <LI><a href="#[10]">cpu_24_reduce_voltage_sleep</a> from icu.o(.text) referenced from icu.o(.text)
 <LI><a href="#[e]">cpu_reduce_voltage_sleep</a> from icu.o(.text) referenced from icu.o(.text)
 <LI><a href="#[f]">cpu_usb_reduce_voltage_sleep</a> from icu.o(.text) referenced from icu.o(.text)
 <LI><a href="#[8]">main</a> from main.o(.text) referenced from entry9a.o(.ARM.Collect$$$$0000000B)
 <LI><a href="#[1c]">sys_Reset</a> from handlers.o(SYS_BOOT) referenced from vectors.o(SYS_BOOT)
 <LI><a href="#[5]">sys_reserved</a> from vectors.o(SYS_BOOT) referenced from vectors.o(SYS_BOOT)
 <LI><a href="#[a]">usb_mod_enable</a> from main.o(.text) referenced from main.o(.text)
 <LI><a href="#[9]">usb_mod_ie_enable</a> from main.o(.text) referenced from main.o(.text)
</UL>
<P>
<H3>
Global Symbols
</H3>
<P><STRONG><a name="[1c]"></a>sys_Reset</STRONG> (ARM, 0 bytes, Stack size 0 bytes, handlers.o(SYS_BOOT))
<BR><BR>[Calls]<UL><LI><a href="#[8]">&gt;&gt;</a>&nbsp;&nbsp;&nbsp;main (via Veneer)
</UL>

<P><STRONG><a name="[1e]"></a>SYSirq_FIQ_Handler</STRONG> (ARM, 16 bytes, Stack size 0 bytes, intc.o(sys_fiq_entry))
<BR><BR>[Calls]<UL><LI><a href="#[1f]">&gt;&gt;</a>&nbsp;&nbsp;&nbsp;intc_fiq (via BLX)
</UL>
<BR>[Called By]<UL><LI><a href="#[7]">&gt;&gt;</a>&nbsp;&nbsp;&nbsp;FIQ_Handler
</UL>

<P><STRONG><a name="[20]"></a>SYSirq_IRQ_Handler</STRONG> (ARM, 16 bytes, Stack size 0 bytes, intc.o(sys_irq_entry))
<BR><BR>[Calls]<UL><LI><a href="#[21]">&gt;&gt;</a>&nbsp;&nbsp;&nbsp;intc_irq (via BLX)
</UL>
<BR>[Called By]<UL><LI><a href="#[6]">&gt;&gt;</a>&nbsp;&nbsp;&nbsp;IRQ_Handler
</UL>

<P><STRONG><a name="[1d]"></a>__main</STRONG> (ARM, 0 bytes, Stack size 0 bytes, entry.o(.ARM.Collect$$$$00000000))

<P><STRONG><a name="[22]"></a>_main_scatterload</STRONG> (ARM, 0 bytes, Stack size 0 bytes, entry5.o(.ARM.Collect$$$$00000004))
<BR><BR>[Calls]<UL><LI><a href="#[23]">&gt;&gt;</a>&nbsp;&nbsp;&nbsp;__scatterload (via BLX)
</UL>

<P><STRONG><a name="[12d]"></a>__main_after_scatterload</STRONG> (ARM, 0 bytes, Stack size 0 bytes, entry5.o(.ARM.Collect$$$$00000004))
<BR><BR>[Called By]<UL><LI><a href="#[23]">&gt;&gt;</a>&nbsp;&nbsp;&nbsp;__scatterload (via BLX)
</UL>

<P><STRONG><a name="[24]"></a>platform_reset</STRONG> (Thumb, 24 bytes, Stack size 0 bytes, main.o(.text), UNUSED)
<BR><BR>[Calls]<UL><LI><a href="#[25]">&gt;&gt;</a>&nbsp;&nbsp;&nbsp;uart2_printf
<LI><a href="#[28]">&gt;&gt;</a>&nbsp;&nbsp;&nbsp;cpu_reset
<LI><a href="#[27]">&gt;&gt;</a>&nbsp;&nbsp;&nbsp;__ARM_common_disable_irq (via BLX)
<LI><a href="#[26]">&gt;&gt;</a>&nbsp;&nbsp;&nbsp;__ARM_common_disable_fiq (via BLX)
</UL>

<P><STRONG><a name="[a]"></a>usb_mod_enable</STRONG> (Thumb, 38 bytes, Stack size 0 bytes, main.o(.text))
<BR><BR>[Calls]<UL><LI><a href="#[29]">&gt;&gt;</a>&nbsp;&nbsp;&nbsp;DelayNops_usb
</UL>
<BR>[Address Reference Count : 1]<UL><LI> main.o(.text)
</UL>
<P><STRONG><a name="[9]"></a>usb_mod_ie_enable</STRONG> (Thumb, 20 bytes, Stack size 0 bytes, main.o(.text))
<BR>[Address Reference Count : 1]<UL><LI> main.o(.text)
</UL>
<P><STRONG><a name="[8]"></a>main</STRONG> (Thumb, 94 bytes, Stack size 0 bytes, main.o(.text))
<BR><BR>[Calls]<UL><LI><a href="#[2f]">&gt;&gt;</a>&nbsp;&nbsp;&nbsp;xvr_reg_initial
<LI><a href="#[37]">&gt;&gt;</a>&nbsp;&nbsp;&nbsp;user_fn24_main
<LI><a href="#[32]">&gt;&gt;</a>&nbsp;&nbsp;&nbsp;usb_init
<LI><a href="#[25]">&gt;&gt;</a>&nbsp;&nbsp;&nbsp;uart2_printf
<LI><a href="#[2c]">&gt;&gt;</a>&nbsp;&nbsp;&nbsp;uart2_init
<LI><a href="#[30]">&gt;&gt;</a>&nbsp;&nbsp;&nbsp;mcu_clk_switch
<LI><a href="#[2b]">&gt;&gt;</a>&nbsp;&nbsp;&nbsp;intc_init
<LI><a href="#[2a]">&gt;&gt;</a>&nbsp;&nbsp;&nbsp;icu_init
<LI><a href="#[2d]">&gt;&gt;</a>&nbsp;&nbsp;&nbsp;gpio_init
<LI><a href="#[34]">&gt;&gt;</a>&nbsp;&nbsp;&nbsp;gpio_cb_register
<LI><a href="#[2e]">&gt;&gt;</a>&nbsp;&nbsp;&nbsp;flash_init
<LI><a href="#[31]">&gt;&gt;</a>&nbsp;&nbsp;&nbsp;adc_init
<LI><a href="#[33]">&gt;&gt;</a>&nbsp;&nbsp;&nbsp;AplUsb_SetRxCbk
<LI><a href="#[36]">&gt;&gt;</a>&nbsp;&nbsp;&nbsp;__ARM_common_enable_irq (via BLX)
<LI><a href="#[35]">&gt;&gt;</a>&nbsp;&nbsp;&nbsp;__ARM_common_enable_fiq (via BLX)
</UL>
<BR>[Called By]<UL><LI><a href="#[1c]">&gt;&gt;</a>&nbsp;&nbsp;&nbsp;sys_Reset (via Veneer)
</UL>
<BR>[Address Reference Count : 1]<UL><LI> entry9a.o(.ARM.Collect$$$$0000000B)
</UL>
<P><STRONG><a name="[2b]"></a>intc_init</STRONG> (Thumb, 10 bytes, Stack size 0 bytes, intc.o(.text))
<BR><BR>[Called By]<UL><LI><a href="#[8]">&gt;&gt;</a>&nbsp;&nbsp;&nbsp;main
</UL>

<P><STRONG><a name="[21]"></a>intc_irq</STRONG> (Thumb, 106 bytes, Stack size 0 bytes, intc.o(.text))
<BR><BR>[Calls]<UL><LI><a href="#[39]">&gt;&gt;</a>&nbsp;&nbsp;&nbsp;uart_isr
<LI><a href="#[3a]">&gt;&gt;</a>&nbsp;&nbsp;&nbsp;uart2_isr
<LI><a href="#[3c]">&gt;&gt;</a>&nbsp;&nbsp;&nbsp;gpio_isr
<LI><a href="#[38]">&gt;&gt;</a>&nbsp;&nbsp;&nbsp;cpu_wakeup
<LI><a href="#[3b]">&gt;&gt;</a>&nbsp;&nbsp;&nbsp;adc_isr
<LI><a href="#[3f]">&gt;&gt;</a>&nbsp;&nbsp;&nbsp;USB_InterruptHandler
<LI><a href="#[3e]">&gt;&gt;</a>&nbsp;&nbsp;&nbsp;Timer_ISR1
<LI><a href="#[3d]">&gt;&gt;</a>&nbsp;&nbsp;&nbsp;Timer_ISR0
</UL>
<BR>[Called By]<UL><LI><a href="#[20]">&gt;&gt;</a>&nbsp;&nbsp;&nbsp;SYSirq_IRQ_Handler (via BLX)
</UL>

<P><STRONG><a name="[1f]"></a>intc_fiq</STRONG> (Thumb, 36 bytes, Stack size 0 bytes, intc.o(.text))
<BR><BR>[Calls]<UL><LI><a href="#[40]">&gt;&gt;</a>&nbsp;&nbsp;&nbsp;rwip_isr
<LI><a href="#[41]">&gt;&gt;</a>&nbsp;&nbsp;&nbsp;dma_isr
</UL>
<BR>[Called By]<UL><LI><a href="#[1e]">&gt;&gt;</a>&nbsp;&nbsp;&nbsp;SYSirq_FIQ_Handler (via BLX)
</UL>

<P><STRONG><a name="[134]"></a>Undefined_Exception</STRONG> (Thumb, 2 bytes, Stack size 0 bytes, intc.o(.text))
<BR><BR>[Called By]<UL><LI><a href="#[1]">&gt;&gt;</a>&nbsp;&nbsp;&nbsp;Undefined (via Veneer)
</UL>

<P><STRONG><a name="[135]"></a>SoftwareInterrupt_Exception</STRONG> (Thumb, 2 bytes, Stack size 0 bytes, intc.o(.text))
<BR><BR>[Called By]<UL><LI><a href="#[2]">&gt;&gt;</a>&nbsp;&nbsp;&nbsp;SoftwareInterrupt (via Veneer)
</UL>

<P><STRONG><a name="[136]"></a>PrefetchAbort_Exception</STRONG> (Thumb, 2 bytes, Stack size 0 bytes, intc.o(.text))
<BR><BR>[Called By]<UL><LI><a href="#[3]">&gt;&gt;</a>&nbsp;&nbsp;&nbsp;PrefetchAbort (via Veneer)
</UL>

<P><STRONG><a name="[137]"></a>DataAbort_Exception</STRONG> (Thumb, 2 bytes, Stack size 0 bytes, intc.o(.text))
<BR><BR>[Called By]<UL><LI><a href="#[4]">&gt;&gt;</a>&nbsp;&nbsp;&nbsp;DataAbort (via Veneer)
</UL>

<P><STRONG><a name="[138]"></a>Reserved_Exception</STRONG> (Thumb, 2 bytes, Stack size 0 bytes, intc.o(.text))
<BR><BR>[Called By]<UL><LI><a href="#[5]">&gt;&gt;</a>&nbsp;&nbsp;&nbsp;sys_reserved (via Veneer)
</UL>

<P><STRONG><a name="[42]"></a>app_mouse_wheel_scan</STRONG> (Thumb, 146 bytes, Stack size 0 bytes, app.o(.text), UNUSED)
<BR><BR>[Calls]<UL><LI><a href="#[43]">&gt;&gt;</a>&nbsp;&nbsp;&nbsp;gpio_get_input
</UL>

<P><STRONG><a name="[c]"></a>app_gpio_sleep</STRONG> (Thumb, 20 bytes, Stack size 0 bytes, app.o(.text))
<BR><BR>[Called By]<UL><LI><a href="#[c8]">&gt;&gt;</a>&nbsp;&nbsp;&nbsp;application_PCBA_mode
</UL>
<BR>[Address Reference Count : 1]<UL><LI> main.o(.text)
</UL>
<P><STRONG><a name="[44]"></a>driver_timer0_reset</STRONG> (Thumb, 36 bytes, Stack size 0 bytes, app.o(.text), UNUSED)
<BR><BR>[Calls]<UL><LI><a href="#[45]">&gt;&gt;</a>&nbsp;&nbsp;&nbsp;Timer0_Stop
<LI><a href="#[46]">&gt;&gt;</a>&nbsp;&nbsp;&nbsp;Timer0_1m5_Start
</UL>
<BR>[Called By]<UL><LI><a href="#[e8]">&gt;&gt;</a>&nbsp;&nbsp;&nbsp;driver_rf_data_retrans
<LI><a href="#[ce]">&gt;&gt;</a>&nbsp;&nbsp;&nbsp;driver_rf_data_send
</UL>

<P><STRONG><a name="[d6]"></a>driver_delay_set_with_base_tick</STRONG> (Thumb, 12 bytes, Stack size 0 bytes, app.o(.text), UNUSED)
<BR><BR>[Called By]<UL><LI><a href="#[de]">&gt;&gt;</a>&nbsp;&nbsp;&nbsp;application_mouse_led_process
<LI><a href="#[d7]">&gt;&gt;</a>&nbsp;&nbsp;&nbsp;application_mouse_sleep_check
<LI><a href="#[d5]">&gt;&gt;</a>&nbsp;&nbsp;&nbsp;application_mouse_led_start
</UL>

<P><STRONG><a name="[48]"></a>driver_delay_with_base_tick_expire_check</STRONG> (Thumb, 20 bytes, Stack size 0 bytes, app.o(.text), UNUSED)
<BR><BR>[Called By]<UL><LI><a href="#[de]">&gt;&gt;</a>&nbsp;&nbsp;&nbsp;application_mouse_led_process
<LI><a href="#[d7]">&gt;&gt;</a>&nbsp;&nbsp;&nbsp;application_mouse_sleep_check
<LI><a href="#[47]">&gt;&gt;</a>&nbsp;&nbsp;&nbsp;Wait_Xms
</UL>

<P><STRONG><a name="[47]"></a>Wait_Xms</STRONG> (Thumb, 24 bytes, Stack size 0 bytes, app.o(.text), UNUSED)
<BR><BR>[Calls]<UL><LI><a href="#[48]">&gt;&gt;</a>&nbsp;&nbsp;&nbsp;driver_delay_with_base_tick_expire_check
</UL>

<P><STRONG><a name="[d]"></a>app_timer0_1_int_cb</STRONG> (Thumb, 176 bytes, Stack size 0 bytes, app.o(.text))
<BR><BR>[Calls]<UL><LI><a href="#[49]">&gt;&gt;</a>&nbsp;&nbsp;&nbsp;key_send
</UL>
<BR>[Address Reference Count : 2]<UL><LI> user_handle.o(.text)
<LI> application_main.o(.text)
</UL>
<P><STRONG><a name="[4a]"></a>rwip_aes_encrypt</STRONG> (Thumb, 152 bytes, Stack size 0 bytes, aes.o(.text), UNUSED)
<BR><BR>[Calls]<UL><LI><a href="#[4b]">&gt;&gt;</a>&nbsp;&nbsp;&nbsp;__aeabi_memcpy
</UL>
<BR>[Called By]<UL><LI><a href="#[4c]">&gt;&gt;</a>&nbsp;&nbsp;&nbsp;app_aes_test
</UL>

<P><STRONG><a name="[40]"></a>rwip_isr</STRONG> (Thumb, 36 bytes, Stack size 0 bytes, aes.o(.text))
<BR><BR>[Called By]<UL><LI><a href="#[1f]">&gt;&gt;</a>&nbsp;&nbsp;&nbsp;intc_fiq
</UL>

<P><STRONG><a name="[4c]"></a>app_aes_test</STRONG> (Thumb, 264 bytes, Stack size 0 bytes, aes.o(.text), UNUSED)
<BR><BR>[Calls]<UL><LI><a href="#[4b]">&gt;&gt;</a>&nbsp;&nbsp;&nbsp;__aeabi_memcpy
<LI><a href="#[4a]">&gt;&gt;</a>&nbsp;&nbsp;&nbsp;rwip_aes_encrypt
<LI><a href="#[25]">&gt;&gt;</a>&nbsp;&nbsp;&nbsp;uart2_printf
</UL>

<P><STRONG><a name="[4d]"></a>user_application_initial</STRONG> (Thumb, 60 bytes, Stack size 0 bytes, user_handle.o(.text))
<BR><BR>[Calls]<UL><LI><a href="#[52]">&gt;&gt;</a>&nbsp;&nbsp;&nbsp;timer_cb_register
<LI><a href="#[4e]">&gt;&gt;</a>&nbsp;&nbsp;&nbsp;fReadRFAddr
<LI><a href="#[4f]">&gt;&gt;</a>&nbsp;&nbsp;&nbsp;f24Init
<LI><a href="#[50]">&gt;&gt;</a>&nbsp;&nbsp;&nbsp;Timer_Initial
<LI><a href="#[51]">&gt;&gt;</a>&nbsp;&nbsp;&nbsp;Timer0_Start
</UL>
<BR>[Called By]<UL><LI><a href="#[37]">&gt;&gt;</a>&nbsp;&nbsp;&nbsp;user_fn24_main
</UL>

<P><STRONG><a name="[53]"></a>user_rf_receive_set</STRONG> (Thumb, 152 bytes, Stack size 0 bytes, user_handle.o(.text))
<BR><BR>[Calls]<UL><LI><a href="#[55]">&gt;&gt;</a>&nbsp;&nbsp;&nbsp;memcpy_2461
<LI><a href="#[54]">&gt;&gt;</a>&nbsp;&nbsp;&nbsp;flash_read_data
<LI><a href="#[56]">&gt;&gt;</a>&nbsp;&nbsp;&nbsp;driver_rf_ouput_power_value_set
<LI><a href="#[57]">&gt;&gt;</a>&nbsp;&nbsp;&nbsp;SwitchToRxMode
<LI><a href="#[58]">&gt;&gt;</a>&nbsp;&nbsp;&nbsp;Delay_ms
<LI><a href="#[25]">&gt;&gt;</a>&nbsp;&nbsp;&nbsp;uart2_printf
</UL>
<BR>[Called By]<UL><LI><a href="#[63]">&gt;&gt;</a>&nbsp;&nbsp;&nbsp;user_application_normal_mode
</UL>

<P><STRONG><a name="[59]"></a>user_rf_receive_package</STRONG> (Thumb, 68 bytes, Stack size 0 bytes, user_handle.o(.text))
<BR><BR>[Calls]<UL><LI><a href="#[5a]">&gt;&gt;</a>&nbsp;&nbsp;&nbsp;R_RX_PAYLOAD
</UL>
<BR>[Called By]<UL><LI><a href="#[5b]">&gt;&gt;</a>&nbsp;&nbsp;&nbsp;user_rf_receive_handle
</UL>

<P><STRONG><a name="[5b]"></a>user_rf_receive_handle</STRONG> (Thumb, 24 bytes, Stack size 0 bytes, user_handle.o(.text))
<BR><BR>[Calls]<UL><LI><a href="#[59]">&gt;&gt;</a>&nbsp;&nbsp;&nbsp;user_rf_receive_package
</UL>
<BR>[Called By]<UL><LI><a href="#[63]">&gt;&gt;</a>&nbsp;&nbsp;&nbsp;user_application_normal_mode
</UL>

<P><STRONG><a name="[5c]"></a>jump_frequency</STRONG> (Thumb, 50 bytes, Stack size 0 bytes, user_handle.o(.text))
<BR><BR>[Calls]<UL><LI><a href="#[5d]">&gt;&gt;</a>&nbsp;&nbsp;&nbsp;__aeabi_uidivmod
</UL>
<BR>[Called By]<UL><LI><a href="#[67]">&gt;&gt;</a>&nbsp;&nbsp;&nbsp;user_application_page_mode
<LI><a href="#[63]">&gt;&gt;</a>&nbsp;&nbsp;&nbsp;user_application_normal_mode
<LI><a href="#[61]">&gt;&gt;</a>&nbsp;&nbsp;&nbsp;user_rf_rx_handler
</UL>

<P><STRONG><a name="[49]"></a>key_send</STRONG> (Thumb, 38 bytes, Stack size 0 bytes, user_handle.o(.text))
<BR><BR>[Calls]<UL><LI><a href="#[58]">&gt;&gt;</a>&nbsp;&nbsp;&nbsp;Delay_ms
<LI><a href="#[5e]">&gt;&gt;</a>&nbsp;&nbsp;&nbsp;AplUsb_StartTx
</UL>
<BR>[Called By]<UL><LI><a href="#[61]">&gt;&gt;</a>&nbsp;&nbsp;&nbsp;user_rf_rx_handler
<LI><a href="#[d]">&gt;&gt;</a>&nbsp;&nbsp;&nbsp;app_timer0_1_int_cb
</UL>

<P><STRONG><a name="[5f]"></a>status_report</STRONG> (Thumb, 48 bytes, Stack size 0 bytes, user_handle.o(.text))
<BR><BR>[Calls]<UL><LI><a href="#[58]">&gt;&gt;</a>&nbsp;&nbsp;&nbsp;Delay_ms
<LI><a href="#[5e]">&gt;&gt;</a>&nbsp;&nbsp;&nbsp;AplUsb_StartTx
</UL>
<BR>[Called By]<UL><LI><a href="#[61]">&gt;&gt;</a>&nbsp;&nbsp;&nbsp;user_rf_rx_handler
</UL>

<P><STRONG><a name="[60]"></a>mouse_send</STRONG> (Thumb, 42 bytes, Stack size 0 bytes, user_handle.o(.text))
<BR><BR>[Calls]<UL><LI><a href="#[58]">&gt;&gt;</a>&nbsp;&nbsp;&nbsp;Delay_ms
<LI><a href="#[5e]">&gt;&gt;</a>&nbsp;&nbsp;&nbsp;AplUsb_StartTx
</UL>
<BR>[Called By]<UL><LI><a href="#[61]">&gt;&gt;</a>&nbsp;&nbsp;&nbsp;user_rf_rx_handler
</UL>

<P><STRONG><a name="[61]"></a>user_rf_rx_handler</STRONG> (Thumb, 322 bytes, Stack size 0 bytes, user_handle.o(.text))
<BR><BR>[Calls]<UL><LI><a href="#[62]">&gt;&gt;</a>&nbsp;&nbsp;&nbsp;__ARM_common_switch8 (via BLX)
<LI><a href="#[60]">&gt;&gt;</a>&nbsp;&nbsp;&nbsp;mouse_send
<LI><a href="#[5f]">&gt;&gt;</a>&nbsp;&nbsp;&nbsp;status_report
<LI><a href="#[5c]">&gt;&gt;</a>&nbsp;&nbsp;&nbsp;jump_frequency
<LI><a href="#[49]">&gt;&gt;</a>&nbsp;&nbsp;&nbsp;key_send
<LI><a href="#[25]">&gt;&gt;</a>&nbsp;&nbsp;&nbsp;uart2_printf
</UL>
<BR>[Called By]<UL><LI><a href="#[63]">&gt;&gt;</a>&nbsp;&nbsp;&nbsp;user_application_normal_mode
</UL>

<P><STRONG><a name="[63]"></a>user_application_normal_mode</STRONG> (Thumb, 418 bytes, Stack size 0 bytes, user_handle.o(.text))
<BR><BR>[Calls]<UL><LI><a href="#[4b]">&gt;&gt;</a>&nbsp;&nbsp;&nbsp;__aeabi_memcpy
<LI><a href="#[65]">&gt;&gt;</a>&nbsp;&nbsp;&nbsp;driver_rf_data_send_ACK
<LI><a href="#[64]">&gt;&gt;</a>&nbsp;&nbsp;&nbsp;SwitchToTxMode
<LI><a href="#[57]">&gt;&gt;</a>&nbsp;&nbsp;&nbsp;SwitchToRxMode
<LI><a href="#[58]">&gt;&gt;</a>&nbsp;&nbsp;&nbsp;Delay_ms
<LI><a href="#[61]">&gt;&gt;</a>&nbsp;&nbsp;&nbsp;user_rf_rx_handler
<LI><a href="#[5c]">&gt;&gt;</a>&nbsp;&nbsp;&nbsp;jump_frequency
<LI><a href="#[5b]">&gt;&gt;</a>&nbsp;&nbsp;&nbsp;user_rf_receive_handle
<LI><a href="#[53]">&gt;&gt;</a>&nbsp;&nbsp;&nbsp;user_rf_receive_set
</UL>
<BR>[Called By]<UL><LI><a href="#[37]">&gt;&gt;</a>&nbsp;&nbsp;&nbsp;user_fn24_main
</UL>

<P><STRONG><a name="[66]"></a>user_rf_receive_page_set</STRONG> (Thumb, 44 bytes, Stack size 0 bytes, user_handle.o(.text), UNUSED)
<BR><BR>[Calls]<UL><LI><a href="#[56]">&gt;&gt;</a>&nbsp;&nbsp;&nbsp;driver_rf_ouput_power_value_set
<LI><a href="#[57]">&gt;&gt;</a>&nbsp;&nbsp;&nbsp;SwitchToRxMode
<LI><a href="#[58]">&gt;&gt;</a>&nbsp;&nbsp;&nbsp;Delay_ms
</UL>

<P><STRONG><a name="[67]"></a>user_application_page_mode</STRONG> (Thumb, 760 bytes, Stack size 0 bytes, user_handle.o(.text))
<BR><BR>[Calls]<UL><LI><a href="#[55]">&gt;&gt;</a>&nbsp;&nbsp;&nbsp;memcpy_2461
<LI><a href="#[69]">&gt;&gt;</a>&nbsp;&nbsp;&nbsp;flash_write_some_data
<LI><a href="#[54]">&gt;&gt;</a>&nbsp;&nbsp;&nbsp;flash_read_data
<LI><a href="#[6a]">&gt;&gt;</a>&nbsp;&nbsp;&nbsp;f24GetFreqConfigValue
<LI><a href="#[68]">&gt;&gt;</a>&nbsp;&nbsp;&nbsp;driver_rf_receive_package
<LI><a href="#[56]">&gt;&gt;</a>&nbsp;&nbsp;&nbsp;driver_rf_ouput_power_value_set
<LI><a href="#[65]">&gt;&gt;</a>&nbsp;&nbsp;&nbsp;driver_rf_data_send_ACK
<LI><a href="#[64]">&gt;&gt;</a>&nbsp;&nbsp;&nbsp;SwitchToTxMode
<LI><a href="#[57]">&gt;&gt;</a>&nbsp;&nbsp;&nbsp;SwitchToRxMode
<LI><a href="#[58]">&gt;&gt;</a>&nbsp;&nbsp;&nbsp;Delay_ms
<LI><a href="#[5c]">&gt;&gt;</a>&nbsp;&nbsp;&nbsp;jump_frequency
<LI><a href="#[25]">&gt;&gt;</a>&nbsp;&nbsp;&nbsp;uart2_printf
<LI><a href="#[2e]">&gt;&gt;</a>&nbsp;&nbsp;&nbsp;flash_init
</UL>
<BR>[Called By]<UL><LI><a href="#[37]">&gt;&gt;</a>&nbsp;&nbsp;&nbsp;user_fn24_main
</UL>

<P><STRONG><a name="[37]"></a>user_fn24_main</STRONG> (Thumb, 38 bytes, Stack size 0 bytes, user_handle.o(.text))
<BR><BR>[Calls]<UL><LI><a href="#[6b]">&gt;&gt;</a>&nbsp;&nbsp;&nbsp;xvr_reg_initial_24
<LI><a href="#[67]">&gt;&gt;</a>&nbsp;&nbsp;&nbsp;user_application_page_mode
<LI><a href="#[63]">&gt;&gt;</a>&nbsp;&nbsp;&nbsp;user_application_normal_mode
<LI><a href="#[4d]">&gt;&gt;</a>&nbsp;&nbsp;&nbsp;user_application_initial
</UL>
<BR>[Called By]<UL><LI><a href="#[8]">&gt;&gt;</a>&nbsp;&nbsp;&nbsp;main
</UL>

<P><STRONG><a name="[b]"></a>EP3_callback</STRONG> (Thumb, 132 bytes, Stack size 0 bytes, user_handle.o(.text))
<BR>[Address Reference Count : 1]<UL><LI> main.o(.text)
</UL>
<P><STRONG><a name="[75]"></a>set_flash_info</STRONG> (Thumb, 56 bytes, Stack size 0 bytes, flash.o(.text))
<BR><BR>[Called By]<UL><LI><a href="#[74]">&gt;&gt;</a>&nbsp;&nbsp;&nbsp;flash_advance_init
</UL>

<P><STRONG><a name="[78]"></a>set_flash_clk</STRONG> (Thumb, 40 bytes, Stack size 0 bytes, flash.o(.text))
<BR><BR>[Called By]<UL><LI><a href="#[93]">&gt;&gt;</a>&nbsp;&nbsp;&nbsp;cpu_24_wakeup
<LI><a href="#[10]">&gt;&gt;</a>&nbsp;&nbsp;&nbsp;cpu_24_reduce_voltage_sleep
<LI><a href="#[f]">&gt;&gt;</a>&nbsp;&nbsp;&nbsp;cpu_usb_reduce_voltage_sleep
<LI><a href="#[2e]">&gt;&gt;</a>&nbsp;&nbsp;&nbsp;flash_init
</UL>

<P><STRONG><a name="[6d]"></a>get_flash_ID</STRONG> (Thumb, 34 bytes, Stack size 0 bytes, flash.o(.text))
<BR><BR>[Called By]<UL><LI><a href="#[7e]">&gt;&gt;</a>&nbsp;&nbsp;&nbsp;flash_erase
<LI><a href="#[7d]">&gt;&gt;</a>&nbsp;&nbsp;&nbsp;flash_write
<LI><a href="#[74]">&gt;&gt;</a>&nbsp;&nbsp;&nbsp;flash_advance_init
<LI><a href="#[6c]">&gt;&gt;</a>&nbsp;&nbsp;&nbsp;flash_write_sr_temp
</UL>

<P><STRONG><a name="[6f]"></a>flash_read_sr</STRONG> (Thumb, 44 bytes, Stack size 0 bytes, flash.o(.text))
<BR><BR>[Called By]<UL><LI><a href="#[73]">&gt;&gt;</a>&nbsp;&nbsp;&nbsp;flash_wp_none
<LI><a href="#[72]">&gt;&gt;</a>&nbsp;&nbsp;&nbsp;flash_wp_all
<LI><a href="#[71]">&gt;&gt;</a>&nbsp;&nbsp;&nbsp;flash_wp_496k
<LI><a href="#[70]">&gt;&gt;</a>&nbsp;&nbsp;&nbsp;flash_wp_256k
<LI><a href="#[6e]">&gt;&gt;</a>&nbsp;&nbsp;&nbsp;flash_write_sr
</UL>

<P><STRONG><a name="[6c]"></a>flash_write_sr_temp</STRONG> (Thumb, 190 bytes, Stack size 0 bytes, flash.o(.text))
<BR><BR>[Calls]<UL><LI><a href="#[6d]">&gt;&gt;</a>&nbsp;&nbsp;&nbsp;get_flash_ID
</UL>
<BR>[Called By]<UL><LI><a href="#[6e]">&gt;&gt;</a>&nbsp;&nbsp;&nbsp;flash_write_sr
</UL>

<P><STRONG><a name="[6e]"></a>flash_write_sr</STRONG> (Thumb, 152 bytes, Stack size 0 bytes, flash.o(.text))
<BR><BR>[Calls]<UL><LI><a href="#[6c]">&gt;&gt;</a>&nbsp;&nbsp;&nbsp;flash_write_sr_temp
<LI><a href="#[6f]">&gt;&gt;</a>&nbsp;&nbsp;&nbsp;flash_read_sr
<LI><a href="#[25]">&gt;&gt;</a>&nbsp;&nbsp;&nbsp;uart2_printf
<LI><a href="#[28]">&gt;&gt;</a>&nbsp;&nbsp;&nbsp;cpu_reset
</UL>
<BR>[Called By]<UL><LI><a href="#[73]">&gt;&gt;</a>&nbsp;&nbsp;&nbsp;flash_wp_none
<LI><a href="#[72]">&gt;&gt;</a>&nbsp;&nbsp;&nbsp;flash_wp_all
<LI><a href="#[71]">&gt;&gt;</a>&nbsp;&nbsp;&nbsp;flash_wp_496k
<LI><a href="#[70]">&gt;&gt;</a>&nbsp;&nbsp;&nbsp;flash_wp_256k
</UL>

<P><STRONG><a name="[70]"></a>flash_wp_256k</STRONG> (Thumb, 110 bytes, Stack size 0 bytes, flash.o(.text))
<BR><BR>[Calls]<UL><LI><a href="#[6e]">&gt;&gt;</a>&nbsp;&nbsp;&nbsp;flash_write_sr
<LI><a href="#[6f]">&gt;&gt;</a>&nbsp;&nbsp;&nbsp;flash_read_sr
</UL>
<BR>[Called By]<UL><LI><a href="#[7a]">&gt;&gt;</a>&nbsp;&nbsp;&nbsp;flash_write_data
<LI><a href="#[79]">&gt;&gt;</a>&nbsp;&nbsp;&nbsp;flash_erase_sector
</UL>

<P><STRONG><a name="[71]"></a>flash_wp_496k</STRONG> (Thumb, 118 bytes, Stack size 0 bytes, flash.o(.text))
<BR><BR>[Calls]<UL><LI><a href="#[6e]">&gt;&gt;</a>&nbsp;&nbsp;&nbsp;flash_write_sr
<LI><a href="#[6f]">&gt;&gt;</a>&nbsp;&nbsp;&nbsp;flash_read_sr
</UL>
<BR>[Called By]<UL><LI><a href="#[7a]">&gt;&gt;</a>&nbsp;&nbsp;&nbsp;flash_write_data
<LI><a href="#[79]">&gt;&gt;</a>&nbsp;&nbsp;&nbsp;flash_erase_sector
<LI><a href="#[69]">&gt;&gt;</a>&nbsp;&nbsp;&nbsp;flash_write_some_data
</UL>

<P><STRONG><a name="[72]"></a>flash_wp_all</STRONG> (Thumb, 110 bytes, Stack size 0 bytes, flash.o(.text))
<BR><BR>[Calls]<UL><LI><a href="#[6e]">&gt;&gt;</a>&nbsp;&nbsp;&nbsp;flash_write_sr
<LI><a href="#[6f]">&gt;&gt;</a>&nbsp;&nbsp;&nbsp;flash_read_sr
</UL>
<BR>[Called By]<UL><LI><a href="#[7a]">&gt;&gt;</a>&nbsp;&nbsp;&nbsp;flash_write_data
<LI><a href="#[79]">&gt;&gt;</a>&nbsp;&nbsp;&nbsp;flash_erase_sector
<LI><a href="#[74]">&gt;&gt;</a>&nbsp;&nbsp;&nbsp;flash_advance_init
<LI><a href="#[69]">&gt;&gt;</a>&nbsp;&nbsp;&nbsp;flash_write_some_data
</UL>

<P><STRONG><a name="[73]"></a>flash_wp_none</STRONG> (Thumb, 32 bytes, Stack size 0 bytes, flash.o(.text))
<BR><BR>[Calls]<UL><LI><a href="#[6e]">&gt;&gt;</a>&nbsp;&nbsp;&nbsp;flash_write_sr
<LI><a href="#[6f]">&gt;&gt;</a>&nbsp;&nbsp;&nbsp;flash_read_sr
</UL>
<BR>[Called By]<UL><LI><a href="#[7a]">&gt;&gt;</a>&nbsp;&nbsp;&nbsp;flash_write_data
</UL>

<P><STRONG><a name="[74]"></a>flash_advance_init</STRONG> (Thumb, 28 bytes, Stack size 0 bytes, flash.o(.text))
<BR><BR>[Calls]<UL><LI><a href="#[72]">&gt;&gt;</a>&nbsp;&nbsp;&nbsp;flash_wp_all
<LI><a href="#[6d]">&gt;&gt;</a>&nbsp;&nbsp;&nbsp;get_flash_ID
<LI><a href="#[75]">&gt;&gt;</a>&nbsp;&nbsp;&nbsp;set_flash_info
<LI><a href="#[25]">&gt;&gt;</a>&nbsp;&nbsp;&nbsp;uart2_printf
</UL>
<BR>[Called By]<UL><LI><a href="#[2e]">&gt;&gt;</a>&nbsp;&nbsp;&nbsp;flash_init
</UL>

<P><STRONG><a name="[77]"></a>clr_flash_qwfr</STRONG> (Thumb, 222 bytes, Stack size 0 bytes, flash.o(.text))
<BR><BR>[Called By]<UL><LI><a href="#[76]">&gt;&gt;</a>&nbsp;&nbsp;&nbsp;flash_set_dual_mode
</UL>

<P><STRONG><a name="[76]"></a>flash_set_dual_mode</STRONG> (Thumb, 32 bytes, Stack size 0 bytes, flash.o(.text))
<BR><BR>[Calls]<UL><LI><a href="#[77]">&gt;&gt;</a>&nbsp;&nbsp;&nbsp;clr_flash_qwfr
</UL>
<BR>[Called By]<UL><LI><a href="#[2e]">&gt;&gt;</a>&nbsp;&nbsp;&nbsp;flash_init
</UL>

<P><STRONG><a name="[2e]"></a>flash_init</STRONG> (Thumb, 18 bytes, Stack size 0 bytes, flash.o(.text))
<BR><BR>[Calls]<UL><LI><a href="#[76]">&gt;&gt;</a>&nbsp;&nbsp;&nbsp;flash_set_dual_mode
<LI><a href="#[74]">&gt;&gt;</a>&nbsp;&nbsp;&nbsp;flash_advance_init
<LI><a href="#[78]">&gt;&gt;</a>&nbsp;&nbsp;&nbsp;set_flash_clk
</UL>
<BR>[Called By]<UL><LI><a href="#[67]">&gt;&gt;</a>&nbsp;&nbsp;&nbsp;user_application_page_mode
<LI><a href="#[8]">&gt;&gt;</a>&nbsp;&nbsp;&nbsp;main
</UL>

<P><STRONG><a name="[79]"></a>flash_erase_sector</STRONG> (Thumb, 92 bytes, Stack size 0 bytes, flash.o(.text))
<BR><BR>[Calls]<UL><LI><a href="#[72]">&gt;&gt;</a>&nbsp;&nbsp;&nbsp;flash_wp_all
<LI><a href="#[71]">&gt;&gt;</a>&nbsp;&nbsp;&nbsp;flash_wp_496k
<LI><a href="#[70]">&gt;&gt;</a>&nbsp;&nbsp;&nbsp;flash_wp_256k
<LI><a href="#[36]">&gt;&gt;</a>&nbsp;&nbsp;&nbsp;__ARM_common_enable_irq (via BLX)
<LI><a href="#[35]">&gt;&gt;</a>&nbsp;&nbsp;&nbsp;__ARM_common_enable_fiq (via BLX)
<LI><a href="#[27]">&gt;&gt;</a>&nbsp;&nbsp;&nbsp;__ARM_common_disable_irq (via BLX)
<LI><a href="#[26]">&gt;&gt;</a>&nbsp;&nbsp;&nbsp;__ARM_common_disable_fiq (via BLX)
</UL>
<BR>[Called By]<UL><LI><a href="#[7e]">&gt;&gt;</a>&nbsp;&nbsp;&nbsp;flash_erase
</UL>

<P><STRONG><a name="[54]"></a>flash_read_data</STRONG> (Thumb, 156 bytes, Stack size 0 bytes, flash.o(.text))
<BR><BR>[Calls]<UL><LI><a href="#[36]">&gt;&gt;</a>&nbsp;&nbsp;&nbsp;__ARM_common_enable_irq (via BLX)
<LI><a href="#[35]">&gt;&gt;</a>&nbsp;&nbsp;&nbsp;__ARM_common_enable_fiq (via BLX)
<LI><a href="#[27]">&gt;&gt;</a>&nbsp;&nbsp;&nbsp;__ARM_common_disable_irq (via BLX)
<LI><a href="#[26]">&gt;&gt;</a>&nbsp;&nbsp;&nbsp;__ARM_common_disable_fiq (via BLX)
</UL>
<BR>[Called By]<UL><LI><a href="#[7c]">&gt;&gt;</a>&nbsp;&nbsp;&nbsp;flash_read
<LI><a href="#[7a]">&gt;&gt;</a>&nbsp;&nbsp;&nbsp;flash_write_data
<LI><a href="#[67]">&gt;&gt;</a>&nbsp;&nbsp;&nbsp;user_application_page_mode
<LI><a href="#[53]">&gt;&gt;</a>&nbsp;&nbsp;&nbsp;user_rf_receive_set
</UL>

<P><STRONG><a name="[7a]"></a>flash_write_data</STRONG> (Thumb, 304 bytes, Stack size 0 bytes, flash.o(.text))
<BR><BR>[Calls]<UL><LI><a href="#[7b]">&gt;&gt;</a>&nbsp;&nbsp;&nbsp;__aeabi_memclr4
<LI><a href="#[73]">&gt;&gt;</a>&nbsp;&nbsp;&nbsp;flash_wp_none
<LI><a href="#[72]">&gt;&gt;</a>&nbsp;&nbsp;&nbsp;flash_wp_all
<LI><a href="#[71]">&gt;&gt;</a>&nbsp;&nbsp;&nbsp;flash_wp_496k
<LI><a href="#[70]">&gt;&gt;</a>&nbsp;&nbsp;&nbsp;flash_wp_256k
<LI><a href="#[54]">&gt;&gt;</a>&nbsp;&nbsp;&nbsp;flash_read_data
<LI><a href="#[36]">&gt;&gt;</a>&nbsp;&nbsp;&nbsp;__ARM_common_enable_irq (via BLX)
<LI><a href="#[35]">&gt;&gt;</a>&nbsp;&nbsp;&nbsp;__ARM_common_enable_fiq (via BLX)
<LI><a href="#[27]">&gt;&gt;</a>&nbsp;&nbsp;&nbsp;__ARM_common_disable_irq (via BLX)
<LI><a href="#[26]">&gt;&gt;</a>&nbsp;&nbsp;&nbsp;__ARM_common_disable_fiq (via BLX)
</UL>
<BR>[Called By]<UL><LI><a href="#[7d]">&gt;&gt;</a>&nbsp;&nbsp;&nbsp;flash_write
</UL>

<P><STRONG><a name="[7c]"></a>flash_read</STRONG> (Thumb, 46 bytes, Stack size 0 bytes, flash.o(.text))
<BR><BR>[Calls]<UL><LI><a href="#[54]">&gt;&gt;</a>&nbsp;&nbsp;&nbsp;flash_read_data
</UL>
<BR>[Called By]<UL><LI><a href="#[7f]">&gt;&gt;</a>&nbsp;&nbsp;&nbsp;flash_test
<LI><a href="#[69]">&gt;&gt;</a>&nbsp;&nbsp;&nbsp;flash_write_some_data
<LI><a href="#[4e]">&gt;&gt;</a>&nbsp;&nbsp;&nbsp;fReadRFAddr
</UL>

<P><STRONG><a name="[7d]"></a>flash_write</STRONG> (Thumb, 102 bytes, Stack size 0 bytes, flash.o(.text))
<BR><BR>[Calls]<UL><LI><a href="#[7a]">&gt;&gt;</a>&nbsp;&nbsp;&nbsp;flash_write_data
<LI><a href="#[6d]">&gt;&gt;</a>&nbsp;&nbsp;&nbsp;get_flash_ID
<LI><a href="#[25]">&gt;&gt;</a>&nbsp;&nbsp;&nbsp;uart2_printf
</UL>
<BR>[Called By]<UL><LI><a href="#[7f]">&gt;&gt;</a>&nbsp;&nbsp;&nbsp;flash_test
<LI><a href="#[69]">&gt;&gt;</a>&nbsp;&nbsp;&nbsp;flash_write_some_data
</UL>

<P><STRONG><a name="[7e]"></a>flash_erase</STRONG> (Thumb, 90 bytes, Stack size 0 bytes, flash.o(.text))
<BR><BR>[Calls]<UL><LI><a href="#[79]">&gt;&gt;</a>&nbsp;&nbsp;&nbsp;flash_erase_sector
<LI><a href="#[6d]">&gt;&gt;</a>&nbsp;&nbsp;&nbsp;get_flash_ID
</UL>
<BR>[Called By]<UL><LI><a href="#[7f]">&gt;&gt;</a>&nbsp;&nbsp;&nbsp;flash_test
<LI><a href="#[69]">&gt;&gt;</a>&nbsp;&nbsp;&nbsp;flash_write_some_data
</UL>

<P><STRONG><a name="[69]"></a>flash_write_some_data</STRONG> (Thumb, 96 bytes, Stack size 0 bytes, flash.o(.text))
<BR><BR>[Calls]<UL><LI><a href="#[4b]">&gt;&gt;</a>&nbsp;&nbsp;&nbsp;__aeabi_memcpy
<LI><a href="#[7e]">&gt;&gt;</a>&nbsp;&nbsp;&nbsp;flash_erase
<LI><a href="#[7d]">&gt;&gt;</a>&nbsp;&nbsp;&nbsp;flash_write
<LI><a href="#[7c]">&gt;&gt;</a>&nbsp;&nbsp;&nbsp;flash_read
<LI><a href="#[72]">&gt;&gt;</a>&nbsp;&nbsp;&nbsp;flash_wp_all
<LI><a href="#[71]">&gt;&gt;</a>&nbsp;&nbsp;&nbsp;flash_wp_496k
</UL>
<BR>[Called By]<UL><LI><a href="#[ca]">&gt;&gt;</a>&nbsp;&nbsp;&nbsp;application_page_mode
<LI><a href="#[67]">&gt;&gt;</a>&nbsp;&nbsp;&nbsp;user_application_page_mode
</UL>

<P><STRONG><a name="[7f]"></a>flash_test</STRONG> (Thumb, 252 bytes, Stack size 0 bytes, flash.o(.text), UNUSED)
<BR><BR>[Calls]<UL><LI><a href="#[7e]">&gt;&gt;</a>&nbsp;&nbsp;&nbsp;flash_erase
<LI><a href="#[7d]">&gt;&gt;</a>&nbsp;&nbsp;&nbsp;flash_write
<LI><a href="#[7c]">&gt;&gt;</a>&nbsp;&nbsp;&nbsp;flash_read
<LI><a href="#[25]">&gt;&gt;</a>&nbsp;&nbsp;&nbsp;uart2_printf
</UL>

<P><STRONG><a name="[58]"></a>Delay_ms</STRONG> (Thumb, 26 bytes, Stack size 0 bytes, rf_xvr_24.o(.text))
<BR><BR>[Called By]<UL><LI><a href="#[11a]">&gt;&gt;</a>&nbsp;&nbsp;&nbsp;usb_suspend_wakeup
<LI><a href="#[ca]">&gt;&gt;</a>&nbsp;&nbsp;&nbsp;application_page_mode
<LI><a href="#[c8]">&gt;&gt;</a>&nbsp;&nbsp;&nbsp;application_PCBA_mode
<LI><a href="#[b8]">&gt;&gt;</a>&nbsp;&nbsp;&nbsp;resync
<LI><a href="#[84]">&gt;&gt;</a>&nbsp;&nbsp;&nbsp;RF250_calibration
<LI><a href="#[82]">&gt;&gt;</a>&nbsp;&nbsp;&nbsp;kmod_calibration
<LI><a href="#[81]">&gt;&gt;</a>&nbsp;&nbsp;&nbsp;CLK32K_AutoCali_init
<LI><a href="#[80]">&gt;&gt;</a>&nbsp;&nbsp;&nbsp;pll_clk_calibration
<LI><a href="#[67]">&gt;&gt;</a>&nbsp;&nbsp;&nbsp;user_application_page_mode
<LI><a href="#[66]">&gt;&gt;</a>&nbsp;&nbsp;&nbsp;user_rf_receive_page_set
<LI><a href="#[63]">&gt;&gt;</a>&nbsp;&nbsp;&nbsp;user_application_normal_mode
<LI><a href="#[60]">&gt;&gt;</a>&nbsp;&nbsp;&nbsp;mouse_send
<LI><a href="#[5f]">&gt;&gt;</a>&nbsp;&nbsp;&nbsp;status_report
<LI><a href="#[53]">&gt;&gt;</a>&nbsp;&nbsp;&nbsp;user_rf_receive_set
<LI><a href="#[49]">&gt;&gt;</a>&nbsp;&nbsp;&nbsp;key_send
<LI><a href="#[2f]">&gt;&gt;</a>&nbsp;&nbsp;&nbsp;xvr_reg_initial
<LI><a href="#[30]">&gt;&gt;</a>&nbsp;&nbsp;&nbsp;mcu_clk_switch
</UL>

<P><STRONG><a name="[80]"></a>pll_clk_calibration</STRONG> (Thumb, 38 bytes, Stack size 0 bytes, rf_xvr_24.o(.text))
<BR><BR>[Calls]<UL><LI><a href="#[58]">&gt;&gt;</a>&nbsp;&nbsp;&nbsp;Delay_ms
</UL>
<BR>[Called By]<UL><LI><a href="#[2f]">&gt;&gt;</a>&nbsp;&nbsp;&nbsp;xvr_reg_initial
</UL>

<P><STRONG><a name="[6b]"></a>xvr_reg_initial_24</STRONG> (Thumb, 62 bytes, Stack size 0 bytes, rf_xvr_24.o(.text))
<BR><BR>[Called By]<UL><LI><a href="#[c6]">&gt;&gt;</a>&nbsp;&nbsp;&nbsp;fn24main
<LI><a href="#[37]">&gt;&gt;</a>&nbsp;&nbsp;&nbsp;user_fn24_main
</UL>

<P><STRONG><a name="[81]"></a>CLK32K_AutoCali_init</STRONG> (Thumb, 72 bytes, Stack size 0 bytes, rf_xvr_24.o(.text))
<BR><BR>[Calls]<UL><LI><a href="#[58]">&gt;&gt;</a>&nbsp;&nbsp;&nbsp;Delay_ms
</UL>
<BR>[Called By]<UL><LI><a href="#[2f]">&gt;&gt;</a>&nbsp;&nbsp;&nbsp;xvr_reg_initial
</UL>

<P><STRONG><a name="[82]"></a>kmod_calibration</STRONG> (Thumb, 254 bytes, Stack size 0 bytes, rf_xvr_24.o(.text))
<BR><BR>[Calls]<UL><LI><a href="#[5d]">&gt;&gt;</a>&nbsp;&nbsp;&nbsp;__aeabi_uidivmod
<LI><a href="#[58]">&gt;&gt;</a>&nbsp;&nbsp;&nbsp;Delay_ms
</UL>
<BR>[Called By]<UL><LI><a href="#[2f]">&gt;&gt;</a>&nbsp;&nbsp;&nbsp;xvr_reg_initial
</UL>

<P><STRONG><a name="[83]"></a>xtal_cal_set</STRONG> (Thumb, 26 bytes, Stack size 0 bytes, rf_xvr_24.o(.text))
<BR><BR>[Called By]<UL><LI><a href="#[2f]">&gt;&gt;</a>&nbsp;&nbsp;&nbsp;xvr_reg_initial
</UL>

<P><STRONG><a name="[2f]"></a>xvr_reg_initial</STRONG> (Thumb, 394 bytes, Stack size 0 bytes, rf_xvr_24.o(.text))
<BR><BR>[Calls]<UL><LI><a href="#[83]">&gt;&gt;</a>&nbsp;&nbsp;&nbsp;xtal_cal_set
<LI><a href="#[82]">&gt;&gt;</a>&nbsp;&nbsp;&nbsp;kmod_calibration
<LI><a href="#[81]">&gt;&gt;</a>&nbsp;&nbsp;&nbsp;CLK32K_AutoCali_init
<LI><a href="#[80]">&gt;&gt;</a>&nbsp;&nbsp;&nbsp;pll_clk_calibration
<LI><a href="#[58]">&gt;&gt;</a>&nbsp;&nbsp;&nbsp;Delay_ms
</UL>
<BR>[Called By]<UL><LI><a href="#[8]">&gt;&gt;</a>&nbsp;&nbsp;&nbsp;main
</UL>

<P><STRONG><a name="[89]"></a>Delay_us</STRONG> (Thumb, 20 bytes, Stack size 0 bytes, rf_xvr_24.o(.text))
<BR><BR>[Called By]<UL><LI><a href="#[e8]">&gt;&gt;</a>&nbsp;&nbsp;&nbsp;driver_rf_data_retrans
<LI><a href="#[ce]">&gt;&gt;</a>&nbsp;&nbsp;&nbsp;driver_rf_data_send
<LI><a href="#[d1]">&gt;&gt;</a>&nbsp;&nbsp;&nbsp;application_mouse_rf_send
<LI><a href="#[cc]">&gt;&gt;</a>&nbsp;&nbsp;&nbsp;application_mouse_channel_search
<LI><a href="#[c5]">&gt;&gt;</a>&nbsp;&nbsp;&nbsp;general_dongle_search
<LI><a href="#[cb]">&gt;&gt;</a>&nbsp;&nbsp;&nbsp;application_test_mode
<LI><a href="#[ca]">&gt;&gt;</a>&nbsp;&nbsp;&nbsp;application_page_mode
<LI><a href="#[c8]">&gt;&gt;</a>&nbsp;&nbsp;&nbsp;application_PCBA_mode
<LI><a href="#[bd]">&gt;&gt;</a>&nbsp;&nbsp;&nbsp;app_sensor_3205_check
<LI><a href="#[ba]">&gt;&gt;</a>&nbsp;&nbsp;&nbsp;driver_sensor_paw3204_cpi_set_value
<LI><a href="#[b9]">&gt;&gt;</a>&nbsp;&nbsp;&nbsp;resync1
<LI><a href="#[96]">&gt;&gt;</a>&nbsp;&nbsp;&nbsp;calib_adc
<LI><a href="#[95]">&gt;&gt;</a>&nbsp;&nbsp;&nbsp;adc_get_value
<LI><a href="#[38]">&gt;&gt;</a>&nbsp;&nbsp;&nbsp;cpu_wakeup
<LI><a href="#[28]">&gt;&gt;</a>&nbsp;&nbsp;&nbsp;cpu_reset
</UL>

<P><STRONG><a name="[11b]"></a>Delay</STRONG> (Thumb, 20 bytes, Stack size 0 bytes, rf_xvr_24.o(.text), UNUSED)
<BR><BR>[Called By]<UL><LI><a href="#[11a]">&gt;&gt;</a>&nbsp;&nbsp;&nbsp;usb_suspend_wakeup
</UL>

<P><STRONG><a name="[84]"></a>RF250_calibration</STRONG> (Thumb, 754 bytes, Stack size 0 bytes, rf_xvr_24.o(.text), UNUSED)
<BR><BR>[Calls]<UL><LI><a href="#[5d]">&gt;&gt;</a>&nbsp;&nbsp;&nbsp;__aeabi_uidivmod
<LI><a href="#[58]">&gt;&gt;</a>&nbsp;&nbsp;&nbsp;Delay_ms
</UL>

<P><STRONG><a name="[8b]"></a>gpio_config</STRONG> (Thumb, 84 bytes, Stack size 0 bytes, gpio.o(.text))
<BR><BR>[Called By]<UL><LI><a href="#[e0]">&gt;&gt;</a>&nbsp;&nbsp;&nbsp;pcba_test_init
<LI><a href="#[b3]">&gt;&gt;</a>&nbsp;&nbsp;&nbsp;driver_sensor_paw3204_spi_init
<LI><a href="#[a5]">&gt;&gt;</a>&nbsp;&nbsp;&nbsp;uart_init
<LI><a href="#[94]">&gt;&gt;</a>&nbsp;&nbsp;&nbsp;adc_deinit
<LI><a href="#[90]">&gt;&gt;</a>&nbsp;&nbsp;&nbsp;test_reset_reason
<LI><a href="#[8a]">&gt;&gt;</a>&nbsp;&nbsp;&nbsp;deep_sleep_wakeup_set
<LI><a href="#[2c]">&gt;&gt;</a>&nbsp;&nbsp;&nbsp;uart2_init
<LI><a href="#[31]">&gt;&gt;</a>&nbsp;&nbsp;&nbsp;adc_init
</UL>

<P><STRONG><a name="[43]"></a>gpio_get_input</STRONG> (Thumb, 24 bytes, Stack size 0 bytes, gpio.o(.text), UNUSED)
<BR><BR>[Called By]<UL><LI><a href="#[df]">&gt;&gt;</a>&nbsp;&nbsp;&nbsp;REC_OneByte
<LI><a href="#[d1]">&gt;&gt;</a>&nbsp;&nbsp;&nbsp;application_mouse_rf_send
<LI><a href="#[42]">&gt;&gt;</a>&nbsp;&nbsp;&nbsp;app_mouse_wheel_scan
</UL>

<P><STRONG><a name="[86]"></a>gpio_set</STRONG> (Thumb, 34 bytes, Stack size 0 bytes, gpio.o(.text), UNUSED)
<BR><BR>[Called By]<UL><LI><a href="#[e0]">&gt;&gt;</a>&nbsp;&nbsp;&nbsp;pcba_test_init
<LI><a href="#[dd]">&gt;&gt;</a>&nbsp;&nbsp;&nbsp;LED_Toggle
<LI><a href="#[d4]">&gt;&gt;</a>&nbsp;&nbsp;&nbsp;LED_Ctrl
<LI><a href="#[c8]">&gt;&gt;</a>&nbsp;&nbsp;&nbsp;application_PCBA_mode
<LI><a href="#[b9]">&gt;&gt;</a>&nbsp;&nbsp;&nbsp;resync1
<LI><a href="#[b8]">&gt;&gt;</a>&nbsp;&nbsp;&nbsp;resync
<LI><a href="#[b3]">&gt;&gt;</a>&nbsp;&nbsp;&nbsp;driver_sensor_paw3204_spi_init
<LI><a href="#[85]">&gt;&gt;</a>&nbsp;&nbsp;&nbsp;gpio_triger
</UL>

<P><STRONG><a name="[88]"></a>gpio_set_int_mode</STRONG> (Thumb, 86 bytes, Stack size 0 bytes, gpio.o(.text), UNUSED)
<BR><BR>[Called By]<UL><LI><a href="#[87]">&gt;&gt;</a>&nbsp;&nbsp;&nbsp;gpio_wakeup_config
</UL>

<P><STRONG><a name="[2d]"></a>gpio_init</STRONG> (Thumb, 10 bytes, Stack size 0 bytes, gpio.o(.text))
<BR><BR>[Called By]<UL><LI><a href="#[8]">&gt;&gt;</a>&nbsp;&nbsp;&nbsp;main
</UL>

<P><STRONG><a name="[85]"></a>gpio_triger</STRONG> (Thumb, 20 bytes, Stack size 0 bytes, gpio.o(.text), UNUSED)
<BR><BR>[Calls]<UL><LI><a href="#[86]">&gt;&gt;</a>&nbsp;&nbsp;&nbsp;gpio_set
</UL>

<P><STRONG><a name="[34]"></a>gpio_cb_register</STRONG> (Thumb, 10 bytes, Stack size 0 bytes, gpio.o(.text))
<BR><BR>[Called By]<UL><LI><a href="#[8]">&gt;&gt;</a>&nbsp;&nbsp;&nbsp;main
</UL>

<P><STRONG><a name="[3c]"></a>gpio_isr</STRONG> (Thumb, 12 bytes, Stack size 0 bytes, gpio.o(.text))
<BR><BR>[Called By]<UL><LI><a href="#[21]">&gt;&gt;</a>&nbsp;&nbsp;&nbsp;intc_irq
</UL>

<P><STRONG><a name="[87]"></a>gpio_wakeup_config</STRONG> (Thumb, 4 bytes, Stack size 0 bytes, gpio.o(.text), UNUSED)
<BR><BR>[Calls]<UL><LI><a href="#[88]">&gt;&gt;</a>&nbsp;&nbsp;&nbsp;gpio_set_int_mode
</UL>
<BR>[Called By]<UL><LI><a href="#[8a]">&gt;&gt;</a>&nbsp;&nbsp;&nbsp;deep_sleep_wakeup_set
</UL>

<P><STRONG><a name="[2a]"></a>icu_init</STRONG> (Thumb, 86 bytes, Stack size 0 bytes, icu.o(.text))
<BR><BR>[Called By]<UL><LI><a href="#[8]">&gt;&gt;</a>&nbsp;&nbsp;&nbsp;main
</UL>

<P><STRONG><a name="[a2]"></a>icu_set_sleep_mode</STRONG> (Thumb, 6 bytes, Stack size 0 bytes, icu.o(.text))
<BR><BR>[Called By]<UL><LI><a href="#[a9]">&gt;&gt;</a>&nbsp;&nbsp;&nbsp;uart_rx_cmd_handler
<LI><a href="#[a1]">&gt;&gt;</a>&nbsp;&nbsp;&nbsp;uart2_rx_cmd_handler
</UL>

<P><STRONG><a name="[e]"></a>cpu_reduce_voltage_sleep</STRONG> (Thumb, 158 bytes, Stack size 0 bytes, icu.o(.text))
<BR><BR>[Called By]<UL><LI><a href="#[c8]">&gt;&gt;</a>&nbsp;&nbsp;&nbsp;application_PCBA_mode
</UL>
<BR>[Address Reference Count : 1]<UL><LI> icu.o(.text)
</UL>
<P><STRONG><a name="[38]"></a>cpu_wakeup</STRONG> (Thumb, 82 bytes, Stack size 0 bytes, icu.o(.text))
<BR><BR>[Calls]<UL><LI><a href="#[89]">&gt;&gt;</a>&nbsp;&nbsp;&nbsp;Delay_us
<LI><a href="#[62]">&gt;&gt;</a>&nbsp;&nbsp;&nbsp;__ARM_common_switch8 (via BLX)
</UL>
<BR>[Called By]<UL><LI><a href="#[21]">&gt;&gt;</a>&nbsp;&nbsp;&nbsp;intc_irq
</UL>

<P><STRONG><a name="[d9]"></a>cpu_idle_sleep</STRONG> (Thumb, 26 bytes, Stack size 0 bytes, icu.o(.text), UNUSED)
<BR><BR>[Called By]<UL><LI><a href="#[d8]">&gt;&gt;</a>&nbsp;&nbsp;&nbsp;application_mouse_idle_oscxmhz
</UL>

<P><STRONG><a name="[30]"></a>mcu_clk_switch</STRONG> (Thumb, 278 bytes, Stack size 0 bytes, icu.o(.text))
<BR><BR>[Calls]<UL><LI><a href="#[58]">&gt;&gt;</a>&nbsp;&nbsp;&nbsp;Delay_ms
<LI><a href="#[62]">&gt;&gt;</a>&nbsp;&nbsp;&nbsp;__ARM_common_switch8 (via BLX)
</UL>
<BR>[Called By]<UL><LI><a href="#[8]">&gt;&gt;</a>&nbsp;&nbsp;&nbsp;main
</UL>

<P><STRONG><a name="[8a]"></a>deep_sleep_wakeup_set</STRONG> (Thumb, 20 bytes, Stack size 0 bytes, icu.o(.text), UNUSED)
<BR><BR>[Calls]<UL><LI><a href="#[87]">&gt;&gt;</a>&nbsp;&nbsp;&nbsp;gpio_wakeup_config
<LI><a href="#[8b]">&gt;&gt;</a>&nbsp;&nbsp;&nbsp;gpio_config
</UL>
<BR>[Called By]<UL><LI><a href="#[90]">&gt;&gt;</a>&nbsp;&nbsp;&nbsp;test_reset_reason
</UL>

<P><STRONG><a name="[8e]"></a>cpu_delay</STRONG> (Thumb, 12 bytes, Stack size 0 bytes, icu.o(.text), UNUSED)
<BR><BR>[Called By]<UL><LI><a href="#[8d]">&gt;&gt;</a>&nbsp;&nbsp;&nbsp;deep_sleep
</UL>

<P><STRONG><a name="[8c]"></a>system_set_reset_reson</STRONG> (Thumb, 24 bytes, Stack size 0 bytes, icu.o(.text), UNUSED)
<BR><BR>[Calls]<UL><LI><a href="#[25]">&gt;&gt;</a>&nbsp;&nbsp;&nbsp;uart2_printf
</UL>
<BR>[Called By]<UL><LI><a href="#[8d]">&gt;&gt;</a>&nbsp;&nbsp;&nbsp;deep_sleep
</UL>

<P><STRONG><a name="[8d]"></a>deep_sleep</STRONG> (Thumb, 86 bytes, Stack size 0 bytes, icu.o(.text), UNUSED)
<BR><BR>[Calls]<UL><LI><a href="#[8c]">&gt;&gt;</a>&nbsp;&nbsp;&nbsp;system_set_reset_reson
<LI><a href="#[8e]">&gt;&gt;</a>&nbsp;&nbsp;&nbsp;cpu_delay
</UL>
<BR>[Called By]<UL><LI><a href="#[90]">&gt;&gt;</a>&nbsp;&nbsp;&nbsp;test_reset_reason
</UL>

<P><STRONG><a name="[28]"></a>cpu_reset</STRONG> (Thumb, 32 bytes, Stack size 0 bytes, icu.o(.text))
<BR><BR>[Calls]<UL><LI><a href="#[89]">&gt;&gt;</a>&nbsp;&nbsp;&nbsp;Delay_us
</UL>
<BR>[Called By]<UL><LI><a href="#[a9]">&gt;&gt;</a>&nbsp;&nbsp;&nbsp;uart_rx_cmd_handler
<LI><a href="#[a1]">&gt;&gt;</a>&nbsp;&nbsp;&nbsp;uart2_rx_cmd_handler
<LI><a href="#[97]">&gt;&gt;</a>&nbsp;&nbsp;&nbsp;check_low_volt_sleep
<LI><a href="#[6e]">&gt;&gt;</a>&nbsp;&nbsp;&nbsp;flash_write_sr
<LI><a href="#[24]">&gt;&gt;</a>&nbsp;&nbsp;&nbsp;platform_reset
</UL>

<P><STRONG><a name="[8f]"></a>system_reset_reson</STRONG> (Thumb, 150 bytes, Stack size 0 bytes, icu.o(.text), UNUSED)
<BR><BR>[Calls]<UL><LI><a href="#[25]">&gt;&gt;</a>&nbsp;&nbsp;&nbsp;uart2_printf
</UL>

<P><STRONG><a name="[90]"></a>test_reset_reason</STRONG> (Thumb, 278 bytes, Stack size 0 bytes, icu.o(.text), UNUSED)
<BR><BR>[Calls]<UL><LI><a href="#[8d]">&gt;&gt;</a>&nbsp;&nbsp;&nbsp;deep_sleep
<LI><a href="#[8a]">&gt;&gt;</a>&nbsp;&nbsp;&nbsp;deep_sleep_wakeup_set
<LI><a href="#[8b]">&gt;&gt;</a>&nbsp;&nbsp;&nbsp;gpio_config
</UL>

<P><STRONG><a name="[91]"></a>rw_sleep</STRONG> (Thumb, 30 bytes, Stack size 0 bytes, icu.o(.text))
<BR><BR>[Called By]<UL><LI><a href="#[10]">&gt;&gt;</a>&nbsp;&nbsp;&nbsp;cpu_24_reduce_voltage_sleep
<LI><a href="#[f]">&gt;&gt;</a>&nbsp;&nbsp;&nbsp;cpu_usb_reduce_voltage_sleep
</UL>

<P><STRONG><a name="[92]"></a>rw_wakeup</STRONG> (Thumb, 14 bytes, Stack size 0 bytes, icu.o(.text))
<BR><BR>[Called By]<UL><LI><a href="#[10]">&gt;&gt;</a>&nbsp;&nbsp;&nbsp;cpu_24_reduce_voltage_sleep
</UL>

<P><STRONG><a name="[f]"></a>cpu_usb_reduce_voltage_sleep</STRONG> (Thumb, 154 bytes, Stack size 0 bytes, icu.o(.text))
<BR><BR>[Calls]<UL><LI><a href="#[91]">&gt;&gt;</a>&nbsp;&nbsp;&nbsp;rw_sleep
<LI><a href="#[78]">&gt;&gt;</a>&nbsp;&nbsp;&nbsp;set_flash_clk
</UL>
<BR>[Address Reference Count : 1]<UL><LI> icu.o(.text)
</UL>
<P><STRONG><a name="[10]"></a>cpu_24_reduce_voltage_sleep</STRONG> (Thumb, 132 bytes, Stack size 0 bytes, icu.o(.text))
<BR><BR>[Calls]<UL><LI><a href="#[92]">&gt;&gt;</a>&nbsp;&nbsp;&nbsp;rw_wakeup
<LI><a href="#[91]">&gt;&gt;</a>&nbsp;&nbsp;&nbsp;rw_sleep
<LI><a href="#[78]">&gt;&gt;</a>&nbsp;&nbsp;&nbsp;set_flash_clk
</UL>
<BR>[Address Reference Count : 1]<UL><LI> icu.o(.text)
</UL>
<P><STRONG><a name="[93]"></a>cpu_24_wakeup</STRONG> (Thumb, 106 bytes, Stack size 0 bytes, icu.o(.text), UNUSED)
<BR><BR>[Calls]<UL><LI><a href="#[78]">&gt;&gt;</a>&nbsp;&nbsp;&nbsp;set_flash_clk
</UL>

<P><STRONG><a name="[e2]"></a>wdt_disable</STRONG> (Thumb, 16 bytes, Stack size 0 bytes, wdt.o(.text), UNUSED)
<BR><BR>[Called By]<UL><LI><a href="#[cb]">&gt;&gt;</a>&nbsp;&nbsp;&nbsp;application_test_mode
<LI><a href="#[c8]">&gt;&gt;</a>&nbsp;&nbsp;&nbsp;application_PCBA_mode
</UL>

<P><STRONG><a name="[31]"></a>adc_init</STRONG> (Thumb, 98 bytes, Stack size 0 bytes, adc.o(.text))
<BR><BR>[Calls]<UL><LI><a href="#[8b]">&gt;&gt;</a>&nbsp;&nbsp;&nbsp;gpio_config
</UL>
<BR>[Called By]<UL><LI><a href="#[cf]">&gt;&gt;</a>&nbsp;&nbsp;&nbsp;application_normal_mode_initial
<LI><a href="#[9c]">&gt;&gt;</a>&nbsp;&nbsp;&nbsp;get_temperature_value
<LI><a href="#[97]">&gt;&gt;</a>&nbsp;&nbsp;&nbsp;check_low_volt_sleep
<LI><a href="#[96]">&gt;&gt;</a>&nbsp;&nbsp;&nbsp;calib_adc
<LI><a href="#[8]">&gt;&gt;</a>&nbsp;&nbsp;&nbsp;main
</UL>

<P><STRONG><a name="[94]"></a>adc_deinit</STRONG> (Thumb, 48 bytes, Stack size 0 bytes, adc.o(.text), UNUSED)
<BR><BR>[Calls]<UL><LI><a href="#[8b]">&gt;&gt;</a>&nbsp;&nbsp;&nbsp;gpio_config
</UL>
<BR>[Called By]<UL><LI><a href="#[c8]">&gt;&gt;</a>&nbsp;&nbsp;&nbsp;application_PCBA_mode
<LI><a href="#[9c]">&gt;&gt;</a>&nbsp;&nbsp;&nbsp;get_temperature_value
</UL>

<P><STRONG><a name="[3b]"></a>adc_isr</STRONG> (Thumb, 18 bytes, Stack size 0 bytes, adc.o(.text))
<BR><BR>[Called By]<UL><LI><a href="#[21]">&gt;&gt;</a>&nbsp;&nbsp;&nbsp;intc_irq
</UL>

<P><STRONG><a name="[95]"></a>adc_get_value</STRONG> (Thumb, 88 bytes, Stack size 0 bytes, adc.o(.text), UNUSED)
<BR><BR>[Calls]<UL><LI><a href="#[89]">&gt;&gt;</a>&nbsp;&nbsp;&nbsp;Delay_us
</UL>
<BR>[Called By]<UL><LI><a href="#[dc]">&gt;&gt;</a>&nbsp;&nbsp;&nbsp;driver_lbd_process
<LI><a href="#[9c]">&gt;&gt;</a>&nbsp;&nbsp;&nbsp;get_temperature_value
<LI><a href="#[97]">&gt;&gt;</a>&nbsp;&nbsp;&nbsp;check_low_volt_sleep
<LI><a href="#[96]">&gt;&gt;</a>&nbsp;&nbsp;&nbsp;calib_adc
</UL>

<P><STRONG><a name="[96]"></a>calib_adc</STRONG> (Thumb, 104 bytes, Stack size 0 bytes, adc.o(.text), UNUSED)
<BR><BR>[Calls]<UL><LI><a href="#[5d]">&gt;&gt;</a>&nbsp;&nbsp;&nbsp;__aeabi_uidivmod
<LI><a href="#[95]">&gt;&gt;</a>&nbsp;&nbsp;&nbsp;adc_get_value
<LI><a href="#[89]">&gt;&gt;</a>&nbsp;&nbsp;&nbsp;Delay_us
<LI><a href="#[25]">&gt;&gt;</a>&nbsp;&nbsp;&nbsp;uart2_printf
<LI><a href="#[31]">&gt;&gt;</a>&nbsp;&nbsp;&nbsp;adc_init
</UL>

<P><STRONG><a name="[97]"></a>check_low_volt_sleep</STRONG> (Thumb, 132 bytes, Stack size 0 bytes, adc.o(.text), UNUSED)
<BR><BR>[Calls]<UL><LI><a href="#[98]">&gt;&gt;</a>&nbsp;&nbsp;&nbsp;__aeabi_ui2d
<LI><a href="#[99]">&gt;&gt;</a>&nbsp;&nbsp;&nbsp;__aeabi_dmul
<LI><a href="#[9b]">&gt;&gt;</a>&nbsp;&nbsp;&nbsp;__aeabi_d2uiz
<LI><a href="#[9a]">&gt;&gt;</a>&nbsp;&nbsp;&nbsp;__ARM_scalbn
<LI><a href="#[95]">&gt;&gt;</a>&nbsp;&nbsp;&nbsp;adc_get_value
<LI><a href="#[25]">&gt;&gt;</a>&nbsp;&nbsp;&nbsp;uart2_printf
<LI><a href="#[28]">&gt;&gt;</a>&nbsp;&nbsp;&nbsp;cpu_reset
<LI><a href="#[31]">&gt;&gt;</a>&nbsp;&nbsp;&nbsp;adc_init
</UL>

<P><STRONG><a name="[9c]"></a>get_temperature_value</STRONG> (Thumb, 74 bytes, Stack size 0 bytes, adc.o(.text), UNUSED)
<BR><BR>[Calls]<UL><LI><a href="#[95]">&gt;&gt;</a>&nbsp;&nbsp;&nbsp;adc_get_value
<LI><a href="#[94]">&gt;&gt;</a>&nbsp;&nbsp;&nbsp;adc_deinit
<LI><a href="#[31]">&gt;&gt;</a>&nbsp;&nbsp;&nbsp;adc_init
</UL>

<P><STRONG><a name="[2c]"></a>uart2_init</STRONG> (Thumb, 84 bytes, Stack size 0 bytes, uart2.o(.text))
<BR><BR>[Calls]<UL><LI><a href="#[5d]">&gt;&gt;</a>&nbsp;&nbsp;&nbsp;__aeabi_uidivmod
<LI><a href="#[8b]">&gt;&gt;</a>&nbsp;&nbsp;&nbsp;gpio_config
</UL>
<BR>[Called By]<UL><LI><a href="#[8]">&gt;&gt;</a>&nbsp;&nbsp;&nbsp;main
</UL>

<P><STRONG><a name="[a0]"></a>uart2_send</STRONG> (Thumb, 24 bytes, Stack size 0 bytes, uart2.o(.text))
<BR><BR>[Called By]<UL><LI><a href="#[a4]">&gt;&gt;</a>&nbsp;&nbsp;&nbsp;uart2_rx_cmd_respone
<LI><a href="#[25]">&gt;&gt;</a>&nbsp;&nbsp;&nbsp;uart2_printf
</UL>

<P><STRONG><a name="[9d]"></a>clear_uart2_buffer</STRONG> (Thumb, 30 bytes, Stack size 0 bytes, uart2.o(.text), UNUSED)
<BR><BR>[Calls]<UL><LI><a href="#[9e]">&gt;&gt;</a>&nbsp;&nbsp;&nbsp;__aeabi_memclr
</UL>

<P><STRONG><a name="[25]"></a>uart2_printf</STRONG> (Thumb, 38 bytes, Stack size 0 bytes, uart2.o(.text))
<BR><BR>[Calls]<UL><LI><a href="#[9f]">&gt;&gt;</a>&nbsp;&nbsp;&nbsp;vsprintf
<LI><a href="#[a0]">&gt;&gt;</a>&nbsp;&nbsp;&nbsp;uart2_send
</UL>
<BR>[Called By]<UL><LI><a href="#[119]">&gt;&gt;</a>&nbsp;&nbsp;&nbsp;check_usb_suspendmode
<LI><a href="#[10c]">&gt;&gt;</a>&nbsp;&nbsp;&nbsp;config_device
<LI><a href="#[109]">&gt;&gt;</a>&nbsp;&nbsp;&nbsp;_config_endp
<LI><a href="#[108]">&gt;&gt;</a>&nbsp;&nbsp;&nbsp;_build_pipTxBuf
<LI><a href="#[105]">&gt;&gt;</a>&nbsp;&nbsp;&nbsp;_build_pipRxBuf
<LI><a href="#[ce]">&gt;&gt;</a>&nbsp;&nbsp;&nbsp;driver_rf_data_send
<LI><a href="#[d1]">&gt;&gt;</a>&nbsp;&nbsp;&nbsp;application_mouse_rf_send
<LI><a href="#[dc]">&gt;&gt;</a>&nbsp;&nbsp;&nbsp;driver_lbd_process
<LI><a href="#[db]">&gt;&gt;</a>&nbsp;&nbsp;&nbsp;application_page_key_check
<LI><a href="#[d7]">&gt;&gt;</a>&nbsp;&nbsp;&nbsp;application_mouse_sleep_check
<LI><a href="#[cf]">&gt;&gt;</a>&nbsp;&nbsp;&nbsp;application_normal_mode_initial
<LI><a href="#[cc]">&gt;&gt;</a>&nbsp;&nbsp;&nbsp;application_mouse_channel_search
<LI><a href="#[c5]">&gt;&gt;</a>&nbsp;&nbsp;&nbsp;general_dongle_search
<LI><a href="#[cb]">&gt;&gt;</a>&nbsp;&nbsp;&nbsp;application_test_mode
<LI><a href="#[ca]">&gt;&gt;</a>&nbsp;&nbsp;&nbsp;application_page_mode
<LI><a href="#[c9]">&gt;&gt;</a>&nbsp;&nbsp;&nbsp;application_normal_mode
<LI><a href="#[c6]">&gt;&gt;</a>&nbsp;&nbsp;&nbsp;fn24main
<LI><a href="#[af]">&gt;&gt;</a>&nbsp;&nbsp;&nbsp;uart1_dma_read
<LI><a href="#[ad]">&gt;&gt;</a>&nbsp;&nbsp;&nbsp;uart1_dma_write
<LI><a href="#[ac]">&gt;&gt;</a>&nbsp;&nbsp;&nbsp;uart1_dma_isr_callback
<LI><a href="#[97]">&gt;&gt;</a>&nbsp;&nbsp;&nbsp;check_low_volt_sleep
<LI><a href="#[96]">&gt;&gt;</a>&nbsp;&nbsp;&nbsp;calib_adc
<LI><a href="#[8f]">&gt;&gt;</a>&nbsp;&nbsp;&nbsp;system_reset_reson
<LI><a href="#[8c]">&gt;&gt;</a>&nbsp;&nbsp;&nbsp;system_set_reset_reson
<LI><a href="#[7f]">&gt;&gt;</a>&nbsp;&nbsp;&nbsp;flash_test
<LI><a href="#[7d]">&gt;&gt;</a>&nbsp;&nbsp;&nbsp;flash_write
<LI><a href="#[74]">&gt;&gt;</a>&nbsp;&nbsp;&nbsp;flash_advance_init
<LI><a href="#[6e]">&gt;&gt;</a>&nbsp;&nbsp;&nbsp;flash_write_sr
<LI><a href="#[4e]">&gt;&gt;</a>&nbsp;&nbsp;&nbsp;fReadRFAddr
<LI><a href="#[67]">&gt;&gt;</a>&nbsp;&nbsp;&nbsp;user_application_page_mode
<LI><a href="#[61]">&gt;&gt;</a>&nbsp;&nbsp;&nbsp;user_rf_rx_handler
<LI><a href="#[53]">&gt;&gt;</a>&nbsp;&nbsp;&nbsp;user_rf_receive_set
<LI><a href="#[4c]">&gt;&gt;</a>&nbsp;&nbsp;&nbsp;app_aes_test
<LI><a href="#[41]">&gt;&gt;</a>&nbsp;&nbsp;&nbsp;dma_isr
<LI><a href="#[24]">&gt;&gt;</a>&nbsp;&nbsp;&nbsp;platform_reset
<LI><a href="#[8]">&gt;&gt;</a>&nbsp;&nbsp;&nbsp;main
</UL>

<P><STRONG><a name="[a1]"></a>uart2_rx_cmd_handler</STRONG> (Thumb, 78 bytes, Stack size 0 bytes, uart2.o(.text))
<BR><BR>[Calls]<UL><LI><a href="#[a2]">&gt;&gt;</a>&nbsp;&nbsp;&nbsp;icu_set_sleep_mode
<LI><a href="#[28]">&gt;&gt;</a>&nbsp;&nbsp;&nbsp;cpu_reset
</UL>
<BR>[Called By]<UL><LI><a href="#[a3]">&gt;&gt;</a>&nbsp;&nbsp;&nbsp;uart2_rx_handler
</UL>

<P><STRONG><a name="[a3]"></a>uart2_rx_handler</STRONG> (Thumb, 96 bytes, Stack size 0 bytes, uart2.o(.text))
<BR><BR>[Calls]<UL><LI><a href="#[a1]">&gt;&gt;</a>&nbsp;&nbsp;&nbsp;uart2_rx_cmd_handler
<LI><a href="#[62]">&gt;&gt;</a>&nbsp;&nbsp;&nbsp;__ARM_common_switch8 (via BLX)
</UL>
<BR>[Called By]<UL><LI><a href="#[3a]">&gt;&gt;</a>&nbsp;&nbsp;&nbsp;uart2_isr
</UL>

<P><STRONG><a name="[3a]"></a>uart2_isr</STRONG> (Thumb, 68 bytes, Stack size 0 bytes, uart2.o(.text))
<BR><BR>[Calls]<UL><LI><a href="#[a3]">&gt;&gt;</a>&nbsp;&nbsp;&nbsp;uart2_rx_handler
</UL>
<BR>[Called By]<UL><LI><a href="#[21]">&gt;&gt;</a>&nbsp;&nbsp;&nbsp;intc_irq
</UL>

<P><STRONG><a name="[a4]"></a>uart2_rx_cmd_respone</STRONG> (Thumb, 58 bytes, Stack size 0 bytes, uart2.o(.text), UNUSED)
<BR><BR>[Calls]<UL><LI><a href="#[4b]">&gt;&gt;</a>&nbsp;&nbsp;&nbsp;__aeabi_memcpy
<LI><a href="#[a0]">&gt;&gt;</a>&nbsp;&nbsp;&nbsp;uart2_send
</UL>

<P><STRONG><a name="[a5]"></a>uart_init</STRONG> (Thumb, 104 bytes, Stack size 0 bytes, uart.o(.text), UNUSED)
<BR><BR>[Calls]<UL><LI><a href="#[5d]">&gt;&gt;</a>&nbsp;&nbsp;&nbsp;__aeabi_uidivmod
<LI><a href="#[8b]">&gt;&gt;</a>&nbsp;&nbsp;&nbsp;gpio_config
</UL>

<P><STRONG><a name="[a7]"></a>uart_send</STRONG> (Thumb, 32 bytes, Stack size 0 bytes, uart.o(.text), UNUSED)
<BR><BR>[Called By]<UL><LI><a href="#[ab]">&gt;&gt;</a>&nbsp;&nbsp;&nbsp;uart_rx_cmd_respone
<LI><a href="#[a8]">&gt;&gt;</a>&nbsp;&nbsp;&nbsp;uart_printf_dut
<LI><a href="#[a6]">&gt;&gt;</a>&nbsp;&nbsp;&nbsp;uart0_printf
</UL>

<P><STRONG><a name="[a6]"></a>uart0_printf</STRONG> (Thumb, 48 bytes, Stack size 0 bytes, uart.o(.text), UNUSED)
<BR><BR>[Calls]<UL><LI><a href="#[9f]">&gt;&gt;</a>&nbsp;&nbsp;&nbsp;vsprintf
<LI><a href="#[a7]">&gt;&gt;</a>&nbsp;&nbsp;&nbsp;uart_send
</UL>

<P><STRONG><a name="[a8]"></a>uart_printf_dut</STRONG> (Thumb, 32 bytes, Stack size 0 bytes, uart.o(.text), UNUSED)
<BR><BR>[Calls]<UL><LI><a href="#[9f]">&gt;&gt;</a>&nbsp;&nbsp;&nbsp;vsprintf
<LI><a href="#[a7]">&gt;&gt;</a>&nbsp;&nbsp;&nbsp;uart_send
</UL>

<P><STRONG><a name="[a9]"></a>uart_rx_cmd_handler</STRONG> (Thumb, 88 bytes, Stack size 0 bytes, uart.o(.text))
<BR><BR>[Calls]<UL><LI><a href="#[a2]">&gt;&gt;</a>&nbsp;&nbsp;&nbsp;icu_set_sleep_mode
<LI><a href="#[28]">&gt;&gt;</a>&nbsp;&nbsp;&nbsp;cpu_reset
</UL>
<BR>[Called By]<UL><LI><a href="#[aa]">&gt;&gt;</a>&nbsp;&nbsp;&nbsp;uart_rx_handler
</UL>

<P><STRONG><a name="[aa]"></a>uart_rx_handler</STRONG> (Thumb, 96 bytes, Stack size 0 bytes, uart.o(.text))
<BR><BR>[Calls]<UL><LI><a href="#[a9]">&gt;&gt;</a>&nbsp;&nbsp;&nbsp;uart_rx_cmd_handler
<LI><a href="#[62]">&gt;&gt;</a>&nbsp;&nbsp;&nbsp;__ARM_common_switch8 (via BLX)
</UL>
<BR>[Called By]<UL><LI><a href="#[39]">&gt;&gt;</a>&nbsp;&nbsp;&nbsp;uart_isr
</UL>

<P><STRONG><a name="[39]"></a>uart_isr</STRONG> (Thumb, 82 bytes, Stack size 0 bytes, uart.o(.text))
<BR><BR>[Calls]<UL><LI><a href="#[aa]">&gt;&gt;</a>&nbsp;&nbsp;&nbsp;uart_rx_handler
</UL>
<BR>[Called By]<UL><LI><a href="#[21]">&gt;&gt;</a>&nbsp;&nbsp;&nbsp;intc_irq
</UL>

<P><STRONG><a name="[ab]"></a>uart_rx_cmd_respone</STRONG> (Thumb, 58 bytes, Stack size 0 bytes, uart.o(.text), UNUSED)
<BR><BR>[Calls]<UL><LI><a href="#[4b]">&gt;&gt;</a>&nbsp;&nbsp;&nbsp;__aeabi_memcpy
<LI><a href="#[a7]">&gt;&gt;</a>&nbsp;&nbsp;&nbsp;uart_send
</UL>

<P><STRONG><a name="[ac]"></a>uart1_dma_isr_callback</STRONG> (Thumb, 26 bytes, Stack size 0 bytes, uart.o(.text))
<BR><BR>[Calls]<UL><LI><a href="#[25]">&gt;&gt;</a>&nbsp;&nbsp;&nbsp;uart2_printf
</UL>
<BR>[Called By]<UL><LI><a href="#[41]">&gt;&gt;</a>&nbsp;&nbsp;&nbsp;dma_isr
</UL>

<P><STRONG><a name="[ad]"></a>uart1_dma_write</STRONG> (Thumb, 38 bytes, Stack size 0 bytes, uart.o(.text), UNUSED)
<BR><BR>[Calls]<UL><LI><a href="#[ae]">&gt;&gt;</a>&nbsp;&nbsp;&nbsp;dma_config_write
<LI><a href="#[25]">&gt;&gt;</a>&nbsp;&nbsp;&nbsp;uart2_printf
</UL>

<P><STRONG><a name="[af]"></a>uart1_dma_read</STRONG> (Thumb, 38 bytes, Stack size 0 bytes, uart.o(.text), UNUSED)
<BR><BR>[Calls]<UL><LI><a href="#[b0]">&gt;&gt;</a>&nbsp;&nbsp;&nbsp;dma_config_read
<LI><a href="#[25]">&gt;&gt;</a>&nbsp;&nbsp;&nbsp;uart2_printf
</UL>

<P><STRONG><a name="[ae]"></a>dma_config_write</STRONG> (Thumb, 48 bytes, Stack size 0 bytes, dma.o(.text), UNUSED)
<BR><BR>[Called By]<UL><LI><a href="#[ad]">&gt;&gt;</a>&nbsp;&nbsp;&nbsp;uart1_dma_write
</UL>

<P><STRONG><a name="[b0]"></a>dma_config_read</STRONG> (Thumb, 48 bytes, Stack size 0 bytes, dma.o(.text), UNUSED)
<BR><BR>[Called By]<UL><LI><a href="#[af]">&gt;&gt;</a>&nbsp;&nbsp;&nbsp;uart1_dma_read
</UL>

<P><STRONG><a name="[41]"></a>dma_isr</STRONG> (Thumb, 58 bytes, Stack size 0 bytes, dma.o(.text))
<BR><BR>[Calls]<UL><LI><a href="#[ac]">&gt;&gt;</a>&nbsp;&nbsp;&nbsp;uart1_dma_isr_callback
<LI><a href="#[25]">&gt;&gt;</a>&nbsp;&nbsp;&nbsp;uart2_printf
</UL>
<BR>[Called By]<UL><LI><a href="#[1f]">&gt;&gt;</a>&nbsp;&nbsp;&nbsp;intc_fiq
</UL>

<P><STRONG><a name="[52]"></a>timer_cb_register</STRONG> (Thumb, 82 bytes, Stack size 0 bytes, driver_timer.o(.text))
<BR><BR>[Called By]<UL><LI><a href="#[c2]">&gt;&gt;</a>&nbsp;&nbsp;&nbsp;application_initial
<LI><a href="#[4d]">&gt;&gt;</a>&nbsp;&nbsp;&nbsp;user_application_initial
</UL>

<P><STRONG><a name="[50]"></a>Timer_Initial</STRONG> (Thumb, 88 bytes, Stack size 0 bytes, driver_timer.o(.text))
<BR><BR>[Called By]<UL><LI><a href="#[c2]">&gt;&gt;</a>&nbsp;&nbsp;&nbsp;application_initial
<LI><a href="#[4d]">&gt;&gt;</a>&nbsp;&nbsp;&nbsp;user_application_initial
</UL>

<P><STRONG><a name="[51]"></a>Timer0_Start</STRONG> (Thumb, 104 bytes, Stack size 0 bytes, driver_timer.o(.text))
<BR><BR>[Calls]<UL><LI><a href="#[5d]">&gt;&gt;</a>&nbsp;&nbsp;&nbsp;__aeabi_uidivmod
</UL>
<BR>[Called By]<UL><LI><a href="#[e0]">&gt;&gt;</a>&nbsp;&nbsp;&nbsp;pcba_test_init
<LI><a href="#[c2]">&gt;&gt;</a>&nbsp;&nbsp;&nbsp;application_initial
<LI><a href="#[4d]">&gt;&gt;</a>&nbsp;&nbsp;&nbsp;user_application_initial
</UL>

<P><STRONG><a name="[46]"></a>Timer0_1m5_Start</STRONG> (Thumb, 84 bytes, Stack size 0 bytes, driver_timer.o(.text), UNUSED)
<BR><BR>[Calls]<UL><LI><a href="#[5d]">&gt;&gt;</a>&nbsp;&nbsp;&nbsp;__aeabi_uidivmod
</UL>
<BR>[Called By]<UL><LI><a href="#[44]">&gt;&gt;</a>&nbsp;&nbsp;&nbsp;driver_timer0_reset
</UL>

<P><STRONG><a name="[b1]"></a>Timer1_Start</STRONG> (Thumb, 100 bytes, Stack size 0 bytes, driver_timer.o(.text), UNUSED)
<BR><BR>[Calls]<UL><LI><a href="#[5d]">&gt;&gt;</a>&nbsp;&nbsp;&nbsp;__aeabi_uidivmod
</UL>

<P><STRONG><a name="[b2]"></a>Timer1_ReStart</STRONG> (Thumb, 82 bytes, Stack size 0 bytes, driver_timer.o(.text), UNUSED)
<BR><BR>[Calls]<UL><LI><a href="#[5d]">&gt;&gt;</a>&nbsp;&nbsp;&nbsp;__aeabi_uidivmod
</UL>

<P><STRONG><a name="[45]"></a>Timer0_Stop</STRONG> (Thumb, 64 bytes, Stack size 0 bytes, driver_timer.o(.text), UNUSED)
<BR><BR>[Called By]<UL><LI><a href="#[e0]">&gt;&gt;</a>&nbsp;&nbsp;&nbsp;pcba_test_init
<LI><a href="#[c8]">&gt;&gt;</a>&nbsp;&nbsp;&nbsp;application_PCBA_mode
<LI><a href="#[44]">&gt;&gt;</a>&nbsp;&nbsp;&nbsp;driver_timer0_reset
</UL>

<P><STRONG><a name="[3d]"></a>Timer_ISR0</STRONG> (Thumb, 84 bytes, Stack size 0 bytes, driver_timer.o(.text))
<BR><BR>[Called By]<UL><LI><a href="#[21]">&gt;&gt;</a>&nbsp;&nbsp;&nbsp;intc_irq
</UL>

<P><STRONG><a name="[3e]"></a>Timer_ISR1</STRONG> (Thumb, 84 bytes, Stack size 0 bytes, driver_timer.o(.text))
<BR><BR>[Called By]<UL><LI><a href="#[21]">&gt;&gt;</a>&nbsp;&nbsp;&nbsp;intc_irq
</UL>

<P><STRONG><a name="[b3]"></a>driver_sensor_paw3204_spi_init</STRONG> (Thumb, 58 bytes, Stack size 0 bytes, driver_sensor.o(.text), UNUSED)
<BR><BR>[Calls]<UL><LI><a href="#[86]">&gt;&gt;</a>&nbsp;&nbsp;&nbsp;gpio_set
<LI><a href="#[8b]">&gt;&gt;</a>&nbsp;&nbsp;&nbsp;gpio_config
</UL>
<BR>[Called By]<UL><LI><a href="#[bc]">&gt;&gt;</a>&nbsp;&nbsp;&nbsp;app_sensor_init
</UL>

<P><STRONG><a name="[b5]"></a>driver_sensor_paw3204_send_byte</STRONG> (Thumb, 58 bytes, Stack size 0 bytes, driver_sensor.o(.text), UNUSED)
<BR><BR>[Called By]<UL><LI><a href="#[b7]">&gt;&gt;</a>&nbsp;&nbsp;&nbsp;driver_sensor_paw3204_send_data
<LI><a href="#[b4]">&gt;&gt;</a>&nbsp;&nbsp;&nbsp;driver_sensor_paw3204_read_data
</UL>

<P><STRONG><a name="[b6]"></a>driver_sensor_paw3204_read_byte</STRONG> (Thumb, 64 bytes, Stack size 0 bytes, driver_sensor.o(.text), UNUSED)
<BR><BR>[Called By]<UL><LI><a href="#[b4]">&gt;&gt;</a>&nbsp;&nbsp;&nbsp;driver_sensor_paw3204_read_data
</UL>

<P><STRONG><a name="[b4]"></a>driver_sensor_paw3204_read_data</STRONG> (Thumb, 44 bytes, Stack size 0 bytes, driver_sensor.o(.text), UNUSED)
<BR><BR>[Calls]<UL><LI><a href="#[b6]">&gt;&gt;</a>&nbsp;&nbsp;&nbsp;driver_sensor_paw3204_read_byte
<LI><a href="#[b5]">&gt;&gt;</a>&nbsp;&nbsp;&nbsp;driver_sensor_paw3204_send_byte
</UL>
<BR>[Called By]<UL><LI><a href="#[bf]">&gt;&gt;</a>&nbsp;&nbsp;&nbsp;driver_sensor_check_up
<LI><a href="#[bb]">&gt;&gt;</a>&nbsp;&nbsp;&nbsp;app_sensor_get_id
<LI><a href="#[ba]">&gt;&gt;</a>&nbsp;&nbsp;&nbsp;driver_sensor_paw3204_cpi_set_value
</UL>

<P><STRONG><a name="[b7]"></a>driver_sensor_paw3204_send_data</STRONG> (Thumb, 20 bytes, Stack size 0 bytes, driver_sensor.o(.text), UNUSED)
<BR><BR>[Calls]<UL><LI><a href="#[b5]">&gt;&gt;</a>&nbsp;&nbsp;&nbsp;driver_sensor_paw3204_send_byte
</UL>
<BR>[Called By]<UL><LI><a href="#[ba]">&gt;&gt;</a>&nbsp;&nbsp;&nbsp;driver_sensor_paw3204_cpi_set_value
</UL>

<P><STRONG><a name="[b8]"></a>resync</STRONG> (Thumb, 32 bytes, Stack size 0 bytes, driver_sensor.o(.text), UNUSED)
<BR><BR>[Calls]<UL><LI><a href="#[86]">&gt;&gt;</a>&nbsp;&nbsp;&nbsp;gpio_set
<LI><a href="#[58]">&gt;&gt;</a>&nbsp;&nbsp;&nbsp;Delay_ms
</UL>
<BR>[Called By]<UL><LI><a href="#[bb]">&gt;&gt;</a>&nbsp;&nbsp;&nbsp;app_sensor_get_id
</UL>

<P><STRONG><a name="[b9]"></a>resync1</STRONG> (Thumb, 32 bytes, Stack size 0 bytes, driver_sensor.o(.text), UNUSED)
<BR><BR>[Calls]<UL><LI><a href="#[86]">&gt;&gt;</a>&nbsp;&nbsp;&nbsp;gpio_set
<LI><a href="#[89]">&gt;&gt;</a>&nbsp;&nbsp;&nbsp;Delay_us
</UL>

<P><STRONG><a name="[ba]"></a>driver_sensor_paw3204_cpi_set_value</STRONG> (Thumb, 106 bytes, Stack size 0 bytes, driver_sensor.o(.text), UNUSED)
<BR><BR>[Calls]<UL><LI><a href="#[b7]">&gt;&gt;</a>&nbsp;&nbsp;&nbsp;driver_sensor_paw3204_send_data
<LI><a href="#[b4]">&gt;&gt;</a>&nbsp;&nbsp;&nbsp;driver_sensor_paw3204_read_data
<LI><a href="#[89]">&gt;&gt;</a>&nbsp;&nbsp;&nbsp;Delay_us
</UL>

<P><STRONG><a name="[bb]"></a>app_sensor_get_id</STRONG> (Thumb, 64 bytes, Stack size 0 bytes, driver_sensor.o(.text), UNUSED)
<BR><BR>[Calls]<UL><LI><a href="#[b8]">&gt;&gt;</a>&nbsp;&nbsp;&nbsp;resync
<LI><a href="#[b4]">&gt;&gt;</a>&nbsp;&nbsp;&nbsp;driver_sensor_paw3204_read_data
</UL>

<P><STRONG><a name="[bc]"></a>app_sensor_init</STRONG> (Thumb, 10 bytes, Stack size 0 bytes, driver_sensor.o(.text), UNUSED)
<BR><BR>[Calls]<UL><LI><a href="#[b3]">&gt;&gt;</a>&nbsp;&nbsp;&nbsp;driver_sensor_paw3204_spi_init
</UL>
<BR>[Called By]<UL><LI><a href="#[e1]">&gt;&gt;</a>&nbsp;&nbsp;&nbsp;send_bind_result
<LI><a href="#[ca]">&gt;&gt;</a>&nbsp;&nbsp;&nbsp;application_page_mode
</UL>

<P><STRONG><a name="[bd]"></a>app_sensor_3205_check</STRONG> (Thumb, 110 bytes, Stack size 0 bytes, driver_sensor.o(.text), UNUSED)
<BR><BR>[Calls]<UL><LI><a href="#[89]">&gt;&gt;</a>&nbsp;&nbsp;&nbsp;Delay_us
</UL>
<BR>[Called By]<UL><LI><a href="#[be]">&gt;&gt;</a>&nbsp;&nbsp;&nbsp;app_sensor_check
</UL>

<P><STRONG><a name="[be]"></a>app_sensor_check</STRONG> (Thumb, 2 bytes, Stack size 0 bytes, driver_sensor.o(.text), UNUSED)
<BR><BR>[Calls]<UL><LI><a href="#[bd]">&gt;&gt;</a>&nbsp;&nbsp;&nbsp;app_sensor_3205_check
</UL>
<BR>[Called By]<UL><LI><a href="#[c9]">&gt;&gt;</a>&nbsp;&nbsp;&nbsp;application_normal_mode
</UL>

<P><STRONG><a name="[bf]"></a>driver_sensor_check_up</STRONG> (Thumb, 44 bytes, Stack size 0 bytes, driver_sensor.o(.text), UNUSED)
<BR><BR>[Calls]<UL><LI><a href="#[b4]">&gt;&gt;</a>&nbsp;&nbsp;&nbsp;driver_sensor_paw3204_read_data
</UL>

<P><STRONG><a name="[e4]"></a>app_sensor_powerdown</STRONG> (Thumb, 2 bytes, Stack size 0 bytes, driver_sensor.o(.text), UNUSED)
<BR><BR>[Called By]<UL><LI><a href="#[c8]">&gt;&gt;</a>&nbsp;&nbsp;&nbsp;application_PCBA_mode
</UL>

<P><STRONG><a name="[4f]"></a>f24Init</STRONG> (Thumb, 14 bytes, Stack size 0 bytes, application_main.o(.text))
<BR><BR>[Calls]<UL><LI><a href="#[c1]">&gt;&gt;</a>&nbsp;&nbsp;&nbsp;SetDataRate
<LI><a href="#[c0]">&gt;&gt;</a>&nbsp;&nbsp;&nbsp;Rf_Init
</UL>
<BR>[Called By]<UL><LI><a href="#[c2]">&gt;&gt;</a>&nbsp;&nbsp;&nbsp;application_initial
<LI><a href="#[4d]">&gt;&gt;</a>&nbsp;&nbsp;&nbsp;user_application_initial
</UL>

<P><STRONG><a name="[6a]"></a>f24GetFreqConfigValue</STRONG> (Thumb, 38 bytes, Stack size 0 bytes, application_main.o(.text))
<BR><BR>[Called By]<UL><LI><a href="#[ca]">&gt;&gt;</a>&nbsp;&nbsp;&nbsp;application_page_mode
<LI><a href="#[67]">&gt;&gt;</a>&nbsp;&nbsp;&nbsp;user_application_page_mode
</UL>

<P><STRONG><a name="[4e]"></a>fReadRFAddr</STRONG> (Thumb, 92 bytes, Stack size 0 bytes, application_main.o(.text))
<BR><BR>[Calls]<UL><LI><a href="#[7c]">&gt;&gt;</a>&nbsp;&nbsp;&nbsp;flash_read
<LI><a href="#[25]">&gt;&gt;</a>&nbsp;&nbsp;&nbsp;uart2_printf
</UL>
<BR>[Called By]<UL><LI><a href="#[c2]">&gt;&gt;</a>&nbsp;&nbsp;&nbsp;application_initial
<LI><a href="#[4d]">&gt;&gt;</a>&nbsp;&nbsp;&nbsp;user_application_initial
</UL>

<P><STRONG><a name="[c2]"></a>application_initial</STRONG> (Thumb, 76 bytes, Stack size 0 bytes, application_main.o(.text), UNUSED)
<BR><BR>[Calls]<UL><LI><a href="#[7b]">&gt;&gt;</a>&nbsp;&nbsp;&nbsp;__aeabi_memclr4
<LI><a href="#[52]">&gt;&gt;</a>&nbsp;&nbsp;&nbsp;timer_cb_register
<LI><a href="#[4e]">&gt;&gt;</a>&nbsp;&nbsp;&nbsp;fReadRFAddr
<LI><a href="#[4f]">&gt;&gt;</a>&nbsp;&nbsp;&nbsp;f24Init
<LI><a href="#[50]">&gt;&gt;</a>&nbsp;&nbsp;&nbsp;Timer_Initial
<LI><a href="#[51]">&gt;&gt;</a>&nbsp;&nbsp;&nbsp;Timer0_Start
</UL>
<BR>[Called By]<UL><LI><a href="#[c6]">&gt;&gt;</a>&nbsp;&nbsp;&nbsp;fn24main
</UL>

<P><STRONG><a name="[c7]"></a>app_set_24page_timer</STRONG> (Thumb, 16 bytes, Stack size 0 bytes, application_main.o(.text), UNUSED)
<BR><BR>[Called By]<UL><LI><a href="#[c6]">&gt;&gt;</a>&nbsp;&nbsp;&nbsp;fn24main
</UL>

<P><STRONG><a name="[c3]"></a>fWorkModeInit</STRONG> (Thumb, 62 bytes, Stack size 0 bytes, application_main.o(.text), UNUSED)
<BR><BR>[Calls]<UL><LI><a href="#[c5]">&gt;&gt;</a>&nbsp;&nbsp;&nbsp;general_dongle_search
<LI><a href="#[c4]">&gt;&gt;</a>&nbsp;&nbsp;&nbsp;PowerUp_Rf
<LI><a href="#[56]">&gt;&gt;</a>&nbsp;&nbsp;&nbsp;driver_rf_ouput_power_value_set
<LI><a href="#[64]">&gt;&gt;</a>&nbsp;&nbsp;&nbsp;SwitchToTxMode
</UL>
<BR>[Called By]<UL><LI><a href="#[c6]">&gt;&gt;</a>&nbsp;&nbsp;&nbsp;fn24main
</UL>

<P><STRONG><a name="[c6]"></a>fn24main</STRONG> (Thumb, 68 bytes, Stack size 0 bytes, application_main.o(.text), UNUSED)
<BR><BR>[Calls]<UL><LI><a href="#[cb]">&gt;&gt;</a>&nbsp;&nbsp;&nbsp;application_test_mode
<LI><a href="#[ca]">&gt;&gt;</a>&nbsp;&nbsp;&nbsp;application_page_mode
<LI><a href="#[c9]">&gt;&gt;</a>&nbsp;&nbsp;&nbsp;application_normal_mode
<LI><a href="#[c8]">&gt;&gt;</a>&nbsp;&nbsp;&nbsp;application_PCBA_mode
<LI><a href="#[c3]">&gt;&gt;</a>&nbsp;&nbsp;&nbsp;fWorkModeInit
<LI><a href="#[c7]">&gt;&gt;</a>&nbsp;&nbsp;&nbsp;app_set_24page_timer
<LI><a href="#[c2]">&gt;&gt;</a>&nbsp;&nbsp;&nbsp;application_initial
<LI><a href="#[6b]">&gt;&gt;</a>&nbsp;&nbsp;&nbsp;xvr_reg_initial_24
<LI><a href="#[25]">&gt;&gt;</a>&nbsp;&nbsp;&nbsp;uart2_printf
</UL>

<P><STRONG><a name="[cc]"></a>application_mouse_channel_search</STRONG> (Thumb, 96 bytes, Stack size 0 bytes, application_mode_normal.o(.text), UNUSED)
<BR><BR>[Calls]<UL><LI><a href="#[ce]">&gt;&gt;</a>&nbsp;&nbsp;&nbsp;driver_rf_data_send
<LI><a href="#[cd]">&gt;&gt;</a>&nbsp;&nbsp;&nbsp;driver_rf_channel_switch
<LI><a href="#[89]">&gt;&gt;</a>&nbsp;&nbsp;&nbsp;Delay_us
<LI><a href="#[25]">&gt;&gt;</a>&nbsp;&nbsp;&nbsp;uart2_printf
</UL>
<BR>[Called By]<UL><LI><a href="#[d1]">&gt;&gt;</a>&nbsp;&nbsp;&nbsp;application_mouse_rf_send
<LI><a href="#[cf]">&gt;&gt;</a>&nbsp;&nbsp;&nbsp;application_normal_mode_initial
</UL>

<P><STRONG><a name="[cf]"></a>application_normal_mode_initial</STRONG> (Thumb, 116 bytes, Stack size 0 bytes, application_mode_normal.o(.text), UNUSED)
<BR><BR>[Calls]<UL><LI><a href="#[9e]">&gt;&gt;</a>&nbsp;&nbsp;&nbsp;__aeabi_memclr
<LI><a href="#[cc]">&gt;&gt;</a>&nbsp;&nbsp;&nbsp;application_mouse_channel_search
<LI><a href="#[c4]">&gt;&gt;</a>&nbsp;&nbsp;&nbsp;PowerUp_Rf
<LI><a href="#[64]">&gt;&gt;</a>&nbsp;&nbsp;&nbsp;SwitchToTxMode
<LI><a href="#[25]">&gt;&gt;</a>&nbsp;&nbsp;&nbsp;uart2_printf
<LI><a href="#[31]">&gt;&gt;</a>&nbsp;&nbsp;&nbsp;adc_init
</UL>
<BR>[Called By]<UL><LI><a href="#[c9]">&gt;&gt;</a>&nbsp;&nbsp;&nbsp;application_normal_mode
</UL>

<P><STRONG><a name="[d0]"></a>application_mouse_rf_send_check</STRONG> (Thumb, 126 bytes, Stack size 0 bytes, application_mode_normal.o(.text), UNUSED)
<BR><BR>[Calls]<UL><LI><a href="#[d3]">&gt;&gt;</a>&nbsp;&nbsp;&nbsp;driver_rf_maxRT_clear
<LI><a href="#[d2]">&gt;&gt;</a>&nbsp;&nbsp;&nbsp;application_mouse_rf_send_with_insistent_hop_16ch
<LI><a href="#[d1]">&gt;&gt;</a>&nbsp;&nbsp;&nbsp;application_mouse_rf_send
</UL>
<BR>[Called By]<UL><LI><a href="#[c9]">&gt;&gt;</a>&nbsp;&nbsp;&nbsp;application_normal_mode
</UL>

<P><STRONG><a name="[d4]"></a>LED_Ctrl</STRONG> (Thumb, 16 bytes, Stack size 0 bytes, application_mode_normal.o(.text), UNUSED)
<BR><BR>[Calls]<UL><LI><a href="#[86]">&gt;&gt;</a>&nbsp;&nbsp;&nbsp;gpio_set
</UL>
<BR>[Called By]<UL><LI><a href="#[d5]">&gt;&gt;</a>&nbsp;&nbsp;&nbsp;application_mouse_led_start
<LI><a href="#[ca]">&gt;&gt;</a>&nbsp;&nbsp;&nbsp;application_page_mode
</UL>

<P><STRONG><a name="[d5]"></a>application_mouse_led_start</STRONG> (Thumb, 34 bytes, Stack size 0 bytes, application_mode_normal.o(.text), UNUSED)
<BR><BR>[Calls]<UL><LI><a href="#[d4]">&gt;&gt;</a>&nbsp;&nbsp;&nbsp;LED_Ctrl
<LI><a href="#[d6]">&gt;&gt;</a>&nbsp;&nbsp;&nbsp;driver_delay_set_with_base_tick
</UL>
<BR>[Called By]<UL><LI><a href="#[d7]">&gt;&gt;</a>&nbsp;&nbsp;&nbsp;application_mouse_sleep_check
<LI><a href="#[cb]">&gt;&gt;</a>&nbsp;&nbsp;&nbsp;application_test_mode
</UL>

<P><STRONG><a name="[d7]"></a>application_mouse_sleep_check</STRONG> (Thumb, 172 bytes, Stack size 0 bytes, application_mode_normal.o(.text), UNUSED)
<BR><BR>[Calls]<UL><LI><a href="#[d5]">&gt;&gt;</a>&nbsp;&nbsp;&nbsp;application_mouse_led_start
<LI><a href="#[48]">&gt;&gt;</a>&nbsp;&nbsp;&nbsp;driver_delay_with_base_tick_expire_check
<LI><a href="#[d6]">&gt;&gt;</a>&nbsp;&nbsp;&nbsp;driver_delay_set_with_base_tick
<LI><a href="#[25]">&gt;&gt;</a>&nbsp;&nbsp;&nbsp;uart2_printf
</UL>

<P><STRONG><a name="[d8]"></a>application_mouse_idle_oscxmhz</STRONG> (Thumb, 28 bytes, Stack size 0 bytes, application_mode_normal.o(.text), UNUSED)
<BR><BR>[Calls]<UL><LI><a href="#[d9]">&gt;&gt;</a>&nbsp;&nbsp;&nbsp;cpu_idle_sleep
</UL>

<P><STRONG><a name="[da]"></a>application_mouse_wake_up_from_32khz</STRONG> (Thumb, 24 bytes, Stack size 0 bytes, application_mode_normal.o(.text), UNUSED)
<BR><BR>[Calls]<UL><LI><a href="#[c4]">&gt;&gt;</a>&nbsp;&nbsp;&nbsp;PowerUp_Rf
</UL>

<P><STRONG><a name="[db]"></a>application_page_key_check</STRONG> (Thumb, 54 bytes, Stack size 0 bytes, application_mode_normal.o(.text), UNUSED)
<BR><BR>[Calls]<UL><LI><a href="#[25]">&gt;&gt;</a>&nbsp;&nbsp;&nbsp;uart2_printf
</UL>
<BR>[Called By]<UL><LI><a href="#[ca]">&gt;&gt;</a>&nbsp;&nbsp;&nbsp;application_page_mode
<LI><a href="#[c9]">&gt;&gt;</a>&nbsp;&nbsp;&nbsp;application_normal_mode
</UL>

<P><STRONG><a name="[c9]"></a>application_normal_mode</STRONG> (Thumb, 82 bytes, Stack size 0 bytes, application_mode_normal.o(.text), UNUSED)
<BR><BR>[Calls]<UL><LI><a href="#[db]">&gt;&gt;</a>&nbsp;&nbsp;&nbsp;application_page_key_check
<LI><a href="#[d0]">&gt;&gt;</a>&nbsp;&nbsp;&nbsp;application_mouse_rf_send_check
<LI><a href="#[cf]">&gt;&gt;</a>&nbsp;&nbsp;&nbsp;application_normal_mode_initial
<LI><a href="#[be]">&gt;&gt;</a>&nbsp;&nbsp;&nbsp;app_sensor_check
<LI><a href="#[25]">&gt;&gt;</a>&nbsp;&nbsp;&nbsp;uart2_printf
</UL>
<BR>[Called By]<UL><LI><a href="#[c6]">&gt;&gt;</a>&nbsp;&nbsp;&nbsp;fn24main
</UL>

<P><STRONG><a name="[c5]"></a>general_dongle_search</STRONG> (Thumb, 334 bytes, Stack size 0 bytes, application_mode_normal.o(.text), UNUSED)
<BR><BR>[Calls]<UL><LI><a href="#[ce]">&gt;&gt;</a>&nbsp;&nbsp;&nbsp;driver_rf_data_send
<LI><a href="#[cd]">&gt;&gt;</a>&nbsp;&nbsp;&nbsp;driver_rf_channel_switch
<LI><a href="#[89]">&gt;&gt;</a>&nbsp;&nbsp;&nbsp;Delay_us
<LI><a href="#[55]">&gt;&gt;</a>&nbsp;&nbsp;&nbsp;memcpy_2461
<LI><a href="#[56]">&gt;&gt;</a>&nbsp;&nbsp;&nbsp;driver_rf_ouput_power_value_set
<LI><a href="#[25]">&gt;&gt;</a>&nbsp;&nbsp;&nbsp;uart2_printf
</UL>
<BR>[Called By]<UL><LI><a href="#[c3]">&gt;&gt;</a>&nbsp;&nbsp;&nbsp;fWorkModeInit
</UL>

<P><STRONG><a name="[dc]"></a>driver_lbd_process</STRONG> (Thumb, 94 bytes, Stack size 0 bytes, application_mode_normal.o(.text), UNUSED)
<BR><BR>[Calls]<UL><LI><a href="#[95]">&gt;&gt;</a>&nbsp;&nbsp;&nbsp;adc_get_value
<LI><a href="#[25]">&gt;&gt;</a>&nbsp;&nbsp;&nbsp;uart2_printf
</UL>

<P><STRONG><a name="[dd]"></a>LED_Toggle</STRONG> (Thumb, 24 bytes, Stack size 0 bytes, application_mode_normal.o(.text), UNUSED)
<BR><BR>[Calls]<UL><LI><a href="#[86]">&gt;&gt;</a>&nbsp;&nbsp;&nbsp;gpio_set
</UL>
<BR>[Called By]<UL><LI><a href="#[de]">&gt;&gt;</a>&nbsp;&nbsp;&nbsp;application_mouse_led_process
</UL>

<P><STRONG><a name="[de]"></a>application_mouse_led_process</STRONG> (Thumb, 44 bytes, Stack size 0 bytes, application_mode_normal.o(.text), UNUSED)
<BR><BR>[Calls]<UL><LI><a href="#[dd]">&gt;&gt;</a>&nbsp;&nbsp;&nbsp;LED_Toggle
<LI><a href="#[48]">&gt;&gt;</a>&nbsp;&nbsp;&nbsp;driver_delay_with_base_tick_expire_check
<LI><a href="#[d6]">&gt;&gt;</a>&nbsp;&nbsp;&nbsp;driver_delay_set_with_base_tick
</UL>
<BR>[Called By]<UL><LI><a href="#[cb]">&gt;&gt;</a>&nbsp;&nbsp;&nbsp;application_test_mode
</UL>

<P><STRONG><a name="[ca]"></a>application_page_mode</STRONG> (Thumb, 708 bytes, Stack size 0 bytes, application_mode_page.o(.text), UNUSED)
<BR><BR>[Calls]<UL><LI><a href="#[db]">&gt;&gt;</a>&nbsp;&nbsp;&nbsp;application_page_key_check
<LI><a href="#[d4]">&gt;&gt;</a>&nbsp;&nbsp;&nbsp;LED_Ctrl
<LI><a href="#[bc]">&gt;&gt;</a>&nbsp;&nbsp;&nbsp;app_sensor_init
<LI><a href="#[89]">&gt;&gt;</a>&nbsp;&nbsp;&nbsp;Delay_us
<LI><a href="#[55]">&gt;&gt;</a>&nbsp;&nbsp;&nbsp;memcpy_2461
<LI><a href="#[69]">&gt;&gt;</a>&nbsp;&nbsp;&nbsp;flash_write_some_data
<LI><a href="#[6a]">&gt;&gt;</a>&nbsp;&nbsp;&nbsp;f24GetFreqConfigValue
<LI><a href="#[68]">&gt;&gt;</a>&nbsp;&nbsp;&nbsp;driver_rf_receive_package
<LI><a href="#[56]">&gt;&gt;</a>&nbsp;&nbsp;&nbsp;driver_rf_ouput_power_value_set
<LI><a href="#[65]">&gt;&gt;</a>&nbsp;&nbsp;&nbsp;driver_rf_data_send_ACK
<LI><a href="#[64]">&gt;&gt;</a>&nbsp;&nbsp;&nbsp;SwitchToTxMode
<LI><a href="#[57]">&gt;&gt;</a>&nbsp;&nbsp;&nbsp;SwitchToRxMode
<LI><a href="#[58]">&gt;&gt;</a>&nbsp;&nbsp;&nbsp;Delay_ms
<LI><a href="#[25]">&gt;&gt;</a>&nbsp;&nbsp;&nbsp;uart2_printf
</UL>
<BR>[Called By]<UL><LI><a href="#[c6]">&gt;&gt;</a>&nbsp;&nbsp;&nbsp;fn24main
</UL>

<P><STRONG><a name="[df]"></a>REC_OneByte</STRONG> (Thumb, 90 bytes, Stack size 0 bytes, application_mode_pcba.o(.text), UNUSED)
<BR><BR>[Calls]<UL><LI><a href="#[43]">&gt;&gt;</a>&nbsp;&nbsp;&nbsp;gpio_get_input
</UL>
<BR>[Called By]<UL><LI><a href="#[c8]">&gt;&gt;</a>&nbsp;&nbsp;&nbsp;application_PCBA_mode
</UL>

<P><STRONG><a name="[e0]"></a>pcba_test_init</STRONG> (Thumb, 114 bytes, Stack size 0 bytes, application_mode_pcba.o(.text), UNUSED)
<BR><BR>[Calls]<UL><LI><a href="#[86]">&gt;&gt;</a>&nbsp;&nbsp;&nbsp;gpio_set
<LI><a href="#[8b]">&gt;&gt;</a>&nbsp;&nbsp;&nbsp;gpio_config
<LI><a href="#[55]">&gt;&gt;</a>&nbsp;&nbsp;&nbsp;memcpy_2461
<LI><a href="#[51]">&gt;&gt;</a>&nbsp;&nbsp;&nbsp;Timer0_Start
<LI><a href="#[64]">&gt;&gt;</a>&nbsp;&nbsp;&nbsp;SwitchToTxMode
<LI><a href="#[45]">&gt;&gt;</a>&nbsp;&nbsp;&nbsp;Timer0_Stop
</UL>
<BR>[Called By]<UL><LI><a href="#[c8]">&gt;&gt;</a>&nbsp;&nbsp;&nbsp;application_PCBA_mode
</UL>

<P><STRONG><a name="[e1]"></a>send_bind_result</STRONG> (Thumb, 126 bytes, Stack size 0 bytes, application_mode_pcba.o(.text), UNUSED)
<BR><BR>[Calls]<UL><LI><a href="#[ce]">&gt;&gt;</a>&nbsp;&nbsp;&nbsp;driver_rf_data_send
<LI><a href="#[bc]">&gt;&gt;</a>&nbsp;&nbsp;&nbsp;app_sensor_init
</UL>
<BR>[Called By]<UL><LI><a href="#[c8]">&gt;&gt;</a>&nbsp;&nbsp;&nbsp;application_PCBA_mode
</UL>

<P><STRONG><a name="[c8]"></a>application_PCBA_mode</STRONG> (Thumb, 358 bytes, Stack size 0 bytes, application_mode_pcba.o(.text), UNUSED)
<BR><BR>[Calls]<UL><LI><a href="#[e3]">&gt;&gt;</a>&nbsp;&nbsp;&nbsp;driver_rf_mode_single_wave
<LI><a href="#[e5]">&gt;&gt;</a>&nbsp;&nbsp;&nbsp;PowerDown_Rf
<LI><a href="#[e1]">&gt;&gt;</a>&nbsp;&nbsp;&nbsp;send_bind_result
<LI><a href="#[e0]">&gt;&gt;</a>&nbsp;&nbsp;&nbsp;pcba_test_init
<LI><a href="#[df]">&gt;&gt;</a>&nbsp;&nbsp;&nbsp;REC_OneByte
<LI><a href="#[c1]">&gt;&gt;</a>&nbsp;&nbsp;&nbsp;SetDataRate
<LI><a href="#[c0]">&gt;&gt;</a>&nbsp;&nbsp;&nbsp;Rf_Init
<LI><a href="#[c4]">&gt;&gt;</a>&nbsp;&nbsp;&nbsp;PowerUp_Rf
<LI><a href="#[e4]">&gt;&gt;</a>&nbsp;&nbsp;&nbsp;app_sensor_powerdown
<LI><a href="#[94]">&gt;&gt;</a>&nbsp;&nbsp;&nbsp;adc_deinit
<LI><a href="#[e2]">&gt;&gt;</a>&nbsp;&nbsp;&nbsp;wdt_disable
<LI><a href="#[e]">&gt;&gt;</a>&nbsp;&nbsp;&nbsp;cpu_reduce_voltage_sleep
<LI><a href="#[86]">&gt;&gt;</a>&nbsp;&nbsp;&nbsp;gpio_set
<LI><a href="#[89]">&gt;&gt;</a>&nbsp;&nbsp;&nbsp;Delay_us
<LI><a href="#[64]">&gt;&gt;</a>&nbsp;&nbsp;&nbsp;SwitchToTxMode
<LI><a href="#[58]">&gt;&gt;</a>&nbsp;&nbsp;&nbsp;Delay_ms
<LI><a href="#[45]">&gt;&gt;</a>&nbsp;&nbsp;&nbsp;Timer0_Stop
<LI><a href="#[c]">&gt;&gt;</a>&nbsp;&nbsp;&nbsp;app_gpio_sleep
</UL>
<BR>[Called By]<UL><LI><a href="#[c6]">&gt;&gt;</a>&nbsp;&nbsp;&nbsp;fn24main
</UL>

<P><STRONG><a name="[e3]"></a>driver_rf_mode_single_wave</STRONG> (Thumb, 50 bytes, Stack size 0 bytes, application_mode_test.o(.text), UNUSED)
<BR><BR>[Called By]<UL><LI><a href="#[cb]">&gt;&gt;</a>&nbsp;&nbsp;&nbsp;application_test_mode
<LI><a href="#[c8]">&gt;&gt;</a>&nbsp;&nbsp;&nbsp;application_PCBA_mode
</UL>

<P><STRONG><a name="[cb]"></a>application_test_mode</STRONG> (Thumb, 572 bytes, Stack size 0 bytes, application_mode_test.o(.text), UNUSED)
<BR><BR>[Calls]<UL><LI><a href="#[e6]">&gt;&gt;</a>&nbsp;&nbsp;&nbsp;driver_rf_data_send_noACK
<LI><a href="#[e3]">&gt;&gt;</a>&nbsp;&nbsp;&nbsp;driver_rf_mode_single_wave
<LI><a href="#[e5]">&gt;&gt;</a>&nbsp;&nbsp;&nbsp;PowerDown_Rf
<LI><a href="#[de]">&gt;&gt;</a>&nbsp;&nbsp;&nbsp;application_mouse_led_process
<LI><a href="#[d5]">&gt;&gt;</a>&nbsp;&nbsp;&nbsp;application_mouse_led_start
<LI><a href="#[c1]">&gt;&gt;</a>&nbsp;&nbsp;&nbsp;SetDataRate
<LI><a href="#[c0]">&gt;&gt;</a>&nbsp;&nbsp;&nbsp;Rf_Init
<LI><a href="#[c4]">&gt;&gt;</a>&nbsp;&nbsp;&nbsp;PowerUp_Rf
<LI><a href="#[e2]">&gt;&gt;</a>&nbsp;&nbsp;&nbsp;wdt_disable
<LI><a href="#[89]">&gt;&gt;</a>&nbsp;&nbsp;&nbsp;Delay_us
<LI><a href="#[56]">&gt;&gt;</a>&nbsp;&nbsp;&nbsp;driver_rf_ouput_power_value_set
<LI><a href="#[64]">&gt;&gt;</a>&nbsp;&nbsp;&nbsp;SwitchToTxMode
<LI><a href="#[57]">&gt;&gt;</a>&nbsp;&nbsp;&nbsp;SwitchToRxMode
<LI><a href="#[25]">&gt;&gt;</a>&nbsp;&nbsp;&nbsp;uart2_printf
</UL>
<BR>[Called By]<UL><LI><a href="#[c6]">&gt;&gt;</a>&nbsp;&nbsp;&nbsp;fn24main
</UL>

<P><STRONG><a name="[e7]"></a>application_mouse_rf_synchronize</STRONG> (Thumb, 22 bytes, Stack size 0 bytes, application_rf.o(.text), UNUSED)
<BR><BR>[Called By]<UL><LI><a href="#[d2]">&gt;&gt;</a>&nbsp;&nbsp;&nbsp;application_mouse_rf_send_with_insistent_hop_16ch
<LI><a href="#[d1]">&gt;&gt;</a>&nbsp;&nbsp;&nbsp;application_mouse_rf_send
</UL>

<P><STRONG><a name="[d2]"></a>application_mouse_rf_send_with_insistent_hop_16ch</STRONG> (Thumb, 110 bytes, Stack size 0 bytes, application_rf.o(.text), UNUSED)
<BR><BR>[Calls]<UL><LI><a href="#[e8]">&gt;&gt;</a>&nbsp;&nbsp;&nbsp;driver_rf_data_retrans
<LI><a href="#[e7]">&gt;&gt;</a>&nbsp;&nbsp;&nbsp;application_mouse_rf_synchronize
<LI><a href="#[ce]">&gt;&gt;</a>&nbsp;&nbsp;&nbsp;driver_rf_data_send
<LI><a href="#[cd]">&gt;&gt;</a>&nbsp;&nbsp;&nbsp;driver_rf_channel_switch
</UL>
<BR>[Called By]<UL><LI><a href="#[d1]">&gt;&gt;</a>&nbsp;&nbsp;&nbsp;application_mouse_rf_send
<LI><a href="#[d0]">&gt;&gt;</a>&nbsp;&nbsp;&nbsp;application_mouse_rf_send_check
</UL>

<P><STRONG><a name="[e9]"></a>application_mouse_rf_send_start</STRONG> (Thumb, 100 bytes, Stack size 0 bytes, application_rf.o(.text), UNUSED)
<BR><BR>[Calls]<UL><LI><a href="#[e8]">&gt;&gt;</a>&nbsp;&nbsp;&nbsp;driver_rf_data_retrans
<LI><a href="#[d3]">&gt;&gt;</a>&nbsp;&nbsp;&nbsp;driver_rf_maxRT_clear
<LI><a href="#[ce]">&gt;&gt;</a>&nbsp;&nbsp;&nbsp;driver_rf_data_send
</UL>
<BR>[Called By]<UL><LI><a href="#[d1]">&gt;&gt;</a>&nbsp;&nbsp;&nbsp;application_mouse_rf_send
</UL>

<P><STRONG><a name="[d1]"></a>application_mouse_rf_send</STRONG> (Thumb, 314 bytes, Stack size 0 bytes, application_rf.o(.text), UNUSED)
<BR><BR>[Calls]<UL><LI><a href="#[9e]">&gt;&gt;</a>&nbsp;&nbsp;&nbsp;__aeabi_memclr
<LI><a href="#[e9]">&gt;&gt;</a>&nbsp;&nbsp;&nbsp;application_mouse_rf_send_start
<LI><a href="#[e7]">&gt;&gt;</a>&nbsp;&nbsp;&nbsp;application_mouse_rf_synchronize
<LI><a href="#[cd]">&gt;&gt;</a>&nbsp;&nbsp;&nbsp;driver_rf_channel_switch
<LI><a href="#[d2]">&gt;&gt;</a>&nbsp;&nbsp;&nbsp;application_mouse_rf_send_with_insistent_hop_16ch
<LI><a href="#[cc]">&gt;&gt;</a>&nbsp;&nbsp;&nbsp;application_mouse_channel_search
[...]
<BR><BR>[Calls]<UL><LI><a href="#[f1]">&gt;&gt;</a>&nbsp;&nbsp;&nbsp;__aeabi_uread4
</UL>
<BR>[Called By]<UL><LI><a href="#[115]">&gt;&gt;</a>&nbsp;&nbsp;&nbsp;USBDesc_GetStringDesc
<LI><a href="#[114]">&gt;&gt;</a>&nbsp;&nbsp;&nbsp;USBDesc_GetHidRptDesc
</UL>

<P><STRONG><a name="[114]"></a>USBDesc_GetHidRptDesc</STRONG> (Thumb, 8 bytes, Stack size 0 bytes, usb_desc.o(.text))
<BR><BR>[Calls]<UL><LI><a href="#[11c]">&gt;&gt;</a>&nbsp;&nbsp;&nbsp;UsbDesc_Find
</UL>
<BR>[Called By]<UL><LI><a href="#[17]">&gt;&gt;</a>&nbsp;&nbsp;&nbsp;URB_GET_DESCRIPTOR
</UL>

<P><STRONG><a name="[115]"></a>USBDesc_GetStringDesc</STRONG> (Thumb, 8 bytes, Stack size 0 bytes, usb_desc.o(.text))
<BR><BR>[Calls]<UL><LI><a href="#[11c]">&gt;&gt;</a>&nbsp;&nbsp;&nbsp;UsbDesc_Find
</UL>
<BR>[Called By]<UL><LI><a href="#[17]">&gt;&gt;</a>&nbsp;&nbsp;&nbsp;URB_GET_DESCRIPTOR
</UL>

<P><STRONG><a name="[11d]"></a>SetRxParameter</STRONG> (Thumb, 40 bytes, Stack size 0 bytes, usbclass.o(.text), UNUSED)
<BR><BR>[Calls]<UL><LI><a href="#[f3]">&gt;&gt;</a>&nbsp;&nbsp;&nbsp;__aeabi_uwrite4
</UL>

<P><STRONG><a name="[118]"></a>HalUsbClassRequest</STRONG> (Thumb, 68 bytes, Stack size 0 bytes, usbclass.o(.text))
<BR><BR>[Calls]<UL><LI><a href="#[11e]">&gt;&gt;</a>&nbsp;&nbsp;&nbsp;GetRqtRecipient
<LI><a href="#[f2]">&gt;&gt;</a>&nbsp;&nbsp;&nbsp;HwUsb_SendZlp
<LI><a href="#[110]">&gt;&gt;</a>&nbsp;&nbsp;&nbsp;HwUsb_SendStall
</UL>
<BR>[Called By]<UL><LI><a href="#[fb]">&gt;&gt;</a>&nbsp;&nbsp;&nbsp;HalUsbSetupHandle
</UL>

<P><STRONG><a name="[5d]"></a>__aeabi_uidivmod</STRONG> (Thumb, 44 bytes, Stack size 0 bytes, uidiv.o(.text))
<BR><BR>[Called By]<UL><LI><a href="#[12f]">&gt;&gt;</a>&nbsp;&nbsp;&nbsp;_printf_core
<LI><a href="#[b2]">&gt;&gt;</a>&nbsp;&nbsp;&nbsp;Timer1_ReStart
<LI><a href="#[b1]">&gt;&gt;</a>&nbsp;&nbsp;&nbsp;Timer1_Start
<LI><a href="#[a5]">&gt;&gt;</a>&nbsp;&nbsp;&nbsp;uart_init
<LI><a href="#[96]">&gt;&gt;</a>&nbsp;&nbsp;&nbsp;calib_adc
<LI><a href="#[84]">&gt;&gt;</a>&nbsp;&nbsp;&nbsp;RF250_calibration
<LI><a href="#[82]">&gt;&gt;</a>&nbsp;&nbsp;&nbsp;kmod_calibration
<LI><a href="#[51]">&gt;&gt;</a>&nbsp;&nbsp;&nbsp;Timer0_Start
<LI><a href="#[5c]">&gt;&gt;</a>&nbsp;&nbsp;&nbsp;jump_frequency
<LI><a href="#[46]">&gt;&gt;</a>&nbsp;&nbsp;&nbsp;Timer0_1m5_Start
<LI><a href="#[2c]">&gt;&gt;</a>&nbsp;&nbsp;&nbsp;uart2_init
</UL>

<P><STRONG><a name="[4b]"></a>__aeabi_memcpy</STRONG> (Thumb, 36 bytes, Stack size 0 bytes, memcpya.o(.text))
<BR><BR>[Called By]<UL><LI><a href="#[16]">&gt;&gt;</a>&nbsp;&nbsp;&nbsp;URB_SET_ADDRESS
<LI><a href="#[ef]">&gt;&gt;</a>&nbsp;&nbsp;&nbsp;HwUsb_EndpWrite
<LI><a href="#[ed]">&gt;&gt;</a>&nbsp;&nbsp;&nbsp;HwUsb_EndpRead
<LI><a href="#[ab]">&gt;&gt;</a>&nbsp;&nbsp;&nbsp;uart_rx_cmd_respone
<LI><a href="#[a4]">&gt;&gt;</a>&nbsp;&nbsp;&nbsp;uart2_rx_cmd_respone
<LI><a href="#[69]">&gt;&gt;</a>&nbsp;&nbsp;&nbsp;flash_write_some_data
<LI><a href="#[63]">&gt;&gt;</a>&nbsp;&nbsp;&nbsp;user_application_normal_mode
<LI><a href="#[4c]">&gt;&gt;</a>&nbsp;&nbsp;&nbsp;app_aes_test
<LI><a href="#[4a]">&gt;&gt;</a>&nbsp;&nbsp;&nbsp;rwip_aes_encrypt
</UL>

<P><STRONG><a name="[fa]"></a>__aeabi_memcpy4</STRONG> (Thumb, 0 bytes, Stack size 0 bytes, memcpya.o(.text))
<BR><BR>[Called By]<UL><LI><a href="#[f8]">&gt;&gt;</a>&nbsp;&nbsp;&nbsp;_ep0_isr
</UL>

<P><STRONG><a name="[11f]"></a>__aeabi_memset</STRONG> (Thumb, 16 bytes, Stack size 0 bytes, memseta.o(.text))
<BR><BR>[Called By]<UL><LI><a href="#[120]">&gt;&gt;</a>&nbsp;&nbsp;&nbsp;_memset$wrapper
<LI><a href="#[9e]">&gt;&gt;</a>&nbsp;&nbsp;&nbsp;__aeabi_memclr
</UL>

<P><STRONG><a name="[9e]"></a>__aeabi_memclr</STRONG> (Thumb, 4 bytes, Stack size 0 bytes, memseta.o(.text))
<BR><BR>[Calls]<UL><LI><a href="#[11f]">&gt;&gt;</a>&nbsp;&nbsp;&nbsp;__aeabi_memset
</UL>
<BR>[Called By]<UL><LI><a href="#[f4]">&gt;&gt;</a>&nbsp;&nbsp;&nbsp;usb_init_sw
<LI><a href="#[d1]">&gt;&gt;</a>&nbsp;&nbsp;&nbsp;application_mouse_rf_send
<LI><a href="#[cf]">&gt;&gt;</a>&nbsp;&nbsp;&nbsp;application_normal_mode_initial
<LI><a href="#[9d]">&gt;&gt;</a>&nbsp;&nbsp;&nbsp;clear_uart2_buffer
</UL>

<P><STRONG><a name="[7b]"></a>__aeabi_memclr4</STRONG> (Thumb, 0 bytes, Stack size 0 bytes, memseta.o(.text))
<BR><BR>[Called By]<UL><LI><a href="#[f5]">&gt;&gt;</a>&nbsp;&nbsp;&nbsp;HwUsbOpen
<LI><a href="#[c2]">&gt;&gt;</a>&nbsp;&nbsp;&nbsp;application_initial
<LI><a href="#[7a]">&gt;&gt;</a>&nbsp;&nbsp;&nbsp;flash_write_data
</UL>

<P><STRONG><a name="[120]"></a>_memset$wrapper</STRONG> (Thumb, 18 bytes, Stack size 0 bytes, memseta.o(.text), UNUSED)
<BR><BR>[Calls]<UL><LI><a href="#[11f]">&gt;&gt;</a>&nbsp;&nbsp;&nbsp;__aeabi_memset
</UL>

<P><STRONG><a name="[f1]"></a>__aeabi_uread4</STRONG> (Thumb, 20 bytes, Stack size 0 bytes, uread4.o(.text))
<BR><BR>[Called By]<UL><LI><a href="#[11c]">&gt;&gt;</a>&nbsp;&nbsp;&nbsp;UsbDesc_Find
<LI><a href="#[119]">&gt;&gt;</a>&nbsp;&nbsp;&nbsp;check_usb_suspendmode
<LI><a href="#[19]">&gt;&gt;</a>&nbsp;&nbsp;&nbsp;URB_SET_CONFIGURATION
<LI><a href="#[17]">&gt;&gt;</a>&nbsp;&nbsp;&nbsp;URB_GET_DESCRIPTOR
<LI><a href="#[10c]">&gt;&gt;</a>&nbsp;&nbsp;&nbsp;config_device
<LI><a href="#[f5]">&gt;&gt;</a>&nbsp;&nbsp;&nbsp;HwUsbOpen
<LI><a href="#[f0]">&gt;&gt;</a>&nbsp;&nbsp;&nbsp;HwUsb_SendPkt
</UL>

<P><STRONG><a name="[f3]"></a>__aeabi_uwrite4</STRONG> (Thumb, 18 bytes, Stack size 0 bytes, uwrite4.o(.text))
<BR><BR>[Called By]<UL><LI><a href="#[11d]">&gt;&gt;</a>&nbsp;&nbsp;&nbsp;SetRxParameter
<LI><a href="#[11a]">&gt;&gt;</a>&nbsp;&nbsp;&nbsp;usb_suspend_wakeup
<LI><a href="#[119]">&gt;&gt;</a>&nbsp;&nbsp;&nbsp;check_usb_suspendmode
<LI><a href="#[111]">&gt;&gt;</a>&nbsp;&nbsp;&nbsp;SetTxParameter
<LI><a href="#[f0]">&gt;&gt;</a>&nbsp;&nbsp;&nbsp;HwUsb_SendPkt
</UL>

<P><STRONG><a name="[99]"></a>__aeabi_dmul</STRONG> (Thumb, 202 bytes, Stack size 0 bytes, dmul.o(.text), UNUSED)
<BR><BR>[Calls]<UL><LI><a href="#[121]">&gt;&gt;</a>&nbsp;&nbsp;&nbsp;_double_epilogue
</UL>
<BR>[Called By]<UL><LI><a href="#[130]">&gt;&gt;</a>&nbsp;&nbsp;&nbsp;_fp_digits
<LI><a href="#[97]">&gt;&gt;</a>&nbsp;&nbsp;&nbsp;check_low_volt_sleep
</UL>

<P><STRONG><a name="[9a]"></a>__ARM_scalbn</STRONG> (Thumb, 44 bytes, Stack size 0 bytes, dscalb.o(.text), UNUSED)
<BR><BR>[Called By]<UL><LI><a href="#[97]">&gt;&gt;</a>&nbsp;&nbsp;&nbsp;check_low_volt_sleep
</UL>

<P><STRONG><a name="[98]"></a>__aeabi_ui2d</STRONG> (Thumb, 24 bytes, Stack size 0 bytes, dfltui.o(.text), UNUSED)
<BR><BR>[Calls]<UL><LI><a href="#[121]">&gt;&gt;</a>&nbsp;&nbsp;&nbsp;_double_epilogue
</UL>
<BR>[Called By]<UL><LI><a href="#[97]">&gt;&gt;</a>&nbsp;&nbsp;&nbsp;check_low_volt_sleep
</UL>

<P><STRONG><a name="[9b]"></a>__aeabi_d2uiz</STRONG> (Thumb, 50 bytes, Stack size 0 bytes, dfixui.o(.text), UNUSED)
<BR><BR>[Calls]<UL><LI><a href="#[122]">&gt;&gt;</a>&nbsp;&nbsp;&nbsp;__aeabi_llsr
</UL>
<BR>[Called By]<UL><LI><a href="#[97]">&gt;&gt;</a>&nbsp;&nbsp;&nbsp;check_low_volt_sleep
</UL>

<P><STRONG><a name="[123]"></a>__aeabi_uldivmod</STRONG> (Thumb, 96 bytes, Stack size 0 bytes, uldiv.o(.text), UNUSED)
<BR><BR>[Calls]<UL><LI><a href="#[124]">&gt;&gt;</a>&nbsp;&nbsp;&nbsp;__aeabi_llsl
<LI><a href="#[122]">&gt;&gt;</a>&nbsp;&nbsp;&nbsp;__aeabi_llsr
</UL>
<BR>[Called By]<UL><LI><a href="#[12f]">&gt;&gt;</a>&nbsp;&nbsp;&nbsp;_printf_core
<LI><a href="#[130]">&gt;&gt;</a>&nbsp;&nbsp;&nbsp;_fp_digits
</UL>

<P><STRONG><a name="[122]"></a>__aeabi_llsr</STRONG> (Thumb, 34 bytes, Stack size 0 bytes, llushr.o(.text), UNUSED)
<BR><BR>[Called By]<UL><LI><a href="#[123]">&gt;&gt;</a>&nbsp;&nbsp;&nbsp;__aeabi_uldivmod
<LI><a href="#[121]">&gt;&gt;</a>&nbsp;&nbsp;&nbsp;_double_epilogue
<LI><a href="#[12c]">&gt;&gt;</a>&nbsp;&nbsp;&nbsp;__aeabi_d2ulz
<LI><a href="#[9b]">&gt;&gt;</a>&nbsp;&nbsp;&nbsp;__aeabi_d2uiz
</UL>

<P><STRONG><a name="[126]"></a>_double_round</STRONG> (Thumb, 26 bytes, Stack size 0 bytes, depilogue.o(.text), UNUSED)
<BR><BR>[Called By]<UL><LI><a href="#[121]">&gt;&gt;</a>&nbsp;&nbsp;&nbsp;_double_epilogue
<LI><a href="#[12b]">&gt;&gt;</a>&nbsp;&nbsp;&nbsp;__aeabi_ddiv
<LI><a href="#[127]">&gt;&gt;</a>&nbsp;&nbsp;&nbsp;__aeabi_dadd
</UL>

<P><STRONG><a name="[121]"></a>_double_epilogue</STRONG> (Thumb, 164 bytes, Stack size 0 bytes, depilogue.o(.text), UNUSED)
<BR><BR>[Calls]<UL><LI><a href="#[124]">&gt;&gt;</a>&nbsp;&nbsp;&nbsp;__aeabi_llsl
<LI><a href="#[125]">&gt;&gt;</a>&nbsp;&nbsp;&nbsp;__ARM_clz (via BLX)
<LI><a href="#[126]">&gt;&gt;</a>&nbsp;&nbsp;&nbsp;_double_round
<LI><a href="#[122]">&gt;&gt;</a>&nbsp;&nbsp;&nbsp;__aeabi_llsr
</UL>
<BR>[Called By]<UL><LI><a href="#[127]">&gt;&gt;</a>&nbsp;&nbsp;&nbsp;__aeabi_dadd
<LI><a href="#[98]">&gt;&gt;</a>&nbsp;&nbsp;&nbsp;__aeabi_ui2d
<LI><a href="#[99]">&gt;&gt;</a>&nbsp;&nbsp;&nbsp;__aeabi_dmul
</UL>

<P><STRONG><a name="[127]"></a>__aeabi_dadd</STRONG> (Thumb, 328 bytes, Stack size 0 bytes, dadd.o(.text), UNUSED)
<BR><BR>[Calls]<UL><LI><a href="#[128]">&gt;&gt;</a>&nbsp;&nbsp;&nbsp;__aeabi_lasr
<LI><a href="#[124]">&gt;&gt;</a>&nbsp;&nbsp;&nbsp;__aeabi_llsl
<LI><a href="#[126]">&gt;&gt;</a>&nbsp;&nbsp;&nbsp;_double_round
<LI><a href="#[121]">&gt;&gt;</a>&nbsp;&nbsp;&nbsp;_double_epilogue
</UL>
<BR>[Called By]<UL><LI><a href="#[12a]">&gt;&gt;</a>&nbsp;&nbsp;&nbsp;__aeabi_drsub
<LI><a href="#[129]">&gt;&gt;</a>&nbsp;&nbsp;&nbsp;__aeabi_dsub
<LI><a href="#[130]">&gt;&gt;</a>&nbsp;&nbsp;&nbsp;_fp_digits
</UL>

<P><STRONG><a name="[129]"></a>__aeabi_dsub</STRONG> (Thumb, 12 bytes, Stack size 0 bytes, dadd.o(.text), UNUSED)
<BR><BR>[Calls]<UL><LI><a href="#[127]">&gt;&gt;</a>&nbsp;&nbsp;&nbsp;__aeabi_dadd
</UL>

<P><STRONG><a name="[12a]"></a>__aeabi_drsub</STRONG> (Thumb, 12 bytes, Stack size 0 bytes, dadd.o(.text), UNUSED)
<BR><BR>[Calls]<UL><LI><a href="#[127]">&gt;&gt;</a>&nbsp;&nbsp;&nbsp;__aeabi_dadd
</UL>

<P><STRONG><a name="[12b]"></a>__aeabi_ddiv</STRONG> (Thumb, 234 bytes, Stack size 0 bytes, ddiv.o(.text), UNUSED)
<BR><BR>[Calls]<UL><LI><a href="#[126]">&gt;&gt;</a>&nbsp;&nbsp;&nbsp;_double_round
</UL>
<BR>[Called By]<UL><LI><a href="#[130]">&gt;&gt;</a>&nbsp;&nbsp;&nbsp;_fp_digits
</UL>

<P><STRONG><a name="[12c]"></a>__aeabi_d2ulz</STRONG> (Thumb, 54 bytes, Stack size 0 bytes, dfixul.o(.text), UNUSED)
<BR><BR>[Calls]<UL><LI><a href="#[124]">&gt;&gt;</a>&nbsp;&nbsp;&nbsp;__aeabi_llsl
<LI><a href="#[122]">&gt;&gt;</a>&nbsp;&nbsp;&nbsp;__aeabi_llsr
</UL>
<BR>[Called By]<UL><LI><a href="#[130]">&gt;&gt;</a>&nbsp;&nbsp;&nbsp;_fp_digits
</UL>

<P><STRONG><a name="[131]"></a>__aeabi_cdrcmple</STRONG> (Thumb, 38 bytes, Stack size 0 bytes, cdrcmple.o(.text), UNUSED)
<BR><BR>[Called By]<UL><LI><a href="#[130]">&gt;&gt;</a>&nbsp;&nbsp;&nbsp;_fp_digits
</UL>

<P><STRONG><a name="[23]"></a>__scatterload</STRONG> (Thumb, 22 bytes, Stack size 0 bytes, init.o(.text))
<BR><BR>[Calls]<UL><LI><a href="#[12d]">&gt;&gt;</a>&nbsp;&nbsp;&nbsp;__main_after_scatterload (via BLX)
</UL>
<BR>[Called By]<UL><LI><a href="#[22]">&gt;&gt;</a>&nbsp;&nbsp;&nbsp;_main_scatterload (via BLX)
</UL>

<P><STRONG><a name="[124]"></a>__aeabi_llsl</STRONG> (Thumb, 32 bytes, Stack size 0 bytes, llshl.o(.text), UNUSED)
<BR><BR>[Called By]<UL><LI><a href="#[123]">&gt;&gt;</a>&nbsp;&nbsp;&nbsp;__aeabi_uldivmod
<LI><a href="#[121]">&gt;&gt;</a>&nbsp;&nbsp;&nbsp;_double_epilogue
<LI><a href="#[127]">&gt;&gt;</a>&nbsp;&nbsp;&nbsp;__aeabi_dadd
<LI><a href="#[12c]">&gt;&gt;</a>&nbsp;&nbsp;&nbsp;__aeabi_d2ulz
</UL>

<P><STRONG><a name="[128]"></a>__aeabi_lasr</STRONG> (Thumb, 38 bytes, Stack size 0 bytes, llsshr.o(.text), UNUSED)
<BR><BR>[Called By]<UL><LI><a href="#[127]">&gt;&gt;</a>&nbsp;&nbsp;&nbsp;__aeabi_dadd
</UL>

<P><STRONG><a name="[12e]"></a>__0vsprintf</STRONG> (Thumb, 30 bytes, Stack size 0 bytes, printfa.o(i.__0vsprintf), UNUSED)
<BR><BR>[Calls]<UL><LI><a href="#[11]">&gt;&gt;</a>&nbsp;&nbsp;&nbsp;_sputc
<LI><a href="#[12f]">&gt;&gt;</a>&nbsp;&nbsp;&nbsp;_printf_core
</UL>

<P><STRONG><a name="[9f]"></a>vsprintf</STRONG> (Thumb, 0 bytes, Stack size 0 bytes, printfa.o(i.__0vsprintf))
<BR><BR>[Called By]<UL><LI><a href="#[a8]">&gt;&gt;</a>&nbsp;&nbsp;&nbsp;uart_printf_dut
<LI><a href="#[a6]">&gt;&gt;</a>&nbsp;&nbsp;&nbsp;uart0_printf
<LI><a href="#[25]">&gt;&gt;</a>&nbsp;&nbsp;&nbsp;uart2_printf
</UL>

<P><STRONG><a name="[125]"></a>__ARM_clz</STRONG> (ARM, 8 bytes, Stack size 0 bytes, depilogue.o(i.__ARM_clz), UNUSED)
<BR><BR>[Called By]<UL><LI><a href="#[121]">&gt;&gt;</a>&nbsp;&nbsp;&nbsp;_double_epilogue (via BLX)
</UL>

<P><STRONG><a name="[26]"></a>__ARM_common_disable_fiq</STRONG> (ARM, 20 bytes, Stack size 0 bytes, main.o(i.__ARM_common_disable_fiq))
<BR><BR>[Called By]<UL><LI><a href="#[7a]">&gt;&gt;</a>&nbsp;&nbsp;&nbsp;flash_write_data (via BLX)
<LI><a href="#[79]">&gt;&gt;</a>&nbsp;&nbsp;&nbsp;flash_erase_sector (via BLX)
<LI><a href="#[54]">&gt;&gt;</a>&nbsp;&nbsp;&nbsp;flash_read_data (via BLX)
<LI><a href="#[24]">&gt;&gt;</a>&nbsp;&nbsp;&nbsp;platform_reset (via BLX)
</UL>

<P><STRONG><a name="[27]"></a>__ARM_common_disable_irq</STRONG> (ARM, 20 bytes, Stack size 0 bytes, main.o(i.__ARM_common_disable_irq))
<BR><BR>[Called By]<UL><LI><a href="#[7a]">&gt;&gt;</a>&nbsp;&nbsp;&nbsp;flash_write_data (via BLX)
<LI><a href="#[79]">&gt;&gt;</a>&nbsp;&nbsp;&nbsp;flash_erase_sector (via BLX)
<LI><a href="#[54]">&gt;&gt;</a>&nbsp;&nbsp;&nbsp;flash_read_data (via BLX)
<LI><a href="#[24]">&gt;&gt;</a>&nbsp;&nbsp;&nbsp;platform_reset (via BLX)
</UL>

<P><STRONG><a name="[35]"></a>__ARM_common_enable_fiq</STRONG> (ARM, 16 bytes, Stack size 0 bytes, main.o(i.__ARM_common_enable_fiq))
<BR><BR>[Called By]<UL><LI><a href="#[7a]">&gt;&gt;</a>&nbsp;&nbsp;&nbsp;flash_write_data (via BLX)
<LI><a href="#[79]">&gt;&gt;</a>&nbsp;&nbsp;&nbsp;flash_erase_sector (via BLX)
<LI><a href="#[54]">&gt;&gt;</a>&nbsp;&nbsp;&nbsp;flash_read_data (via BLX)
<LI><a href="#[8]">&gt;&gt;</a>&nbsp;&nbsp;&nbsp;main (via BLX)
</UL>

<P><STRONG><a name="[36]"></a>__ARM_common_enable_irq</STRONG> (ARM, 16 bytes, Stack size 0 bytes, main.o(i.__ARM_common_enable_irq))
<BR><BR>[Called By]<UL><LI><a href="#[7a]">&gt;&gt;</a>&nbsp;&nbsp;&nbsp;flash_write_data (via BLX)
<LI><a href="#[79]">&gt;&gt;</a>&nbsp;&nbsp;&nbsp;flash_erase_sector (via BLX)
<LI><a href="#[54]">&gt;&gt;</a>&nbsp;&nbsp;&nbsp;flash_read_data (via BLX)
<LI><a href="#[8]">&gt;&gt;</a>&nbsp;&nbsp;&nbsp;main (via BLX)
</UL>

<P><STRONG><a name="[62]"></a>__ARM_common_switch8</STRONG> (ARM, 24 bytes, Stack size 0 bytes, user_handle.o(i.__ARM_common_switch8))
<BR><BR>[Called By]<UL><LI><a href="#[ea]">&gt;&gt;</a>&nbsp;&nbsp;&nbsp;ChangeTxPipe (via BLX)
<LI><a href="#[aa]">&gt;&gt;</a>&nbsp;&nbsp;&nbsp;uart_rx_handler (via BLX)
<LI><a href="#[a3]">&gt;&gt;</a>&nbsp;&nbsp;&nbsp;uart2_rx_handler (via BLX)
<LI><a href="#[61]">&gt;&gt;</a>&nbsp;&nbsp;&nbsp;user_rf_rx_handler (via BLX)
<LI><a href="#[38]">&gt;&gt;</a>&nbsp;&nbsp;&nbsp;cpu_wakeup (via BLX)
<LI><a href="#[30]">&gt;&gt;</a>&nbsp;&nbsp;&nbsp;mcu_clk_switch (via BLX)
</UL>

<P><STRONG><a name="[106]"></a>free</STRONG> (Thumb, 80 bytes, Stack size 0 bytes, malloc2.o(i.__free$2region))
<BR><BR>[Called By]<UL><LI><a href="#[108]">&gt;&gt;</a>&nbsp;&nbsp;&nbsp;_build_pipTxBuf
<LI><a href="#[105]">&gt;&gt;</a>&nbsp;&nbsp;&nbsp;_build_pipRxBuf
</UL>

<P><STRONG><a name="[107]"></a>malloc</STRONG> (Thumb, 92 bytes, Stack size 0 bytes, malloc2.o(i.__malloc$2region))
<BR><BR>[Called By]<UL><LI><a href="#[108]">&gt;&gt;</a>&nbsp;&nbsp;&nbsp;_build_pipTxBuf
<LI><a href="#[105]">&gt;&gt;</a>&nbsp;&nbsp;&nbsp;_build_pipRxBuf
</UL>
<P>
<H3>
Local Symbols
</H3>
<P><STRONG><a name="[1]"></a>Undefined</STRONG> (ARM, 0 bytes, Stack size 0 bytes, vectors.o(SYS_BOOT))
<BR><BR>[Calls]<UL><LI><a href="#[134]">&gt;&gt;</a>&nbsp;&nbsp;&nbsp;Undefined_Exception (via Veneer)
</UL>
<BR>[Address Reference Count : 1]<UL><LI> vectors.o(SYS_BOOT)
</UL>
<P><STRONG><a name="[2]"></a>SoftwareInterrupt</STRONG> (ARM, 0 bytes, Stack size 0 bytes, vectors.o(SYS_BOOT))
<BR><BR>[Calls]<UL><LI><a href="#[135]">&gt;&gt;</a>&nbsp;&nbsp;&nbsp;SoftwareInterrupt_Exception (via Veneer)
</UL>
<BR>[Address Reference Count : 1]<UL><LI> vectors.o(SYS_BOOT)
</UL>
<P><STRONG><a name="[3]"></a>PrefetchAbort</STRONG> (ARM, 0 bytes, Stack size 0 bytes, vectors.o(SYS_BOOT))
<BR><BR>[Calls]<UL><LI><a href="#[136]">&gt;&gt;</a>&nbsp;&nbsp;&nbsp;PrefetchAbort_Exception (via Veneer)
</UL>
<BR>[Address Reference Count : 1]<UL><LI> vectors.o(SYS_BOOT)
</UL>
<P><STRONG><a name="[4]"></a>DataAbort</STRONG> (ARM, 0 bytes, Stack size 0 bytes, vectors.o(SYS_BOOT))
<BR><BR>[Calls]<UL><LI><a href="#[137]">&gt;&gt;</a>&nbsp;&nbsp;&nbsp;DataAbort_Exception (via Veneer)
</UL>
<BR>[Address Reference Count : 1]<UL><LI> vectors.o(SYS_BOOT)
</UL>
<P><STRONG><a name="[6]"></a>IRQ_Handler</STRONG> (ARM, 0 bytes, Stack size 0 bytes, vectors.o(SYS_BOOT))
<BR><BR>[Calls]<UL><LI><a href="#[20]">&gt;&gt;</a>&nbsp;&nbsp;&nbsp;SYSirq_IRQ_Handler
</UL>
<BR>[Address Reference Count : 1]<UL><LI> vectors.o(SYS_BOOT)
</UL>
<P><STRONG><a name="[5]"></a>sys_reserved</STRONG> (ARM, 0 bytes, Stack size 0 bytes, vectors.o(SYS_BOOT))
<BR><BR>[Calls]<UL><LI><a href="#[138]">&gt;&gt;</a>&nbsp;&nbsp;&nbsp;Reserved_Exception (via Veneer)
</UL>
<BR>[Address Reference Count : 1]<UL><LI> vectors.o(SYS_BOOT)
</UL>
<P><STRONG><a name="[7]"></a>FIQ_Handler</STRONG> (ARM, 0 bytes, Stack size 0 bytes, vectors.o(SYS_BOOT))
<BR><BR>[Calls]<UL><LI><a href="#[1e]">&gt;&gt;</a>&nbsp;&nbsp;&nbsp;SYSirq_FIQ_Handler
</UL>
<BR>[Address Reference Count : 1]<UL><LI> vectors.o(SYS_BOOT)
</UL>
<P><STRONG><a name="[111]"></a>SetTxParameter</STRONG> (Thumb, 52 bytes, Stack size 0 bytes, usb.o(.text))
<BR><BR>[Calls]<UL><LI><a href="#[f3]">&gt;&gt;</a>&nbsp;&nbsp;&nbsp;__aeabi_uwrite4
</UL>
<BR>[Called By]<UL><LI><a href="#[1a]">&gt;&gt;</a>&nbsp;&nbsp;&nbsp;URB_GET_INTERFACE
<LI><a href="#[18]">&gt;&gt;</a>&nbsp;&nbsp;&nbsp;URB_GET_CONFIGURATION
<LI><a href="#[17]">&gt;&gt;</a>&nbsp;&nbsp;&nbsp;URB_GET_DESCRIPTOR
<LI><a href="#[12]">&gt;&gt;</a>&nbsp;&nbsp;&nbsp;URB_GET_STATUS
</UL>

<P><STRONG><a name="[130]"></a>_fp_digits</STRONG> (Thumb, 344 bytes, Stack size 0 bytes, printfa.o(i._fp_digits), UNUSED)
<BR><BR>[Calls]<UL><LI><a href="#[123]">&gt;&gt;</a>&nbsp;&nbsp;&nbsp;__aeabi_uldivmod
<LI><a href="#[12b]">&gt;&gt;</a>&nbsp;&nbsp;&nbsp;__aeabi_ddiv
<LI><a href="#[127]">&gt;&gt;</a>&nbsp;&nbsp;&nbsp;__aeabi_dadd
<LI><a href="#[12c]">&gt;&gt;</a>&nbsp;&nbsp;&nbsp;__aeabi_d2ulz
<LI><a href="#[131]">&gt;&gt;</a>&nbsp;&nbsp;&nbsp;__aeabi_cdrcmple
<LI><a href="#[99]">&gt;&gt;</a>&nbsp;&nbsp;&nbsp;__aeabi_dmul
</UL>
<BR>[Called By]<UL><LI><a href="#[12f]">&gt;&gt;</a>&nbsp;&nbsp;&nbsp;_printf_core
</UL>

<P><STRONG><a name="[12f]"></a>_printf_core</STRONG> (Thumb, 1764 bytes, Stack size 0 bytes, printfa.o(i._printf_core), UNUSED)
<BR><BR>[Calls]<UL><LI><a href="#[123]">&gt;&gt;</a>&nbsp;&nbsp;&nbsp;__aeabi_uldivmod
<LI><a href="#[132]">&gt;&gt;</a>&nbsp;&nbsp;&nbsp;_printf_pre_padding
<LI><a href="#[133]">&gt;&gt;</a>&nbsp;&nbsp;&nbsp;_printf_post_padding
<LI><a href="#[130]">&gt;&gt;</a>&nbsp;&nbsp;&nbsp;_fp_digits
<LI><a href="#[5d]">&gt;&gt;</a>&nbsp;&nbsp;&nbsp;__aeabi_uidivmod
</UL>
<BR>[Called By]<UL><LI><a href="#[12e]">&gt;&gt;</a>&nbsp;&nbsp;&nbsp;__0vsprintf
</UL>

<P><STRONG><a name="[133]"></a>_printf_post_padding</STRONG> (Thumb, 32 bytes, Stack size 0 bytes, printfa.o(i._printf_post_padding), UNUSED)
<BR><BR>[Called By]<UL><LI><a href="#[12f]">&gt;&gt;</a>&nbsp;&nbsp;&nbsp;_printf_core
</UL>

<P><STRONG><a name="[132]"></a>_printf_pre_padding</STRONG> (Thumb, 44 bytes, Stack size 0 bytes, printfa.o(i._printf_pre_padding), UNUSED)
<BR><BR>[Called By]<UL><LI><a href="#[12f]">&gt;&gt;</a>&nbsp;&nbsp;&nbsp;_printf_core
</UL>

<P><STRONG><a name="[11]"></a>_sputc</STRONG> (Thumb, 10 bytes, Stack size 0 bytes, printfa.o(i._sputc))
<BR><BR>[Called By]<UL><LI><a href="#[12e]">&gt;&gt;</a>&nbsp;&nbsp;&nbsp;__0vsprintf
</UL>
<BR>[Address Reference Count : 1]<UL><LI> printfa.o(i.__0vsprintf)
</UL><P>
<H3>
Undefined Global Symbols
</H3><HR></body></html>
