<html>
<body>
<pre>
<h1>µVision Build Log</h1>
<h2>Tool Versions:</h2>
IDE-Version: ¦ÌVision V5.38.0.0
Copyright (C) 2022 ARM Ltd and ARM Germany GmbH. All rights reserved.
License Information: zghsdth lenovo, jfgjfgh, LIC=8VRJ7-EB8TV-MMZ9I-TM04J-3VTY5-1B1TX
 
Tool Versions:
Toolchain:       MDK-ARM Plus  Version: 5.40.0.3
Toolchain Path:  D:\development\Keil_v5\ARM\ARMCC\Bin
C Compiler:      Armcc.exe V5.06 update 6 (build 750)
Assembler:       Armasm.exe V5.06 update 6 (build 750)
Linker/Locator:  ArmLink.exe V5.06 update 6 (build 750)
Library Manager: ArmAr.exe V5.06 update 6 (build 750)
Hex Converter:   FromElf.exe V5.06 update 6 (build 750)
CPU DLL:         SARM.DLL V5.40.0.0
Dialog DLL:      DARMP3.DLL 
<h2>Project:</h2>
C:\Users\lenovo\Desktop\SDK_4\projects\TX\prj3633.uvproj
Project File Date:  04/05/2025

<h2>Output:</h2>
*** Using Compiler 'V5.06 update 6 (build 750)', folder: 'D:\development\Keil_v5\ARM\ARMCC\Bin'
Rebuild target 'Target1'
assembling vectors.s...
assembling handlers.s...
compiling adc.c...
compiling main.c...
compiling uart.c...
compiling app_key.c...
compiling uart2.c...
compiling usb_desc.c...
compiling aes.c...
compiling spi.c...
compiling driver_timer.c...
compiling driver_rf.c...
compiling icu.c...
compiling dma.c...
compiling gpio.c...
compiling application_rf.c...
compiling usbclass.c...
compiling my_math.c...
compiling rf_xvr_24.c...
..\..\Src\driver\rf\rf_xvr_24.c(322): warning:  #61-D: integer operation result is out of range
      addXVR_Reg0x24 |= (1<<31);
..\..\Src\driver\rf\rf_xvr_24.c(322): warning:  #68-D: integer conversion resulted in a change of sign
      addXVR_Reg0x24 |= (1<<31);
..\..\Src\driver\rf\rf_xvr_24.c(384): warning:  #61-D: integer operation result is out of range
      addXVR_Reg0x24 &= ~(1<<31);
..\..\Src\driver\rf\rf_xvr_24.c: 3 warnings, 0 errors
compiling driver_sensor.c...
compiling APPLICATION_MODE_TEST.C...
compiling wdt.c...
compiling data_filter.c...
compiling aon_rtc.c...
compiling driver_usb.c...
compiling attitude.c...
compiling usb.c...
compiling APPLICATION_MODE_NORMAL.c...
compiling flash.c...
compiling app_gyroscope.c...
app\src\app_gyroscope.c(185): warning:  #177-D: variable "filter_mx"  was declared but never referenced
  	int16_t filter_mx ,filter_my,filter_mz ;
app\src\app_gyroscope.c(185): warning:  #177-D: variable "filter_my"  was declared but never referenced
  	int16_t filter_mx ,filter_my,filter_mz ;
app\src\app_gyroscope.c(185): warning:  #177-D: variable "filter_mz"  was declared but never referenced
  	int16_t filter_mx ,filter_my,filter_mz ;
app\src\app_gyroscope.c(257): warning:  #177-D: variable "last_angle"  was declared but never referenced
  static float last_angle = 0.0f;
app\src\app_gyroscope.c(258): warning:  #177-D: variable "last_ax"  was declared but never referenced
  static int last_ax = 0, last_az = 0;
app\src\app_gyroscope.c(258): warning:  #177-D: variable "last_az"  was declared but never referenced
  static int last_ax = 0, last_az = 0;
app\src\app_gyroscope.c: 6 warnings, 0 errors
compiling application_mode_page.c...
compiling i2c.c...
compiling application_mode_PCBA.c...
compiling kalman_filter.c...
compiling application_main.c...
compiling acc_gry.c...
compiling app.c...
compiling attitude_algorithm.c...
acc_gyro\imu_algorithm\attitude_algorithm.c(50): warning:  #177-D: variable "yaw"  was declared but never referenced
  	static float yaw = 0.0f;
acc_gyro\imu_algorithm\attitude_algorithm.c(60): warning:  #177-D: variable "gyroYawRate"  was declared but never referenced
  	float gyroYawRate = gyr.z;
acc_gyro\imu_algorithm\attitude_algorithm.c: 2 warnings, 0 errors
compiling user_handle.c...
compiling intc.c...
linking...
Program Size: Code=38548 RO-data=1552 RW-data=608 ZI-data=37960  
After Build - User command #1: fromelf --bin --output .\output\app\bk3633_app.bin .\obj\bk3633_app.axf
After Build - User command #2: .\output\translate.bat
C:\Users\lenovo\Desktop\SDK_4\projects\TX>.\output\BinConvert  -oad .\output\boot\bk3633_boot.bin  .\output\stack\bk3633_stack.bin  .\output\app\bk3633_app.bin -m 0x7800 -l 0x7900 -v 0x0026 -rom_v 0x0014 -e 00000000 00000000 00000000 00000000 
cmd_bin_oad.stack_file_addr :0x7800
binary version hex:0x26; dec:38
Arm Image Binary will be converted to OAD format binary file.....
cmd_bin_oad.stack_file_addr=7800
boot_bin_len=2fcc
add stack bin start
        Encrypt Seccessfully!
        File Size: 0x12a2a
oad_stack_app_bin_len=ab00
oad_app_bin_len=a9f0
2a f0 33 d1 26 00 7c 2a 42 42 42 42 ff ff 14 00 /**< @CREATE_FILE_SUCCESS */
/**< @Download flash file:.\output\app\bk3633_app_merge_crc.bin
/**< @OAD file :.\output\app\bk3633_app_stack_oad.bin,CRC = 0x27bf56fe
/**< @OAD file :.\output\app\bk3633_app_oad.bin,CRC = 0xd133f02a
/**< @author <gang.cheng@bekencorp.com> */
/**< @version v0.3 */
C:\Users\lenovo\Desktop\SDK_4\projects\TX>del .\output\app\bk3633_app_merge_boot_stack.out 
C:\Users\lenovo\Desktop\SDK_4\projects\TX>del .\output\app\bk3633_app_stack_oad.bin 
".\obj\bk3633_app.axf" - 0 Error(s), 11 Warning(s).
Build Time Elapsed:  00:00:03
</pre>
</body>
</html>
