<html>
<body>
<pre>
<h1>µVision Build Log</h1>
<h2>Tool Versions:</h2>
IDE-Version: ¦ÌVision V5.38.0.0
Copyright (C) 2022 ARM Ltd and ARM Germany GmbH. All rights reserved.
License Information: zghsdth lenovo, jfgjfgh, LIC=8VRJ7-EB8TV-MMZ9I-TM04J-3VTY5-1B1TX
 
Tool Versions:
Toolchain:       MDK-ARM Plus  Version: 5.40.0.3
Toolchain Path:  D:\development\Keil_v5\ARM\ARMCC\Bin
C Compiler:      Armcc.exe V5.06 update 6 (build 750)
Assembler:       Armasm.exe V5.06 update 6 (build 750)
Linker/Locator:  ArmLink.exe V5.06 update 6 (build 750)
Library Manager: ArmAr.exe V5.06 update 6 (build 750)
Hex Converter:   FromElf.exe V5.06 update 6 (build 750)
CPU DLL:         SARM.DLL V5.40.0.0
Dialog DLL:      DARMP3.DLL 
<h2>Project:</h2>
C:\Users\lenovo\Desktop\Translation pen\RX_TX\TX\SDK\projects\app_2.4g\app_usb_2.4g\prj3633.uvproj
Project File Date:  03/09/2025

<h2>Output:</h2>
*** Using Compiler 'V5.06 update 6 (build 750)', folder: 'D:\development\Keil_v5\ARM\ARMCC\Bin'
Build target 'Target1'
compiling application_mode_page.c...
app\src\2.4\application_mode_page.c(30): warning:  #177-D: variable "page_loop_count"  was declared but never referenced
      uint16_t page_loop_count = 0;                     //0-749 -10dbm, 750-1499, -5dbm, 1500-2250 0dbm; 750*4ms=3s, 3000*3ms=9s
app\src\2.4\application_mode_page.c: 1 warning, 0 errors
linking...
Program Size: Code=27592 RO-data=664 RW-data=368 ZI-data=37132  
After Build - User command #1: fromelf --bin --output .\output\app\bk3633_app.bin .\obj\bk3633_app.axf
After Build - User command #2: .\output\translate.bat
C:\Users\lenovo\Desktop\Translation pen\RX_TX\TX\SDK\projects\app_2.4g\app_usb_2.4g>.\output\BinConvert  -oad .\output\boot\bk3633_boot.bin  .\output\stack\bk3633_stack.bin  .\output\app\bk3633_app.bin -m 0x7800 -l 0x7900 -v 0x0026 -rom_v 0x0014 -e 00000000 00000000 00000000 00000000 
cmd_bin_oad.stack_file_addr :0x7800
binary version hex:0x26; dec:38
Arm Image Binary will be converted to OAD format binary file.....
cmd_bin_oad.stack_file_addr=7800
boot_bin_len=2fcc
add stack bin start
        Encrypt Seccessfully!
        File Size: 0xf7f6
oad_stack_app_bin_len=7900
oad_app_bin_len=77f0
3c f1 26 d5 26 00 fc 1d 42 42 42 42 ff ff 14 00 /**< @CREATE_FILE_SUCCESS */
/**< @Download flash file:.\output\app\bk3633_app_merge_crc.bin
/**< @OAD file :.\output\app\bk3633_app_stack_oad.bin,CRC = 0x78357eba
/**< @OAD file :.\output\app\bk3633_app_oad.bin,CRC = 0xd526f13c
/**< @author <gang.cheng@bekencorp.com> */
/**< @version v0.3 */
C:\Users\lenovo\Desktop\Translation pen\RX_TX\TX\SDK\projects\app_2.4g\app_usb_2.4g>del .\output\app\bk3633_app_merge_boot_stack.out 
C:\Users\lenovo\Desktop\Translation pen\RX_TX\TX\SDK\projects\app_2.4g\app_usb_2.4g>del .\output\app\bk3633_app_stack_oad.bin 
".\obj\bk3633_app.axf" - 0 Error(s), 1 Warning(s).
Build Time Elapsed:  00:00:02
</pre>
</body>
</html>
