<html>
<body>
<pre>
<h1>µVision Build Log</h1>
<h2>Tool Versions:</h2>
IDE-Version: ¦ÌVision V5.40.0.0
Copyright (C) 2024 ARM Ltd and ARM Germany GmbH. All rights reserved.
License Information: a a, a, LIC=RC93N-YYXNN-56DQ2-9LIB9-0YQSQ-8AV0E
 
Tool Versions:
Toolchain:       MDK-ARM Plus  Version: 5.40.0.3
Toolchain Path:  C:\Users\ThinkPad\AppData\Local\Keil_v5\ARM\ARMCC\Bin
C Compiler:      Armcc.exe V5.06 update 6 (build 750)
Assembler:       Armasm.exe V5.06 update 6 (build 750)
Linker/Locator:  ArmLink.exe V5.06 update 6 (build 750)
Library Manager: ArmAr.exe V5.06 update 6 (build 750)
Hex Converter:   FromElf.exe V5.06 update 6 (build 750)
CPU DLL:         SARM.DLL V5.40.0.0
Dialog DLL:      DARMP3.DLL 
<h2>Project:</h2>
d:\Projects\mouse\RTX\SDK\projects\RX\prj3633.uvprojx
Project File Date:  03/12/2025

<h2>Output:</h2>
*** Using Compiler 'V5.06 update 6 (build 750)', folder: 'C:\Users\ThinkPad\AppData\Local\Keil_v5\ARM\ARMCC\Bin'
Rebuild target 'Target1'
assembling vectors.s...
assembling handlers.s...
compiling aes.c...
compiling main.c...
compiling app.c...
compiling intc.c...
compiling user_handle.c...
compiling gpio.c...
compiling flash.c...
compiling rf_xvr_24.c...
..\..\Src\driver\rf\rf_xvr_24.c(322): warning:  #61-D: integer operation result is out of range
      addXVR_Reg0x24 |= (1<<31);
..\..\Src\driver\rf\rf_xvr_24.c(322): warning:  #68-D: integer conversion resulted in a change of sign
      addXVR_Reg0x24 |= (1<<31);
..\..\Src\driver\rf\rf_xvr_24.c(384): warning:  #61-D: integer operation result is out of range
      addXVR_Reg0x24 &= ~(1<<31);
..\..\Src\driver\rf\rf_xvr_24.c: 3 warnings, 0 errors
compiling wdt.c...
compiling spi.c...
compiling uart2.c...
compiling adc.c...
compiling icu.c...
compiling aon_rtc.c...
compiling uart.c...
compiling driver_timer.c...
compiling dma.c...
compiling driver_sensor.c...
compiling application_main.c...
compiling APPLICATION_MODE_NORMAL.c...
compiling i2c.c...
compiling application_mode_PCBA.c...
compiling application_mode_page.c...
compiling APPLICATION_MODE_TEST.C...
compiling application_rf.c...
compiling usb_desc.c...
compiling usbclass.c...
compiling driver_rf.c...
compiling driver_usb.c...
compiling usb.c...
linking...
Program Size: Code=29384 RO-data=680 RW-data=384 ZI-data=37152  
After Build - User command #1: fromelf --bin --output .\output\app\bk3633_app.bin .\obj\bk3633_app.axf
After Build - User command #2: .\output\translate.bat
d:\Projects\mouse\RTX\SDK\projects\RX>.\output\BinConvert  -oad .\output\boot\bk3633_boot.bin  .\output\stack\bk3633_stack.bin  .\output\app\bk3633_app.bin -m 0x7800 -l 0x7900 -v 0x0026 -rom_v 0x0014 -e 00000000 00000000 00000000 00000000 
cmd_bin_oad.stack_file_addr :0x7800
binary version hex:0x26; dec:38
Arm Image Binary will be converted to OAD format binary file.....
cmd_bin_oad.stack_file_addr=7800
boot_bin_len=2fcc
add stack bin start
        Encrypt Seccessfully!
        File Size: 0xff88
oad_stack_app_bin_len=8100
oad_app_bin_len=7ff0
46 ca 20 c7 26 00 fc 1f 42 42 42 42 ff ff 14 00 /**< @CREATE_FILE_SUCCESS */
/**< @Download flash file:.\output\app\bk3633_app_merge_crc.bin
/**< @OAD file :.\output\app\bk3633_app_stack_oad.bin,CRC = 0xfb8fb490
/**< @OAD file :.\output\app\bk3633_app_oad.bin,CRC = 0xc720ca46
/**< @author <gang.cheng@bekencorp.com> */
/**< @version v0.3 */
d:\Projects\mouse\RTX\SDK\projects\RX>del .\output\app\bk3633_app_merge_boot_stack.out 
d:\Projects\mouse\RTX\SDK\projects\RX>del .\output\app\bk3633_app_stack_oad.bin 
".\obj\bk3633_app.axf" - 0 Error(s), 3 Warning(s).
Build Time Elapsed:  00:00:03
</pre>
</body>
</html>
