Component: ARM Compiler 5.06 update 6 (build 750) Tool: armlink [4d35ed]

==============================================================================

Section Cross References

    handlers.o(SYS_BOOT) refers to main.o(.text) for main
    vectors.o(SYS_BOOT) refers to handlers.o(SYS_BOOT) for sys_Reset
    vectors.o(SYS_BOOT) refers to intc.o(.text) for Undefined_Exception
    vectors.o(SYS_BOOT) refers to intc.o(sys_irq_entry) for SYSirq_IRQ_Handler
    vectors.o(SYS_BOOT) refers to intc.o(sys_fiq_entry) for SYSirq_FIQ_Handler
    main.o(.text) refers to uart.o(.text) for uart0_printf
    main.o(.text) refers to main.o(i.__ARM_common_disable_fiq) for __ARM_common_disable_fiq
    main.o(.text) refers to main.o(i.__ARM_common_disable_irq) for __ARM_common_disable_irq
    main.o(.text) refers to icu.o(.text) for cpu_reset
    main.o(.text) refers to intc.o(.text) for intc_init
    main.o(.text) refers to gpio.o(.text) for gpio_init
    main.o(.text) refers to flash.o(.text) for flash_init
    main.o(.text) refers to rf_xvr_24.o(.text) for xvr_reg_initial
    main.o(.text) refers to adc.o(.text) for adc_init
    main.o(.text) refers to main.o(i.__ARM_common_enable_fiq) for __ARM_common_enable_fiq
    main.o(.text) refers to main.o(i.__ARM_common_enable_irq) for __ARM_common_enable_irq
    main.o(.text) refers to user_handle.o(.text) for user_fn24_main
    main.o(.text) refers to app.o(.text) for app_gpio_sleep
    intc.o(.text) refers to icu.o(.text) for cpu_wakeup
    intc.o(.text) refers to uart.o(.text) for uart_isr
    intc.o(.text) refers to uart2.o(.text) for uart2_isr
    intc.o(.text) refers to adc.o(.text) for adc_isr
    intc.o(.text) refers to gpio.o(.text) for gpio_isr
    intc.o(.text) refers to i2c.o(.text) for i2c_isr
    intc.o(.text) refers to driver_timer.o(.text) for Timer_ISR0
    intc.o(.text) refers to aes.o(.text) for rwip_isr
    intc.o(.text) refers to dma.o(.text) for dma_isr
    intc.o(sys_fiq_entry) refers to intc.o(.text) for intc_fiq
    intc.o(sys_irq_entry) refers to intc.o(.text) for intc_irq
    app.o(.text) refers to gpio.o(.text) for gpio_get_input
    app.o(.text) refers to driver_timer.o(.text) for Timer0_Stop
    app.o(.text) refers to app.o(.data) for .data
    app.o(.text) refers to application_main.o(.bss) for system_data
    app.o(.text) refers to application_mode_normal.o(.data) for RF_flag
    app.o(.text) refers to user_handle.o(.data) for ch_chan
    app.o(.text) refers to app_key.o(.data) for key_loop_ct
    app.o(.text) refers to app_key.o(.data) for key_loop_flag
    app.o(.text) refers to app_key.o(.data) for key_double_ct
    app.o(.text) refers to user_handle.o(.data) for pair_step_timeout
    app.o(.text) refers to user_handle.o(.data) for low_power_flag
    aes.o(.text) refers to memcpya.o(.text) for __aeabi_memcpy
    aes.o(.text) refers to uart.o(.text) for uart0_printf
    aes.o(.text) refers to aes.o(.data) for .data
    user_handle.o(.text) refers to application_main.o(.text) for fReadRFAddr
    user_handle.o(.text) refers to driver_timer.o(.text) for Timer_Initial
    user_handle.o(.text) refers to uart.o(.text) for uart0_printf
    user_handle.o(.text) refers to flash.o(.text) for flash_read_data
    user_handle.o(.text) refers to driver_rf.o(.text) for memcpy_2461
    user_handle.o(.text) refers to rf_xvr_24.o(.text) for Delay_ms
    user_handle.o(.text) refers to uidiv.o(.text) for __aeabi_uidivmod
    user_handle.o(.text) refers to gpio.o(.text) for gpio_set
    user_handle.o(.text) refers to dfltui.o(.text) for __aeabi_ui2d
    user_handle.o(.text) refers to ddiv.o(.text) for __aeabi_ddiv
    user_handle.o(.text) refers to memcpya.o(.text) for __aeabi_memcpy
    user_handle.o(.text) refers to app_key.o(.text) for key_loop
    user_handle.o(.text) refers to app_gyroscope.o(.text) for mouse
    user_handle.o(.text) refers to app.o(.text) for app_timer0_1_int_cb
    user_handle.o(.text) refers to user_handle.o(.data) for .data
    user_handle.o(.text) refers to driver_rf.o(.data) for P0_Address
    user_handle.o(.text) refers to driver_rf.o(.bss) for rf_fifo_data
    user_handle.o(.text) refers to application_mode_normal.o(.data) for RF_flag
    user_handle.o(.text) refers to app.o(.data) for uCH_ChCt
    user_handle.o(.text) refers to app_key.o(.data) for keys_press
    user_handle.o(.text) refers to app_gyroscope.o(.data) for cursor_speed
    user_handle.o(.text) refers to application_main.o(.bss) for system_data
    user_handle.o(.text) refers to uart.o(.data) for uart_rx_done
    user_handle.o(.text) refers to uart.o(.bss) for uart_rx_buf
    user_handle.o(.text) refers to user_handle.o(.bss) for .bss
    user_handle.o(.text) refers to app_key.o(.data) for key_loop_flag
    user_handle.o(.text) refers to app_key.o(.data) for key_loop_ct
    user_handle.o(.text) refers to driver_rf.o(.data) for rf_address_tx_pub
    user_handle.o(.text) refers to adc.o(.text) for adc_get_value
    app_key.o(.text) refers to gpio.o(.text) for gpio_set
[...]
    index                                    0x00400974   Data           2  uart.o(.data)
    length                                   0x00400976   Data           2  uart.o(.data)
    .data                                    0x0040097c   Section        8  i2c.o(.data)
    i2c_msg                                  0x00400980   Data           4  i2c.o(.data)
    .data                                    0x00400984   Section       52  driver_timer.o(.data)
    timer0_0_int_cb                          0x00400988   Data           4  driver_timer.o(.data)
    timer0_1_int_cb                          0x0040098c   Data           4  driver_timer.o(.data)
    timer0_2_int_cb                          0x00400990   Data           4  driver_timer.o(.data)
    timer1_0_int_cb                          0x00400994   Data           4  driver_timer.o(.data)
    timer1_1_int_cb                          0x00400998   Data           4  driver_timer.o(.data)
    timer1_2_int_cb                          0x0040099c   Data           4  driver_timer.o(.data)
    .data                                    0x004009b8   Section        1  driver_sensor.o(.data)
    dcount                                   0x004009b8   Data           1  driver_sensor.o(.data)
    .data                                    0x004009b9   Section        1  driver_sensor.o(.data)
    .data                                    0x004009ba   Section        1  application_main.o(.data)
    .data                                    0x004009bc   Section       32  application_mode_normal.o(.data)
    bLEDState                                0x004009c0   Data           1  application_mode_normal.o(.data)
    .data                                    0x004009dc   Section       32  application_mode_page.o(.data)
    .data                                    0x004009fc   Section        3  application_mode_pcba.o(.data)
    .data                                    0x00400a00   Section        8  application_mode_test.o(.data)
    .data                                    0x00400a08   Section        1  application_rf.o(.data)
    .data                                    0x00400a0c   Section      100  driver_rf.o(.data)
    .data                                    0x00400a70   Section       24  driver_rf.o(.data)
    .data                                    0x00400a88   Section        1  driver_rf.o(.data)
    .data                                    0x00400a8c   Section       27  usb.o(.data)
    .data                                    0x00400aa7   Section        1  usbclass.o(.data)
    .data                                    0x00400aa8   Section        4  mvars.o(.data)
    .data                                    0x00400aac   Section        4  mvars.o(.data)
    .data                                    0x00400ab0   Section        4  errno.o(.data)
    _errno                                   0x00400ab0   Data           4  errno.o(.data)
    .bss                                     0x00400ab4   Section       10  user_handle.o(.bss)
    .bss                                     0x00400ac0   Section      240  app_gyroscope.o(.bss)
    prev_gyro                                0x00400ad8   Data          12  app_gyroscope.o(.bss)
    .bss                                     0x00400bb0   Section       16  flash.o(.bss)
    .bss                                     0x00400bc0   Section      128  rf_xvr_24.o(.bss)
    .bss                                     0x00400c40   Section       12  spi.o(.bss)
    .bss                                     0x00400c4c   Section      288  uart2.o(.bss)
    uart_cmd                                 0x00400c4c   Data          32  uart2.o(.bss)
    .bss                                     0x00400d6c   Section      200  uart.o(.bss)
    uart_cmd                                 0x00400d6c   Data          32  uart.o(.bss)
    uart_env                                 0x00400d8c   Data          40  uart.o(.bss)
    .bss                                     0x00400e34   Section       60  application_main.o(.bss)
    .bss                                     0x00400e70   Section       32  driver_rf.o(.bss)
    .bss                                     0x00400e90   Section       16  driver_usb.o(.bss)
    .bss                                     0x00400ea0   Section      236  usb.o(.bss)
    pipIntf                                  0x00400eb4   Data         216  usb.o(.bss)

    Global Symbols

    Symbol Name                              Value     Ov Type        Size  Object(Section)

    BuildAttributes$$THM_ISAv2$ARM_ISAv5$E$P$S$PE$A:L22$X:L11$S22$IEEE1$IW$USESV6$~STKCKD$USESV7$~SHL$OTIME$ROPI$IEEEX$EBA8$MICROLIB$REQ8$PRES8$EABIv2 0x00000000   Number         0  anon$$obj.o ABSOLUTE
    Image$$RAM_BSS$$Length                   0x00000000   Number         0  anon$$obj.o ABSOLUTE
    __ARM_use_no_argv                        0x00000000   Number         0  main.o ABSOLUTE
    __cpp_initialize__aeabi_                  - Undefined Weak Reference
    __cxa_finalize                            - Undefined Weak Reference
    __decompress                              - Undefined Weak Reference
    _clock_init                               - Undefined Weak Reference
    _microlib_exit                            - Undefined Weak Reference
    Image$$RAM_STACK_UNUSED$$ZI$$Length      0x00000060   Number         0  anon$$obj.o ABSOLUTE
    Image$$RAM_STACK_FIQ$$ZI$$Length         0x000001f0   Number         0  anon$$obj.o ABSOLUTE
    Image$$RAM_DATA$$Length                  0x000002b4   Number         0  anon$$obj.o ABSOLUTE
    Image$$RAM_STACK_IRQ$$ZI$$Length         0x000003f0   Number         0  anon$$obj.o ABSOLUTE
    Image$$RAM_BSS$$ZI$$Length               0x000004d8   Number         0  anon$$obj.o ABSOLUTE
    Image$$RAM_STACK_SVC$$ZI$$Length         0x000006f0   Number         0  anon$$obj.o ABSOLUTE
    boot_stack_base_UNUSED                   0x00007964   Data           4  handlers.o(SYS_BOOT)
    boot_stack_len_UNUSED                    0x00007968   Data           4  handlers.o(SYS_BOOT)
    boot_stack_base_IRQ                      0x0000796c   Data           4  handlers.o(SYS_BOOT)
    boot_stack_len_IRQ                       0x00007970   Data           4  handlers.o(SYS_BOOT)
    boot_stack_base_SVC                      0x00007974   Data           4  handlers.o(SYS_BOOT)
    boot_stack_len_SVC                       0x00007978   Data           4  handlers.o(SYS_BOOT)
    boot_stack_base_FIQ                      0x0000797c   Data           4  handlers.o(SYS_BOOT)
    boot_stack_len_FIQ                       0x00007980   Data           4  handlers.o(SYS_BOOT)
    sys_Reset                                0x00007984   ARM Code       0  handlers.o(SYS_BOOT)
    Long ARM to Thumb Veneer to SoftwareInterrupt_Exception 0x00007b50   ARM Code       8  anon$$obj.o(Veneer$$Code)
    Long ARM to Thumb Veneer to PrefetchAbort_Exception 0x00007b58   ARM Code       8  anon$$obj.o(Veneer$$Code)
    Long ARM to Thumb Veneer to DataAbort_Exception 0x00007b60   ARM Code       8  anon$$obj.o(Veneer$$Code)
    Long ARM to Thumb Veneer to Reserved_Exception 0x00007b68   ARM Code       8  anon$$obj.o(Veneer$$Code)
    SYSirq_FIQ_Handler                       0x00007c00   ARM Code      16  intc.o(sys_fiq_entry)
    SYSirq_IRQ_Handler                       0x00007c20   ARM Code      16  intc.o(sys_irq_entry)
    __main                                   0x00007c30   ARM Code       0  entry.o(.ARM.Collect$$$$00000000)
    _main_stk                                0x00007c30   ARM Code       0  entry4.o(.ARM.Collect$$$$00000003)
    _main_scatterload                        0x00007c34   ARM Code       0  entry5.o(.ARM.Collect$$$$00000004)
    __main_after_scatterload                 0x00007c38   ARM Code       0  entry5.o(.ARM.Collect$$$$00000004)
    _main_clock                              0x00007c38   ARM Code       0  entry7b.o(.ARM.Collect$$$$00000008)
    _main_cpp_init                           0x00007c38   ARM Code       0  entry8b.o(.ARM.Collect$$$$0000000A)
    _main_init                               0x00007c38   ARM Code       0  entry9a.o(.ARM.Collect$$$$0000000B)
    __rt_final_cpp                           0x00007c44   ARM Code       0  entry10a.o(.ARM.Collect$$$$0000000D)
    __rt_final_exit                          0x00007c44   ARM Code       0  entry11a.o(.ARM.Collect$$$$0000000F)
    Inline ARM to Thumb Veneer to main       0x00007c48   ARM Code       8  main.o(.text)
    platform_reset                           0x00007c51   Thumb Code    24  main.o(.text)
    main                                     0x00007c69   Thumb Code    78  main.o(.text)
    Inline ARM to Thumb Veneer to Undefined_Exception 0x00007ce4   ARM Code       8  intc.o(.text)
    intc_init                                0x00007ced   Thumb Code    10  intc.o(.text)
    intc_irq                                 0x00007cf7   Thumb Code   104  intc.o(.text)
    intc_fiq                                 0x00007d5f   Thumb Code    36  intc.o(.text)
    Undefined_Exception                      0x00007d83   Thumb Code     2  intc.o(.text)
    SoftwareInterrupt_Exception              0x00007d85   Thumb Code     2  intc.o(.text)
    PrefetchAbort_Exception                  0x00007d87   Thumb Code     2  intc.o(.text)
    DataAbort_Exception                      0x00007d89   Thumb Code     2  intc.o(.text)
    Reserved_Exception                       0x00007d8b   Thumb Code     2  intc.o(.text)
    app_mouse_wheel_scan                     0x00007d91   Thumb Code   146  app.o(.text)
    app_mouse_key_scan                       0x00007e23   Thumb Code   170  app.o(.text)
    app_mouse_key_check                      0x00007ecd   Thumb Code    16  app.o(.text)
    app_gpio_sleep                           0x00007edd   Thumb Code   106  app.o(.text)
    driver_timer0_reset                      0x00007f47   Thumb Code    36  app.o(.text)
    driver_timer1_reset                      0x00007f6b   Thumb Code     2  app.o(.text)
    driver_delay_set_with_base_tick          0x00007f6d   Thumb Code    12  app.o(.text)
    driver_delay_with_base_tick_expire_check 0x00007f79   Thumb Code    20  app.o(.text)
    Wait_Xms                                 0x00007f8d   Thumb Code    24  app.o(.text)
    app_timer0_1_int_cb                      0x00007fa5   Thumb Code   730  app.o(.text)
    app_timer1_2_int_cb                      0x0000827f   Thumb Code     2  app.o(.text)
    rwip_aes_encrypt                         0x000082b1   Thumb Code   152  aes.o(.text)
    rwip_isr                                 0x00008349   Thumb Code    36  aes.o(.text)
    app_aes_test                             0x0000836d   Thumb Code   264  aes.o(.text)
    user_application_initial                 0x000084c5   Thumb Code    60  user_handle.o(.text)
    user_rf_receive_set                      0x00008501   Thumb Code   138  user_handle.o(.text)
    user_rf_receive_package                  0x0000858b   Thumb Code    68  user_handle.o(.text)
    send_action                              0x000085cf   Thumb Code    34  user_handle.o(.text)
    mouse_send                               0x000085f1   Thumb Code    84  user_handle.o(.text)
    jump_frequency                           0x00008645   Thumb Code    60  user_handle.o(.text)
    receive_action                           0x00008681   Thumb Code   254  user_handle.o(.text)
    user_application_normal_mode             0x0000877f   Thumb Code   622  user_handle.o(.text)
    user_rf_receive_page_set                 0x000089ed   Thumb Code    44  user_handle.o(.text)
    user_application_page_mode               0x00008a19   Thumb Code   772  user_handle.o(.text)
    user_fn24_main                           0x00008d1d   Thumb Code   592  user_handle.o(.text)
    bat_check                                0x00008f6d   Thumb Code    12  user_handle.o(.text)
    key_short_press_handler                  0x00008f79   Thumb Code    88  app_key.o(.text)
    key_long_press_handler                   0x00008fd1   Thumb Code    66  app_key.o(.text)
    key_long_release_handler                 0x00009013   Thumb Code    68  app_key.o(.text)
    key_short_release_handler                0x00009057   Thumb Code    76  app_key.o(.text)
    key_press                                0x000090a3   Thumb Code    32  app_key.o(.text)
    key_release                              0x000090c3   Thumb Code    40  app_key.o(.text)
    key_count                                0x000090eb   Thumb Code   126  app_key.o(.text)
    key_loop                                 0x00009169   Thumb Code   226  app_key.o(.text)
    read_sensor_data                         0x00009259   Thumb Code    20  app_gyroscope.o(.text)
    write_sensor_data                        0x0000926d   Thumb Code    16  app_gyroscope.o(.text)
    get_gyro_data                            0x0000927d   Thumb Code    92  app_gyroscope.o(.text)
    raw_to_physical                          0x000092d9   Thumb Code   134  app_gyroscope.o(.text)
    calculate_displacement                   0x0000935f   Thumb Code    72  app_gyroscope.o(.text)
    yijiehubu_P                              0x000093a7   Thumb Code    62  app_gyroscope.o(.text)
    common_sin_val_calculate                 0x000093e5   Thumb Code   106  app_gyroscope.o(.text)
    common_cos_val_calculate                 0x0000944f   Thumb Code   106  app_gyroscope.o(.text)
    rotate_point                             0x000094b9   Thumb Code   172  app_gyroscope.o(.text)
    Filter_threshold                         0x00009565   Thumb Code    52  app_gyroscope.o(.text)
    window_filter                            0x00009599   Thumb Code    70  app_gyroscope.o(.text)
    imu_final_data_get                       0x000095df   Thumb Code   130  app_gyroscope.o(.text)
    kalmanFilter                             0x0000968f   Thumb Code   144  app_gyroscope.o(.text)
    algorithm                                0x0000971f   Thumb Code  1122  app_gyroscope.o(.text)
    calculate_acc_angle                      0x00009b81   Thumb Code   170  app_gyroscope.o(.text)
    mouse_init                               0x00009c2b   Thumb Code    64  app_gyroscope.o(.text)
    mouse                                    0x00009c6b   Thumb Code   420  app_gyroscope.o(.text)
    set_flash_info                           0x00009e7d   Thumb Code    56  flash.o(.text)
    set_flash_clk                            0x00009eb5   Thumb Code    40  flash.o(.text)
    get_flash_ID                             0x00009edd   Thumb Code    34  flash.o(.text)
    flash_read_sr                            0x00009eff   Thumb Code    44  flash.o(.text)
    flash_write_sr_temp                      0x00009f2b   Thumb Code   190  flash.o(.text)
    flash_write_sr                           0x00009fe9   Thumb Code   152  flash.o(.text)
    flash_wp_256k                            0x0000a081   Thumb Code   110  flash.o(.text)
    flash_wp_496k                            0x0000a0ef   Thumb Code   118  flash.o(.text)
    flash_wp_all                             0x0000a165   Thumb Code   110  flash.o(.text)
    flash_wp_none                            0x0000a1d3   Thumb Code    32  flash.o(.text)
    flash_advance_init                       0x0000a1f3   Thumb Code    28  flash.o(.text)
    clr_flash_qwfr                           0x0000a20f   Thumb Code   222  flash.o(.text)
    flash_set_dual_mode                      0x0000a2ed   Thumb Code    32  flash.o(.text)
    flash_init                               0x0000a30d   Thumb Code    18  flash.o(.text)
    flash_set_line_mode                      0x0000a31f   Thumb Code     2  flash.o(.text)
    flash_erase_sector                       0x0000a321   Thumb Code    92  flash.o(.text)
    flash_read_data                          0x0000a37d   Thumb Code   156  flash.o(.text)
    flash_write_data                         0x0000a419   Thumb Code   304  flash.o(.text)
    flash_set_qe                             0x0000a549   Thumb Code    44  flash.o(.text)
    flash_read                               0x0000a575   Thumb Code    46  flash.o(.text)
    flash_write                              0x0000a5a3   Thumb Code   102  flash.o(.text)
    flash_erase                              0x0000a609   Thumb Code    90  flash.o(.text)
    flash_write_some_data                    0x0000a663   Thumb Code    96  flash.o(.text)
    flash_test                               0x0000a6c3   Thumb Code   252  flash.o(.text)
    Delay_ms                                 0x0000a7d5   Thumb Code    26  rf_xvr_24.o(.text)
    pll_clk_calibration                      0x0000a7ef   Thumb Code    38  rf_xvr_24.o(.text)
    xvr_reg_initial_24                       0x0000a815   Thumb Code    62  rf_xvr_24.o(.text)
    CLK32K_AutoCali_init                     0x0000a853   Thumb Code    72  rf_xvr_24.o(.text)
    kmod_calibration                         0x0000a89b   Thumb Code   254  rf_xvr_24.o(.text)
    xtal_cal_set                             0x0000a999   Thumb Code    26  rf_xvr_24.o(.text)
    xvr_reg_initial                          0x0000a9b3   Thumb Code   394  rf_xvr_24.o(.text)
    Delay_us                                 0x0000ab3d   Thumb Code    20  rf_xvr_24.o(.text)
    Delay                                    0x0000ab51   Thumb Code    20  rf_xvr_24.o(.text)
    RF250_calibration                        0x0000ab65   Thumb Code   754  rf_xvr_24.o(.text)
    singleWaveCfg                            0x0000ae57   Thumb Code    38  rf_xvr_24.o(.text)
    set_power                                0x0000ae7d   Thumb Code    50  rf_xvr_24.o(.text)
    gpio_config                              0x0000aebd   Thumb Code    84  gpio.o(.text)
    gpio_get_input                           0x0000af11   Thumb Code    24  gpio.o(.text)
    gpio_set                                 0x0000af29   Thumb Code    34  gpio.o(.text)
    gpio_set_neg                             0x0000af4b   Thumb Code    26  gpio.o(.text)
    gpio_set_int_mode                        0x0000af65   Thumb Code    86  gpio.o(.text)
    gpio_init                                0x0000afbb   Thumb Code    10  gpio.o(.text)
    gpio_triger                              0x0000afc5   Thumb Code    20  gpio.o(.text)
    gpio_cb_register                         0x0000afd9   Thumb Code    10  gpio.o(.text)
    gpio_isr                                 0x0000afe3   Thumb Code    12  gpio.o(.text)
    gpio_wakeup_config                       0x0000afef   Thumb Code     4  gpio.o(.text)
    gpio_wakeup                              0x0000aff3   Thumb Code    32  gpio.o(.text)
    DEBUG_MSG                                0x0000b013   Thumb Code     2  gpio.o(.text)
    sys_mode_init                            0x0000b021   Thumb Code     6  icu.o(.text)
    get_sys_mode                             0x0000b027   Thumb Code     6  icu.o(.text)
    icu_init                                 0x0000b02d   Thumb Code    86  icu.o(.text)
    icu_get_sleep_mode                       0x0000b083   Thumb Code     6  icu.o(.text)
    icu_set_sleep_mode                       0x0000b089   Thumb Code     6  icu.o(.text)
    cpu_reduce_voltage_sleep                 0x0000b08f   Thumb Code   158  icu.o(.text)
    cpu_wakeup                               0x0000b12d   Thumb Code    82  icu.o(.text)
    cpu_idle_sleep                           0x0000b17f   Thumb Code    26  icu.o(.text)
    mcu_clk_switch                           0x0000b199   Thumb Code   278  icu.o(.text)
    deep_sleep_wakeup_set                    0x0000b2af   Thumb Code    20  icu.o(.text)
    cpu_delay                                0x0000b2c3   Thumb Code    12  icu.o(.text)
    system_set_reset_reson                   0x0000b2cf   Thumb Code    24  icu.o(.text)
    deep_sleep                               0x0000b2e7   Thumb Code    86  icu.o(.text)
    cpu_reset                                0x0000b33d   Thumb Code    32  icu.o(.text)
    system_reset_reson                       0x0000b35d   Thumb Code   150  icu.o(.text)
    test_reset_reason                        0x0000b3f3   Thumb Code   278  icu.o(.text)
    rw_sleep                                 0x0000b509   Thumb Code    30  icu.o(.text)
    rw_wakeup                                0x0000b527   Thumb Code    14  icu.o(.text)
    cpu_usb_reduce_voltage_sleep             0x0000b535   Thumb Code   154  icu.o(.text)
    cpu_24_reduce_voltage_sleep              0x0000b5cf   Thumb Code   132  icu.o(.text)
    cpu_24_wakeup                            0x0000b653   Thumb Code   106  icu.o(.text)
    wdt_disable                              0x0000b6e1   Thumb Code    16  wdt.o(.text)
    wdt_enable                               0x0000b6f1   Thumb Code    18  wdt.o(.text)
    wdt_feed                                 0x0000b703   Thumb Code    12  wdt.o(.text)
    adc_init                                 0x0000b715   Thumb Code    98  adc.o(.text)
    adc_deinit                               0x0000b777   Thumb Code    48  adc.o(.text)
    adc_isr                                  0x0000b7a7   Thumb Code    18  adc.o(.text)
    adc_get_value                            0x0000b7b9   Thumb Code    88  adc.o(.text)
    calib_adc                                0x0000b811   Thumb Code   104  adc.o(.text)
    check_low_volt_sleep                     0x0000b879   Thumb Code   132  adc.o(.text)
    get_temperature_value                    0x0000b8fd   Thumb Code    74  adc.o(.text)
    uart2_init                               0x0000b9a1   Thumb Code    84  uart2.o(.text)
    uart2_send                               0x0000b9f5   Thumb Code    24  uart2.o(.text)
    clear_uart2_buffer                       0x0000ba0d   Thumb Code    30  uart2.o(.text)
    uart2_printf                             0x0000ba2b   Thumb Code    38  uart2.o(.text)
    uart2_printf_null                        0x0000ba51   Thumb Code     4  uart2.o(.text)
    uart2_rx_cmd_handler                     0x0000ba55   Thumb Code    78  uart2.o(.text)
    uart2_rx_handler                         0x0000baa3   Thumb Code    96  uart2.o(.text)
    uart2_isr                                0x0000bb03   Thumb Code    68  uart2.o(.text)
    uart2_rx_cmd_respone                     0x0000bb47   Thumb Code    58  uart2.o(.text)
    uart_init                                0x0000bb9d   Thumb Code   104  uart.o(.text)
    uart_send                                0x0000bc05   Thumb Code    32  uart.o(.text)
    uart0_printf                             0x0000bc25   Thumb Code    48  uart.o(.text)
    uart_flow_on                             0x0000bc55   Thumb Code     2  uart.o(.text)
    uart_flow_off                            0x0000bc57   Thumb Code     4  uart.o(.text)
    uart_read                                0x0000bc5b   Thumb Code    22  uart.o(.text)
    uart_write                               0x0000bc71   Thumb Code    22  uart.o(.text)
    uart_printf_dut                          0x0000bc87   Thumb Code    32  uart.o(.text)
    uart_rx_cmd_handler                      0x0000bca7   Thumb Code    88  uart.o(.text)
    uart_rx_handler                          0x0000bcff   Thumb Code    96  uart.o(.text)
    uart_isr                                 0x0000bd5f   Thumb Code    82  uart.o(.text)
    uart_rx_cmd_respone                      0x0000bdb1   Thumb Code    58  uart.o(.text)
    uart1_dma_isr_callback                   0x0000bdeb   Thumb Code    22  uart.o(.text)
    uart1_dma_write                          0x0000be01   Thumb Code    38  uart.o(.text)
    uart1_dma_read                           0x0000be27   Thumb Code    38  uart.o(.text)
    i2c_write                                0x0000bf3f   Thumb Code    88  i2c.o(.text)
    i2c_read                                 0x0000bf97   Thumb Code   114  i2c.o(.text)
    i2c_init                                 0x0000c009   Thumb Code   164  i2c.o(.text)
    i2c_isr                                  0x0000c0ad   Thumb Code   982  i2c.o(.text)
    dma_config_write                         0x0000c535   Thumb Code    48  dma.o(.text)
    dma_config_read                          0x0000c565   Thumb Code    48  dma.o(.text)
    dma_isr_stat_get                         0x0000c595   Thumb Code     6  dma.o(.text)
    dma_isr_stat_set                         0x0000c59b   Thumb Code     6  dma.o(.text)
    dma_isr                                  0x0000c5a1   Thumb Code    58  dma.o(.text)
    timer_cb_register                        0x0000c5fd   Thumb Code    82  driver_timer.o(.text)
    Timer_Initial                            0x0000c64f   Thumb Code    88  driver_timer.o(.text)
    Timer0_Start                             0x0000c6a7   Thumb Code   104  driver_timer.o(.text)
    Timer0_1m5_Start                         0x0000c70f   Thumb Code    84  driver_timer.o(.text)
    Timer1_Start                             0x0000c763   Thumb Code   100  driver_timer.o(.text)
    Timer1_ReStart                           0x0000c7c7   Thumb Code    82  driver_timer.o(.text)
    Timer0_Stop                              0x0000c819   Thumb Code    64  driver_timer.o(.text)
    Timer1_Stop                              0x0000c859   Thumb Code    74  driver_timer.o(.text)
    Timer_ISR0                               0x0000c8a3   Thumb Code    84  driver_timer.o(.text)
    Timer_ISR1                               0x0000c8f7   Thumb Code    84  driver_timer.o(.text)
    driver_sensor_paw3204_spi_init           0x0000c95d   Thumb Code    58  driver_sensor.o(.text)
    driver_sensor_paw3204_send_byte          0x0000c997   Thumb Code    58  driver_sensor.o(.text)
    driver_sensor_paw3204_read_byte          0x0000c9d1   Thumb Code    64  driver_sensor.o(.text)
    driver_sensor_paw3204_read_data          0x0000ca11   Thumb Code    44  driver_sensor.o(.text)
    driver_sensor_paw3204_send_data          0x0000ca3d   Thumb Code    20  driver_sensor.o(.text)
    resync                                   0x0000ca51   Thumb Code    32  driver_sensor.o(.text)
    resync1                                  0x0000ca71   Thumb Code    32  driver_sensor.o(.text)
    driver_sensor_paw3204_cpi_set_value      0x0000ca91   Thumb Code   106  driver_sensor.o(.text)
    app_sensor_paw3065_inital                0x0000cafb   Thumb Code     4  driver_sensor.o(.text)
    app_sensor_paw3205_inital                0x0000caff   Thumb Code     4  driver_sensor.o(.text)
    app_sensor_get_id                        0x0000cb03   Thumb Code    64  driver_sensor.o(.text)
    app_sensor_init                          0x0000cb43   Thumb Code    10  driver_sensor.o(.text)
    app_sensor_3205_check                    0x0000cb4d   Thumb Code   110  driver_sensor.o(.text)
    app_sensor_check                         0x0000cbbb   Thumb Code     2  driver_sensor.o(.text)
    sensor_powerdown                         0x0000cbbd   Thumb Code     2  driver_sensor.o(.text)
    driver_sensor_check_up                   0x0000cbbf   Thumb Code    44  driver_sensor.o(.text)
    app_sensor_powerdown                     0x0000cbeb   Thumb Code     2  driver_sensor.o(.text)
    app_sensor_wakeup                        0x0000cbed   Thumb Code     2  driver_sensor.o(.text)
    f24Init                                  0x0000cbfd   Thumb Code    14  application_main.o(.text)
    f24GetFreqConfigValue                    0x0000cc0b   Thumb Code    38  application_main.o(.text)
    fReadRFAddr                              0x0000cc31   Thumb Code    92  application_main.o(.text)
    application_initial                      0x0000cc8d   Thumb Code    86  application_main.o(.text)
    app_set_24page_timer                     0x0000cce3   Thumb Code    46  application_main.o(.text)
    fWorkModeInit                            0x0000cd11   Thumb Code    52  application_main.o(.text)
    fn24main                                 0x0000cd45   Thumb Code    68  application_main.o(.text)
    application_mouse_channel_search         0x0000ce25   Thumb Code    96  application_mode_normal.o(.text)
    application_normal_mode_initial          0x0000ce85   Thumb Code   116  application_mode_normal.o(.text)
    application_mouse_status_check           0x0000cef9   Thumb Code   200  application_mode_normal.o(.text)
    application_mouse_rf_send_check          0x0000cfc1   Thumb Code   126  application_mode_normal.o(.text)
    LED_Ctrl                                 0x0000d03f   Thumb Code    16  application_mode_normal.o(.text)
    application_mouse_led_start              0x0000d04f   Thumb Code    34  application_mode_normal.o(.text)
    application_mouse_sleep_check            0x0000d071   Thumb Code   172  application_mode_normal.o(.text)
    application_mouse_idle_oscxmhz           0x0000d11d   Thumb Code    28  application_mode_normal.o(.text)
    application_mouse_wake_up_from_32khz     0x0000d139   Thumb Code    24  application_mode_normal.o(.text)
    application_mouse_idle_rc32khz           0x0000d151   Thumb Code     8  application_mode_normal.o(.text)
    application_page_key_check               0x0000d159   Thumb Code    54  application_mode_normal.o(.text)
    LED_Toggle                               0x0000d18f   Thumb Code    24  application_mode_normal.o(.text)
    application_mouse_led_process            0x0000d1a7   Thumb Code    44  application_mode_normal.o(.text)
    driver_lbd_process                       0x0000d1d3   Thumb Code   218  application_mode_normal.o(.text)
    application_normal_mode                  0x0000d2ad   Thumb Code   118  application_mode_normal.o(.text)
    general_dongle_search                    0x0000d323   Thumb Code   178  application_mode_normal.o(.text)
    application_page_mode                    0x0000d439   Thumb Code   712  application_mode_page.o(.text)
    REC_OneByte                              0x0000d7bd   Thumb Code    90  application_mode_pcba.o(.text)
    pcba_test_init                           0x0000d817   Thumb Code   114  application_mode_pcba.o(.text)
    send_bind_result                         0x0000d889   Thumb Code   126  application_mode_pcba.o(.text)
    application_PCBA_mode                    0x0000d907   Thumb Code   358  application_mode_pcba.o(.text)
    driver_rf_mode_single_wave               0x0000da91   Thumb Code    50  application_mode_test.o(.text)
    driver_rf_mode_normal                    0x0000dac3   Thumb Code    22  application_mode_test.o(.text)
    application_test_mode                    0x0000dad9   Thumb Code   576  application_mode_test.o(.text)
    application_mouse_rf_synchronize         0x0000dd8d   Thumb Code    22  application_rf.o(.text)
    application_mouse_rf_send_with_insistent_hop_16ch 0x0000dda3   Thumb Code   110  application_rf.o(.text)
    application_mouse_rf_send_start          0x0000de11   Thumb Code   100  application_rf.o(.text)
    application_mouse_rf_send                0x0000de75   Thumb Code   314  application_rf.o(.text)
    PowerUp_Rf                               0x0000dfdd   Thumb Code    12  driver_rf.o(.text)
    PowerDown_Rf                             0x0000dfe9   Thumb Code    12  driver_rf.o(.text)
    SwitchToRxMode                           0x0000dff5   Thumb Code    32  driver_rf.o(.text)
    SwitchToTxMode                           0x0000e015   Thumb Code    34  driver_rf.o(.text)
    memcpy_2461                              0x0000e037   Thumb Code    24  driver_rf.o(.text)
    ChangeTxPipe                             0x0000e04f   Thumb Code   160  driver_rf.o(.text)
    R_RX_PAYLOAD                             0x0000e0ef   Thumb Code    34  driver_rf.o(.text)
    W_TX_PAYLOAD                             0x0000e111   Thumb Code    34  driver_rf.o(.text)
    W_TX_PAYLOAD_NOACK                       0x0000e133   Thumb Code    34  driver_rf.o(.text)
    W_ACK_PAYLOAD                            0x0000e155   Thumb Code    34  driver_rf.o(.text)
    Rf_Init                                  0x0000e177   Thumb Code   172  driver_rf.o(.text)
    SetDataRate                              0x0000e223   Thumb Code   144  driver_rf.o(.text)
    driver_rf_channel_switch                 0x0000e2b3   Thumb Code    90  driver_rf.o(.text)
    driver_set_rf_channel                    0x0000e30d   Thumb Code    30  driver_rf.o(.text)
    driver_rf_data_send                      0x0000e32b   Thumb Code   284  driver_rf.o(.text)
    driver_rf_data_retrans                   0x0000e447   Thumb Code   158  driver_rf.o(.text)
    driver_rf_maxRT_clear                    0x0000e4e5   Thumb Code    20  driver_rf.o(.text)
    driver_rf_data_send_noACK                0x0000e4f9   Thumb Code    60  driver_rf.o(.text)
    driver_rf_data_send_ACK                  0x0000e535   Thumb Code   124  driver_rf.o(.text)
    driver_rf_receive_package                0x0000e5b1   Thumb Code    76  driver_rf.o(.text)
    driver_rf_ouput_power_value_set          0x0000e5fd   Thumb Code    44  driver_rf.o(.text)
    get_rf_rssi                              0x0000e629   Thumb Code    10  driver_rf.o(.text)
    DelayNops_usb                            0x0000e65d   Thumb Code    12  driver_usb.o(.text)
    HwUsb_SetRxIE                            0x0000e669   Thumb Code    10  driver_usb.o(.text)
    HwUsb_GetRxIE                            0x0000e673   Thumb Code    12  driver_usb.o(.text)
    HwUsb_GetRxIF                            0x0000e67f   Thumb Code    12  driver_usb.o(.text)
    HwUsb_SetTxIE                            0x0000e68b   Thumb Code    10  driver_usb.o(.text)
    HwUsb_GetTxIF                            0x0000e695   Thumb Code    12  driver_usb.o(.text)
    HwUsb_GetTxIE                            0x0000e6a1   Thumb Code    12  driver_usb.o(.text)
    HwUsb_Switch2Endp                        0x0000e6ad   Thumb Code     6  driver_usb.o(.text)
    HwUsb_GetCSR                             0x0000e6b3   Thumb Code    12  driver_usb.o(.text)
    HwUsb_GetRxCount                         0x0000e6bf   Thumb Code    12  driver_usb.o(.text)
    HwUsb_EndpRead                           0x0000e6cb   Thumb Code   116  driver_usb.o(.text)
    HwUsb_EndpWrite                          0x0000e73f   Thumb Code    78  driver_usb.o(.text)
    HwUsb_SendStall                          0x0000e78d   Thumb Code    10  driver_usb.o(.text)
    HwUsb_SendZlp                            0x0000e797   Thumb Code    14  driver_usb.o(.text)
    HwUsb_SendPkt                            0x0000e7a5   Thumb Code   124  driver_usb.o(.text)
    AplUsb_StartTx                           0x0000e821   Thumb Code    28  driver_usb.o(.text)
    HwUsb_SetAddress                         0x0000e83d   Thumb Code    10  driver_usb.o(.text)
    usb_init_sw                              0x0000e847   Thumb Code    22  driver_usb.o(.text)
    usb_init                                 0x0000e85d   Thumb Code   124  driver_usb.o(.text)
    usb_deinit                               0x0000e8d9   Thumb Code    32  driver_usb.o(.text)
    AplUsb_GetSOF                            0x0000e8f9   Thumb Code    12  driver_usb.o(.text)
    _ep0_isr                                 0x0000e905   Thumb Code    86  driver_usb.o(.text)
    _endp_tx                                 0x0000e95b   Thumb Code    34  driver_usb.o(.text)
    _endp_rx                                 0x0000e97d   Thumb Code    44  driver_usb.o(.text)
    USB_IsrDispatch                          0x0000e9a9   Thumb Code    98  driver_usb.o(.text)
    USB_InterruptHandler                     0x0000ea0b   Thumb Code    34  driver_usb.o(.text)
    _find_tarDesc                            0x0000ea45   Thumb Code    38  usb.o(.text)
    _find_HidClassRpt                        0x0000ea6b   Thumb Code    42  usb.o(.text)
    _get_nextDesc                            0x0000ea95   Thumb Code    18  usb.o(.text)
    _find_endpDesc_byEndpNo                  0x0000eaa7   Thumb Code    40  usb.o(.text)
    AplUsb_SetTxCbk                          0x0000eacf   Thumb Code    16  usb.o(.text)
    AplUsb_SetRxCbk                          0x0000eadf   Thumb Code    16  usb.o(.text)
    AplUsb_GetRxBuf                          0x0000eaef   Thumb Code    18  usb.o(.text)
    AplUsb_GetTxBuf                          0x0000eb01   Thumb Code    20  usb.o(.text)
    AplUsb_GetTxCbk                          0x0000eb15   Thumb Code    20  usb.o(.text)
    AplUsb_GetRxCbk                          0x0000eb29   Thumb Code    20  usb.o(.text)
    AplUsb_SetSuspend                        0x0000eb3d   Thumb Code     6  usb.o(.text)
    AplUsb_IsConfigured                      0x0000eb43   Thumb Code     6  usb.o(.text)
    _build_pipRxBuf                          0x0000eb49   Thumb Code    66  usb.o(.text)
    _build_pipTxBuf                          0x0000eb8b   Thumb Code    64  usb.o(.text)
    _config_endp                             0x0000ebcb   Thumb Code   342  usb.o(.text)
    config_device                            0x0000ed21   Thumb Code    38  usb.o(.text)
    HalUsbAttributeInit                      0x0000ed47   Thumb Code    12  usb.o(.text)
    HwUsbOpen                                0x0000ed53   Thumb Code    34  usb.o(.text)
    URB_NOT_SUPPORT                          0x0000ed75   Thumb Code    16  usb.o(.text)
    GetRqtRecipient                          0x0000edb9   Thumb Code     8  usb.o(.text)
    GetRqtType                               0x0000edc1   Thumb Code     8  usb.o(.text)
    URB_GET_STATUS                           0x0000edc9   Thumb Code    92  usb.o(.text)
    URB_CLEAR_FEATURE                        0x0000ee25   Thumb Code    94  usb.o(.text)
    URB_SET_FEATURE                          0x0000ee83   Thumb Code   388  usb.o(.text)
    URB_SET_ADDRESS                          0x0000f007   Thumb Code    46  usb.o(.text)
    URB_GET_DESCRIPTOR                       0x0000f035   Thumb Code   216  usb.o(.text)
    URB_GET_CONFIGURATION                    0x0000f10d   Thumb Code    30  usb.o(.text)
    URB_SET_CONFIGURATION                    0x0000f12b   Thumb Code    80  usb.o(.text)
    URB_GET_INTERFACE                        0x0000f17b   Thumb Code    52  usb.o(.text)
    URB_SET_INTERFACE                        0x0000f1af   Thumb Code    56  usb.o(.text)
    HalUsbStandardRequest                    0x0000f1e7   Thumb Code    10  usb.o(.text)
    HalUsbSetupHandle                        0x0000f1f1   Thumb Code    44  usb.o(.text)
    check_usb_suspendmode                    0x0000f21d   Thumb Code    86  usb.o(.text)
    usb_suspend_wakeup                       0x0000f273   Thumb Code    48  usb.o(.text)
    USBDesc_GetDeviceDesc                    0x0000f2cd   Thumb Code     4  usb_desc.o(.text)
    USBDesc_GetConfigDesc                    0x0000f2d1   Thumb Code     6  usb_desc.o(.text)
    UsbDesc_Find                             0x0000f2d7   Thumb Code    46  usb_desc.o(.text)
    USBDesc_GetHidRptDesc                    0x0000f305   Thumb Code     8  usb_desc.o(.text)
    USBDesc_GetStringDesc                    0x0000f30d   Thumb Code     8  usb_desc.o(.text)
    SetRxParameter                           0x0000f319   Thumb Code    40  usbclass.o(.text)
    HalUsbClassRequest                       0x0000f341   Thumb Code    68  usbclass.o(.text)
    __aeabi_uidiv                            0x0000f389   Thumb Code     0  uidiv.o(.text)
    __aeabi_uidivmod                         0x0000f389   Thumb Code    44  uidiv.o(.text)
    __aeabi_idiv                             0x0000f3b5   Thumb Code     0  idiv.o(.text)
    __aeabi_idivmod                          0x0000f3b5   Thumb Code    40  idiv.o(.text)
    __aeabi_memcpy                           0x0000f3dd   Thumb Code    36  memcpya.o(.text)
    __aeabi_memcpy4                          0x0000f3dd   Thumb Code     0  memcpya.o(.text)
    __aeabi_memcpy8                          0x0000f3dd   Thumb Code     0  memcpya.o(.text)
    __aeabi_memset                           0x0000f401   Thumb Code    16  memseta.o(.text)
    __aeabi_memset4                          0x0000f401   Thumb Code     0  memseta.o(.text)
    __aeabi_memset8                          0x0000f401   Thumb Code     0  memseta.o(.text)
    __aeabi_memclr                           0x0000f411   Thumb Code     4  memseta.o(.text)
    __aeabi_memclr4                          0x0000f411   Thumb Code     0  memseta.o(.text)
    __aeabi_memclr8                          0x0000f411   Thumb Code     0  memseta.o(.text)
    _memset$wrapper                          0x0000f415   Thumb Code    18  memseta.o(.text)
    __aeabi_uread4                           0x0000f427   Thumb Code    20  uread4.o(.text)
    __rt_uread4                              0x0000f427   Thumb Code     0  uread4.o(.text)
    _uread4                                  0x0000f427   Thumb Code     0  uread4.o(.text)
    __aeabi_uwrite4                          0x0000f43b   Thumb Code    18  uwrite4.o(.text)
    __rt_uwrite4                             0x0000f43b   Thumb Code     0  uwrite4.o(.text)
    _uwrite4                                 0x0000f43b   Thumb Code     0  uwrite4.o(.text)
    Inline ARM to Thumb Veneer to __aeabi_fadd 0x0000f44c   ARM Code       8  fadd.o(.text)
    __aeabi_fadd                             0x0000f455   Thumb Code   166  fadd.o(.text)
    __aeabi_fsub                             0x0000f4fb   Thumb Code     8  fadd.o(.text)
    __aeabi_frsub                            0x0000f503   Thumb Code     8  fadd.o(.text)
    __aeabi_fmul                             0x0000f50b   Thumb Code   124  fmul.o(.text)
    Inline ARM to Thumb Veneer to __aeabi_fdiv 0x0000f588   ARM Code       8  fdiv.o(.text)
    __aeabi_fdiv                             0x0000f591   Thumb Code   124  fdiv.o(.text)
    Inline ARM to Thumb Veneer to __ARM_scalbnf 0x0000f60c   ARM Code       8  fscalb.o(.text)
    __ARM_scalbnf                            0x0000f615   Thumb Code    24  fscalb.o(.text)
    scalbnf                                  0x0000f615   Thumb Code     0  fscalb.o(.text)
    __aeabi_dadd                             0x0000f62d   Thumb Code   328  dadd.o(.text)
    __aeabi_dsub                             0x0000f775   Thumb Code    12  dadd.o(.text)
    __aeabi_drsub                            0x0000f781   Thumb Code    12  dadd.o(.text)
    __aeabi_dmul                             0x0000f791   Thumb Code   202  dmul.o(.text)
    __aeabi_ddiv                             0x0000f861   Thumb Code   234  ddiv.o(.text)
    __ARM_scalbn                             0x0000f951   Thumb Code    44  dscalb.o(.text)
    scalbn                                   0x0000f951   Thumb Code     0  dscalb.o(.text)
    __aeabi_i2f                              0x0000f97d   Thumb Code    22  fflti.o(.text)
    __aeabi_ui2f                             0x0000f993   Thumb Code    14  ffltui.o(.text)
    __aeabi_i2d                              0x0000f9a1   Thumb Code    34  dflti.o(.text)
    __aeabi_ui2d                             0x0000f9c9   Thumb Code    24  dfltui.o(.text)
    __aeabi_f2iz                             0x0000f9e5   Thumb Code    50  ffixi.o(.text)
    __aeabi_d2iz                             0x0000fa19   Thumb Code    62  dfixi.o(.text)
    __aeabi_d2uiz                            0x0000fa61   Thumb Code    50  dfixui.o(.text)
    __aeabi_f2d                              0x0000fa9d   Thumb Code    40  f2d.o(.text)
    __aeabi_d2f                              0x0000fac5   Thumb Code    56  d2f.o(.text)
    __aeabi_uldivmod                         0x0000fafd   Thumb Code    96  uldiv.o(.text)
    __aeabi_llsl                             0x0000fb5d   Thumb Code    32  llshl.o(.text)
    _ll_shift_l                              0x0000fb5d   Thumb Code     0  llshl.o(.text)
    __aeabi_llsr                             0x0000fb7d   Thumb Code    34  llushr.o(.text)
    _ll_ushift_r                             0x0000fb7d   Thumb Code     0  llushr.o(.text)
    __aeabi_lasr                             0x0000fb9f   Thumb Code    38  llsshr.o(.text)
    _ll_sshift_r                             0x0000fb9f   Thumb Code     0  llsshr.o(.text)
    __I$use$fp                               0x0000fbc4   ARM Code       0  iusefp.o(.text)
    _float_round                             0x0000fbc5   Thumb Code    16  fepilogue.o(.text)
    _float_epilogue                          0x0000fbd5   Thumb Code    88  fepilogue.o(.text)
    _double_round                            0x0000fc2d   Thumb Code    26  depilogue.o(.text)
    _double_epilogue                         0x0000fc47   Thumb Code   164  depilogue.o(.text)
    __aeabi_d2ulz                            0x0000fced   Thumb Code    54  dfixul.o(.text)
    __aeabi_cdrcmple                         0x0000fd2d   Thumb Code    38  cdrcmple.o(.text)
    __scatterload                            0x0000fd55   Thumb Code    22  init.o(.text)
    __scatterload_rt2                        0x0000fd55   Thumb Code     0  init.o(.text)
    _fsqrt                                   0x0000fd75   Thumb Code    88  fsqrt.o(.text)
    __0vsprintf                              0x0000fdcd   Thumb Code    30  printfa.o(i.__0vsprintf)
    __1vsprintf                              0x0000fdcd   Thumb Code     0  printfa.o(i.__0vsprintf)
    __2vsprintf                              0x0000fdcd   Thumb Code     0  printfa.o(i.__0vsprintf)
    __c89vsprintf                            0x0000fdcd   Thumb Code     0  printfa.o(i.__0vsprintf)
    vsprintf                                 0x0000fdcd   Thumb Code     0  printfa.o(i.__0vsprintf)
    __ARM_clz                                0x0000fdf0   ARM Code       8  fepilogue.o(i.__ARM_clz)
    __ARM_common_disable_fiq                 0x0000fdf8   ARM Code      20  main.o(i.__ARM_common_disable_fiq)
    __ARM_common_disable_irq                 0x0000fe0c   ARM Code      20  main.o(i.__ARM_common_disable_irq)
    __ARM_common_enable_fiq                  0x0000fe20   ARM Code      16  main.o(i.__ARM_common_enable_fiq)
    __ARM_common_enable_irq                  0x0000fe30   ARM Code      16  main.o(i.__ARM_common_enable_irq)
    __ARM_common_switch8                     0x0000fe40   ARM Code      24  app_key.o(i.__ARM_common_switch8)
    __ARM_fpclassifyf                        0x0000fe58   ARM Code      44  fpclassifyf.o(i.__ARM_fpclassifyf)
    free                                     0x0000fe85   Thumb Code    80  malloc2.o(i.__free$2region)
    malloc                                   0x0000fed9   Thumb Code    92  malloc2.o(i.__malloc$2region)
    __mathlib_flt_infnan                     0x0000ff44   ARM Code       8  funder.o(i.__mathlib_flt_infnan)
    __mathlib_flt_invalid                    0x0000ff4c   ARM Code      12  funder.o(i.__mathlib_flt_invalid)
    __mathlib_flt_underflow                  0x0000ff58   ARM Code      12  funder.o(i.__mathlib_flt_underflow)
    __scatterload_copy                       0x0000ff64   ARM Code      28  handlers.o(i.__scatterload_copy)
    __scatterload_null                       0x0000ff80   ARM Code       4  handlers.o(i.__scatterload_null)
    __scatterload_zeroinit                   0x0000ff84   ARM Code      24  handlers.o(i.__scatterload_zeroinit)
    Inline ARM to Thumb Veneer to __set_errno 0x0000ff9c   ARM Code       8  errno.o(i.__set_errno)
    __set_errno                              0x0000ffa5   Thumb Code     6  errno.o(i.__set_errno)
    asinf                                    0x00010870   ARM Code     324  asinf.o(i.asinf)
    atanf                                    0x000109d8   ARM Code     436  atanf.o(i.atanf)
    sqrtf                                    0x00010bc4   ARM Code      64  sqrtf.o(i.sqrtf)
    tUsbStdRequest                           0x00010f1c   Data          52  usb.o(.constdata)
    tHidEP1ReportDesc                        0x00010f50   Data         173  usb_desc.o(.constdata)
    tHidEP2ReportDesc                        0x00010ffd   Data          55  usb_desc.o(.constdata)
    tHidEP3ReportDesc                        0x00011034   Data          23  usb_desc.o(.constdata)
    tUsbLanguageID                           0x0001104c   Data           4  usb_desc.o(.constdata)
    tUsbProductStr                           0x00011050   Data          26  usb_desc.o(.constdata)
    tUsbVersionStr                           0x0001106a   Data          26  usb_desc.o(.constdata)
    tUsbVendorStr                            0x00011084   Data          10  usb_desc.o(.constdata)
    tUsbDeviceDescriptor                     0x0001108e   Data          18  usb_desc.o(.constdata)
    tUsbConfig                               0x000110a0   Data          98  usb_desc.o(.constdata)
    _c_device_desc                           0x00011102   Data           8  usb_desc.o(.constdata)
    _c_config_desc                           0x0001110a   Data           8  usb_desc.o(.constdata)
    tblUsbHidRptDescs                        0x00011112   Data          36  usb_desc.o(.constdata)
    tblUsbStringDescs                        0x00011136   Data          48  usb_desc.o(.constdata)
    Region$$Table$$Base                      0x00011168   Number         0  anon$$obj.o(Region$$Table)
    Load$$RAM_DATA$$Base                     0x00011188   Number         0  anon$$obj.o ABSOLUTE
    Region$$Table$$Limit                     0x00011188   Number         0  anon$$obj.o(Region$$Table)
    Image$$RAM_DATA$$Base                    0x00400800   Number         0  anon$$obj.o ABSOLUTE
    uart_rx_en                               0x00400800   Data           1  main.o(.data)
    _2ms_ct                                  0x00400802   Data           1  app.o(.data)
    vibration_min                            0x00400803   Data           1  app.o(.data)
    led_ct_flag                              0x00400804   Data           1  app.o(.data)
    mouse_ct                                 0x00400805   Data           1  app.o(.data)
    uRF_TXTime                               0x00400809   Data           1  app.o(.data)
    uCH_ChCt                                 0x0040080a   Data           2  app.o(.data)
    vibration_sec                            0x0040080c   Data           2  app.o(.data)
    pair_led_ct                              0x0040080e   Data           2  app.o(.data)
    led_on_boot                              0x00400810   Data           2  app.o(.data)
    charge_led_ct                            0x00400812   Data           2  app.o(.data)
    low_power_led_ct                         0x00400814   Data           2  app.o(.data)
    aes_ok                                   0x00400818   Data           1  aes.o(.data)
    ch_cur_index                             0x0040081a   Data           1  user_handle.o(.data)
    ch_chan                                  0x0040081b   Data           1  user_handle.o(.data)
    retransmit_size                          0x0040081c   Data           1  user_handle.o(.data)
    retransmit_count                         0x0040081d   Data           1  user_handle.o(.data)
    first_pair                               0x0040081e   Data           1  user_handle.o(.data)
    pairStep                                 0x0040081f   Data           1  user_handle.o(.data)
    vibrationMinus                           0x00400820   Data           1  user_handle.o(.data)
    mouse_flag                               0x00400821   Data           1  user_handle.o(.data)
    mouse_en                                 0x00400822   Data           1  user_handle.o(.data)
    single_monitor_flag                      0x00400823   Data           1  user_handle.o(.data)
    status_report_flag                       0x00400824   Data           1  user_handle.o(.data)
    bat_report_flag                          0x00400825   Data           1  user_handle.o(.data)
    vibrationDuration                        0x00400826   Data           2  user_handle.o(.data)
    vibrationBootTime                        0x00400828   Data           2  user_handle.o(.data)
    mouse_X                                  0x0040082a   Data           2  user_handle.o(.data)
    mouse_Y                                  0x0040082c   Data           2  user_handle.o(.data)
    resolution_Width                         0x0040082e   Data           2  user_handle.o(.data)
    resolution_Height                        0x00400830   Data           2  user_handle.o(.data)
    current_mouse_x                          0x00400832   Data           2  user_handle.o(.data)
    current_mouse_y                          0x00400834   Data           2  user_handle.o(.data)
    status_report_ct                         0x00400836   Data           2  user_handle.o(.data)
    bat_report_ct                            0x00400838   Data           2  user_handle.o(.data)
    channel_table                            0x0040083a   Data           3  user_handle.o(.data)
    RXAddr                                   0x0040083d   Data           6  user_handle.o(.data)
    pair_step_timeout                        0x00400843   Data           1  user_handle.o(.data)
    low_power_flag                           0x00400844   Data           1  user_handle.o(.data)
    key_loop_flag                            0x00400845   Data           1  app_key.o(.data)
    key_loop_ct                              0x00400846   Data           1  app_key.o(.data)
    key_last                                 0x00400848   Data           1  app_key.o(.data)
    keys_press                               0x00400849   Data           1  app_key.o(.data)
    key_press_count                          0x0040084a   Data           1  app_key.o(.data)
    key_double_ct                            0x0040084c   Data           2  app_key.o(.data)
    keys_count                               0x0040084e   Data           6  app_key.o(.data)
    cursor_speed                             0x00400858   Data           1  app_gyroscope.o(.data)
    K1                                       0x0040085c   Data           4  app_gyroscope.o(.data)
    dt                                       0x00400860   Data           4  app_gyroscope.o(.data)
    q0                                       0x00400870   Data           4  app_gyroscope.o(.data)
    q1                                       0x00400874   Data           4  app_gyroscope.o(.data)
    q2                                       0x00400878   Data           4  app_gyroscope.o(.data)
    q3                                       0x0040087c   Data           4  app_gyroscope.o(.data)
    new_ax                                   0x00400880   Data           4  app_gyroscope.o(.data)
    new_az                                   0x00400884   Data           4  app_gyroscope.o(.data)
    angle_P                                  0x00400888   Data           4  app_gyroscope.o(.data)
    az_sum                                   0x00400890   Data           8  app_gyroscope.o(.data)
    ax_sum                                   0x00400898   Data           8  app_gyroscope.o(.data)
    pos_t                                    0x004008a0   Data           8  app_gyroscope.o(.data)
    pre_x                                    0x004008a8   Data           8  app_gyroscope.o(.data)
    pre_y                                    0x004008b0   Data           8  app_gyroscope.o(.data)
    KFP_accelX                               0x004008b8   Data          24  app_gyroscope.o(.data)
    KFP_accelY                               0x004008d0   Data          24  app_gyroscope.o(.data)
    KFP_accelZ                               0x004008e8   Data          24  app_gyroscope.o(.data)
    KFP_gyroX                                0x00400900   Data          24  app_gyroscope.o(.data)
    KFP_gyroY                                0x00400918   Data          24  app_gyroscope.o(.data)
    KFP_gyroZ                                0x00400930   Data          24  app_gyroscope.o(.data)
    system_sleep_status                      0x0040095a   Data           1  icu.o(.data)
    system_mode                              0x0040095b   Data           1  icu.o(.data)
    adc_flag                                 0x0040095c   Data           1  adc.o(.data)
    g_adc_value                              0x00400960   Data           2  adc.o(.data)
    referance_voltage                        0x00400962   Data           2  adc.o(.data)
    uart2_rx_done                            0x00400964   Data           1  uart2.o(.data)
    uart2_rx_index                           0x0040096c   Data           4  uart2.o(.data)
    uart_rx_done                             0x00400970   Data           1  uart.o(.data)
    uart_debug_cmd_index                     0x00400971   Data           1  uart.o(.data)
    uart_rx_index                            0x00400978   Data           4  uart.o(.data)
    i2c_slave_addr_cnt                       0x0040097c   Data           1  i2c.o(.data)
    bk_timer_hit                             0x00400984   Data           1  driver_timer.o(.data)
    bk_timer0_T0_cnt                         0x004009a0   Data           4  driver_timer.o(.data)
    bk_timer0_T1_cnt                         0x004009a4   Data           4  driver_timer.o(.data)
    bk_timer1_T0_cnt                         0x004009a8   Data           4  driver_timer.o(.data)
    bk_timer1_T1_cnt                         0x004009ac   Data           4  driver_timer.o(.data)
    bk_timer0_T2_cnt                         0x004009b0   Data           4  driver_timer.o(.data)
    bk_timer1_T2_cnt                         0x004009b4   Data           4  driver_timer.o(.data)
    bSensorCheck                             0x004009b9   Data           1  driver_sensor.o(.data)
    app_bt                                   0x004009ba   Data           1  application_main.o(.data)
    status_idle_cnt                          0x004009bc   Data           1  application_mode_normal.o(.data)
    rf_lost_cnt                              0x004009bd   Data           1  application_mode_normal.o(.data)
    wheel_old_cnt                            0x004009be   Data           1  application_mode_normal.o(.data)
    lbd_sleep_onetime                        0x004009bf   Data           1  application_mode_normal.o(.data)
    RF_flag                                  0x004009c4   Data           4  application_mode_normal.o(.data)
    wSysFlagfn24                             0x004009c8   Data           4  application_mode_normal.o(.data)
    lbd_sleep_count                          0x004009cc   Data           4  application_mode_normal.o(.data)
    BLED_Timer                               0x004009d0   Data           4  application_mode_normal.o(.data)
    app_val                                  0x004009d4   Data           8  application_mode_normal.o(.data)
    local_addr                               0x004009dc   Data           6  application_mode_page.o(.data)
    rf_address_tx_page                       0x004009e4   Data          24  application_mode_page.o(.data)
    result_data                              0x004009fc   Data           1  application_mode_pcba.o(.data)
    send_chl                                 0x004009fd   Data           1  application_mode_pcba.o(.data)
    send_time                                0x004009fe   Data           1  application_mode_pcba.o(.data)
    RF_TEST_CHANNEL                          0x00400a00   Data           3  application_mode_test.o(.data)
    XVR_REG24_BAK                            0x00400a04   Data           4  application_mode_test.o(.data)
    sync_count                               0x00400a08   Data           1  application_rf.o(.data)
    uRXDataLens                              0x00400a0c   Data           1  driver_rf.o(.data)
    flag_test                                0x00400a0d   Data           1  driver_rf.o(.data)
    Cfg_0c_Val                               0x00400a10   Data          16  driver_rf.o(.data)
    Cfg_0d_Val                               0x00400a20   Data          16  driver_rf.o(.data)
    P0_Address                               0x00400a30   Data          24  driver_rf.o(.data)
    P1_Address                               0x00400a48   Data          24  driver_rf.o(.data)
    RF_CHANNEL_TABLE                         0x00400a60   Data          16  driver_rf.o(.data)
    rf_address_tx_pub                        0x00400a70   Data          24  driver_rf.o(.data)
    channel_search                           0x00400a88   Data           1  driver_rf.o(.data)
    bUsbConfig                               0x00400a8c   Data           1  usb.o(.data)
    ep0PktMaxSz                              0x00400a8d   Data           1  usb.o(.data)
    open_flag                                0x00400a8e   Data           1  usb.o(.data)
    cbk_suspend                              0x00400a90   Data           4  usb.o(.data)
    bUsbAlterInterface                       0x00400a94   Data           5  usb.o(.data)
    usb_status                               0x00400a9a   Data           6  usb.o(.data)
    suspend_status                           0x00400aa0   Data           7  usb.o(.data)
    bUsbState                                0x00400aa7   Data           1  usbclass.o(.data)
    __microlib_freelist                      0x00400aa8   Data           4  mvars.o(.data)
    __microlib_freelist_initialised          0x00400aac   Data           4  mvars.o(.data)
    Image$$RAM_BSS$$Base                     0x00400ab4   Number         0  anon$$obj.o ABSOLUTE
    retransmit                               0x00400ab4   Data          10  user_handle.o(.bss)
    krm                                      0x00400ac0   Data          24  app_gyroscope.o(.bss)
    imu_9                                    0x00400ae4   Data         120  app_gyroscope.o(.bss)
    angular_displacement                     0x00400b5c   Data          12  app_gyroscope.o(.bss)
    linear_displacement                      0x00400b68   Data          12  app_gyroscope.o(.bss)
    window_ax                                0x00400b74   Data          10  app_gyroscope.o(.bss)
    window_ay                                0x00400b7e   Data          10  app_gyroscope.o(.bss)
    window_az                                0x00400b88   Data          10  app_gyroscope.o(.bss)
    window_gx                                0x00400b92   Data          10  app_gyroscope.o(.bss)
    window_gy                                0x00400b9c   Data          10  app_gyroscope.o(.bss)
    window_gz                                0x00400ba6   Data          10  app_gyroscope.o(.bss)
    flash_env                                0x00400bb0   Data          16  flash.o(.bss)
    XVR_ANALOG_REG_BAK                       0x00400bc0   Data         128  rf_xvr_24.o(.bss)
    spi_param                                0x00400c40   Data          12  spi.o(.bss)
    uart2_rx_buf                             0x00400c6c   Data         128  uart2.o(.bss)
    uart2_tx_buf                             0x00400cec   Data         128  uart2.o(.bss)
    uart_rx_buf                              0x00400db4   Data         128  uart.o(.bss)
    system_data                              0x00400e34   Data          60  application_main.o(.bss)
    rf_fifo_data                             0x00400e70   Data          32  driver_rf.o(.bss)
    ep0                                      0x00400e90   Data          16  driver_usb.o(.bss)
    usb_endp_status                          0x00400ea0   Data          18  usb.o(.bss)
    Image$$ARM_LIB_HEAP$$ZI$$Base            0x0040372c   Number         0  anon$$obj.o ABSOLUTE
    Image$$ARM_LIB_HEAP$$ZI$$Limit           0x0040772c   Number         0  anon$$obj.o ABSOLUTE
    Image$$ARM_LIB_STACK$$ZI$$Limit          0x0040b72c   Number         0  anon$$obj.o ABSOLUTE
    Image$$RAM_STACK_UNUSED$$Base            0x0040f2cc   Number         0  anon$$obj.o ABSOLUTE
    Image$$RAM_STACK_SVC$$Base               0x0040f32c   Number         0  anon$$obj.o ABSOLUTE
    Image$$RAM_STACK_IRQ$$Base               0x0040fa1c   Number         0  anon$$obj.o ABSOLUTE
    Image$$RAM_STACK_FIQ$$Base               0x0040fe0c   Number         0  anon$$obj.o ABSOLUTE
    __initial_sp                             0x0040fffc   Number         0  handlers.o ABSOLUTE



==============================================================================

Memory Map of the image

  Image Entry point : 0x00007984

  Load Region SECTIONS (Base: 0x00007900, Size: 0x00009b3c, Max: 0xffffffff, ABSOLUTE)

    Execution Region ROM_SYS (Exec base: 0x00007900, Load base: 0x00007900, Size: 0x00000270, Max: 0xffffffff, ABSOLUTE)

    Exec Addr    Load Addr    Size         Type   Attr      Idx    E Section Name        Object

    0x00007900   0x00007900   0x0000005c   Code   RO            8  * SYS_BOOT            vectors.o
    0x0000795c   0x0000795c   0x000001f4   Code   RO            7  * SYS_BOOT            handlers.o
    0x00007b50   0x00007b50   0x00000008   Ven    RO          247    Veneer$$Code        anon$$obj.o
    0x00007b58   0x00007b58   0x00000008   Ven    RO          248    Veneer$$Code        anon$$obj.o
    0x00007b60   0x00007b60   0x00000008   Ven    RO          249    Veneer$$Code        anon$$obj.o
    0x00007b68   0x00007b68   0x00000008   Ven    RO          250    Veneer$$Code        anon$$obj.o


    Execution Region FAST_CALL_SEG (Exec base: 0x00007c00, Load base: 0x00007c00, Size: 0x00000030, Max: 0xffffffff, ABSOLUTE, FIXED)

    Exec Addr    Load Addr    Size         Type   Attr      Idx    E Section Name        Object

    0x00007c00   0x00007c00   0x00000010   Code   RO           17    sys_fiq_entry       intc.o
    0x00007c10   0x00007c10   0x00000010   PAD
    0x00007c20   0x00007c20   0x00000010   Code   RO           18    sys_irq_entry       intc.o


    Execution Region ROM (Exec base: 0x00007c30, Load base: 0x00007c30, Size: 0x00009558, Max: 0xffffffff, ABSOLUTE)

    Exec Addr    Load Addr    Size         Type   Attr      Idx    E Section Name        Object

    0x00007c30   0x00007c30   0x00000000   Code   RO          134  * .ARM.Collect$$$$00000000  mc_5.l(entry.o)
    0x00007c30   0x00007c30   0x00000004   Code   RO          201    .ARM.Collect$$$$00000003  mc_5.l(entry4.o)
    0x00007c34   0x00007c34   0x00000004   Code   RO          203    .ARM.Collect$$$$00000004  mc_5.l(entry5.o)
    0x00007c38   0x00007c38   0x00000000   Code   RO          205    .ARM.Collect$$$$00000008  mc_5.l(entry7b.o)
    0x00007c38   0x00007c38   0x00000000   Code   RO          207    .ARM.Collect$$$$0000000A  mc_5.l(entry8b.o)
    0x00007c38   0x00007c38   0x0000000c   Code   RO          208    .ARM.Collect$$$$0000000B  mc_5.l(entry9a.o)
    0x00007c44   0x00007c44   0x00000000   Code   RO          210    .ARM.Collect$$$$0000000D  mc_5.l(entry10a.o)
    0x00007c44   0x00007c44   0x00000000   Code   RO          212    .ARM.Collect$$$$0000000F  mc_5.l(entry11a.o)
    0x00007c44   0x00007c44   0x00000004   Code   RO          202    .ARM.Collect$$$$00002714  mc_5.l(entry4.o)
    0x00007c48   0x00007c48   0x00000008   Ven    RO            9    .text               main.o
    0x00007c50   0x00007c50   0x00000094   Code   RO            9    .text               main.o
    0x00007ce4   0x00007ce4   0x00000008   Ven    RO           16    .text               intc.o
    0x00007cec   0x00007cec   0x000000a4   Code   RO           16    .text               intc.o
    0x00007d90   0x00007d90   0x00000520   Code   RO           19    .text               app.o
    0x000082b0   0x000082b0   0x00000214   Code   RO           22    .text               aes.o
    0x000084c4   0x000084c4   0x00000ab4   Code   RO           25    .text               user_handle.o
    0x00008f78   0x00008f78   0x000002e0   Code   RO           30    .text               app_key.o
    0x00009258   0x00009258   0x00000c24   Code   RO           35    .text               app_gyroscope.o
    0x00009e7c   0x00009e7c   0x00000958   Code   RO           54    .text               flash.o
    0x0000a7d4   0x0000a7d4   0x000006e8   Code   RO           58    .text               rf_xvr_24.o
    0x0000aebc   0x0000aebc   0x00000164   Code   RO           60    .text               gpio.o
    0x0000b020   0x0000b020   0x000006c0   Code   RO           63    .text               icu.o
    0x0000b6e0   0x0000b6e0   0x00000034   Code   RO           65    .text               wdt.o
    0x0000b714   0x0000b714   0x0000028c   Code   RO           66    .text               adc.o
    0x0000b9a0   0x0000b9a0   0x000001fc   Code   RO           68    .text               uart2.o
    0x0000bb9c   0x0000bb9c   0x000002f4   Code   RO           71    .text               uart.o
    0x0000be90   0x0000be90   0x000006a4   Code   RO           77    .text               i2c.o
    0x0000c534   0x0000c534   0x000000c8   Code   RO           80    .text               dma.o
    0x0000c5fc   0x0000c5fc   0x00000360   Code   RO           81    .text               driver_timer.o
    0x0000c95c   0x0000c95c   0x000002a0   Code   RO           83    .text               driver_sensor.o
    0x0000cbfc   0x0000cbfc   0x00000228   Code   RO           87    .text               application_main.o
    0x0000ce24   0x0000ce24   0x00000614   Code   RO           90    .text               application_mode_normal.o
    0x0000d438   0x0000d438   0x00000384   Code   RO           92    .text               application_mode_page.o
    0x0000d7bc   0x0000d7bc   0x000002d4   Code   RO           95    .text               application_mode_pcba.o
    0x0000da90   0x0000da90   0x000002fc   Code   RO           97    .text               application_mode_test.o
    0x0000dd8c   0x0000dd8c   0x00000250   Code   RO          100    .text               application_rf.o
    0x0000dfdc   0x0000dfdc   0x00000680   Code   RO          102    .text               driver_rf.o
    0x0000e65c   0x0000e65c   0x000003e8   Code   RO          107    .text               driver_usb.o
    0x0000ea44   0x0000ea44   0x00000888   Code   RO          109    .text               usb.o
    0x0000f2cc   0x0000f2cc   0x0000004c   Code   RO          113    .text               usb_desc.o
    0x0000f318   0x0000f318   0x00000070   Code   RO          124    .text               usbclass.o
    0x0000f388   0x0000f388   0x0000002c   Code   RO          137    .text               mc_5.l(uidiv.o)
    0x0000f3b4   0x0000f3b4   0x00000028   Code   RO          138    .text               mc_5.l(idiv.o)
    0x0000f3dc   0x0000f3dc   0x00000024   Code   RO          139    .text               mc_5.l(memcpya.o)
    0x0000f400   0x0000f400   0x00000026   Code   RO          140    .text               mc_5.l(memseta.o)
    0x0000f426   0x0000f426   0x00000014   Code   RO          170    .text               mc_5.l(uread4.o)
    0x0000f43a   0x0000f43a   0x00000012   Code   RO          171    .text               mc_5.l(uwrite4.o)
    0x0000f44c   0x0000f44c   0x00000008   Ven    RO          172    .text               mf_5.l(fadd.o)
    0x0000f454   0x0000f454   0x000000b6   Code   RO          172    .text               mf_5.l(fadd.o)
    0x0000f50a   0x0000f50a   0x0000007c   Code   RO          173    .text               mf_5.l(fmul.o)
    0x0000f586   0x0000f586   0x00000002   PAD
    0x0000f588   0x0000f588   0x00000008   Ven    RO          174    .text               mf_5.l(fdiv.o)
    0x0000f590   0x0000f590   0x0000007c   Code   RO          174    .text               mf_5.l(fdiv.o)
    0x0000f60c   0x0000f60c   0x00000008   Ven    RO          175    .text               mf_5.l(fscalb.o)
    0x0000f614   0x0000f614   0x00000018   Code   RO          175    .text               mf_5.l(fscalb.o)
    0x0000f62c   0x0000f62c   0x00000164   Code   RO          176    .text               mf_5.l(dadd.o)
    0x0000f790   0x0000f790   0x000000d0   Code   RO          177    .text               mf_5.l(dmul.o)
    0x0000f860   0x0000f860   0x000000f0   Code   RO          178    .text               mf_5.l(ddiv.o)
    0x0000f950   0x0000f950   0x0000002c   Code   RO          179    .text               mf_5.l(dscalb.o)
    0x0000f97c   0x0000f97c   0x00000016   Code   RO          180    .text               mf_5.l(fflti.o)
    0x0000f992   0x0000f992   0x0000000e   Code   RO          181    .text               mf_5.l(ffltui.o)
    0x0000f9a0   0x0000f9a0   0x00000028   Code   RO          182    .text               mf_5.l(dflti.o)
    0x0000f9c8   0x0000f9c8   0x0000001c   Code   RO          183    .text               mf_5.l(dfltui.o)
    0x0000f9e4   0x0000f9e4   0x00000032   Code   RO          184    .text               mf_5.l(ffixi.o)
    0x0000fa16   0x0000fa16   0x00000002   PAD
    0x0000fa18   0x0000fa18   0x00000048   Code   RO          185    .text               mf_5.l(dfixi.o)
    0x0000fa60   0x0000fa60   0x0000003c   Code   RO          186    .text               mf_5.l(dfixui.o)
    0x0000fa9c   0x0000fa9c   0x00000028   Code   RO          187    .text               mf_5.l(f2d.o)
    0x0000fac4   0x0000fac4   0x00000038   Code   RO          188    .text               mf_5.l(d2f.o)
    0x0000fafc   0x0000fafc   0x00000060   Code   RO          216    .text               mc_5.l(uldiv.o)
    0x0000fb5c   0x0000fb5c   0x00000020   Code   RO          217    .text               mc_5.l(llshl.o)
    0x0000fb7c   0x0000fb7c   0x00000022   Code   RO          218    .text               mc_5.l(llushr.o)
    0x0000fb9e   0x0000fb9e   0x00000026   Code   RO          219    .text               mc_5.l(llsshr.o)
    0x0000fbc4   0x0000fbc4   0x00000000   Code   RO          226    .text               mc_5.l(iusefp.o)
    0x0000fbc4   0x0000fbc4   0x00000068   Code   RO          227    .text               mf_5.l(fepilogue.o)
    0x0000fc2c   0x0000fc2c   0x000000be   Code   RO          229    .text               mf_5.l(depilogue.o)
    0x0000fcea   0x0000fcea   0x00000002   PAD
    0x0000fcec   0x0000fcec   0x00000040   Code   RO          230    .text               mf_5.l(dfixul.o)
    0x0000fd2c   0x0000fd2c   0x00000028   Code   RO          231    .text               mf_5.l(cdrcmple.o)
    0x0000fd54   0x0000fd54   0x00000020   Code   RO          232    .text               mc_5.l(init.o)
    0x0000fd74   0x0000fd74   0x00000058   Code   RO          235    .text               mf_5.l(fsqrt.o)
    0x0000fdcc   0x0000fdcc   0x00000024   Code   RO          149    i.__0vsprintf       mc_5.l(printfa.o)
    0x0000fdf0   0x0000fdf0   0x00000008   Code   RO          228    i.__ARM_clz         mf_5.l(fepilogue.o)
    0x0000fdf8   0x0000fdf8   0x00000014   Code   RO           15    i.__ARM_common_disable_fiq  main.o
    0x0000fe0c   0x0000fe0c   0x00000014   Code   RO           14    i.__ARM_common_disable_irq  main.o
    0x0000fe20   0x0000fe20   0x00000010   Code   RO           13    i.__ARM_common_enable_fiq  main.o
    0x0000fe30   0x0000fe30   0x00000010   Code   RO           12    i.__ARM_common_enable_irq  main.o
    0x0000fe40   0x0000fe40   0x00000018   Code   RO           34    i.__ARM_common_switch8  app_key.o
    0x0000fe58   0x0000fe58   0x0000002c   Code   RO          189    i.__ARM_fpclassifyf  m_5s.l(fpclassifyf.o)
    0x0000fe84   0x0000fe84   0x00000054   Code   RO          156    i.__free$2region    mc_5.l(malloc2.o)
    0x0000fed8   0x0000fed8   0x0000006c   Code   RO          157    i.__malloc$2region  mc_5.l(malloc2.o)
    0x0000ff44   0x0000ff44   0x00000008   Code   RO          191    i.__mathlib_flt_infnan  m_5s.l(funder.o)
    0x0000ff4c   0x0000ff4c   0x0000000c   Code   RO          193    i.__mathlib_flt_invalid  m_5s.l(funder.o)
    0x0000ff58   0x0000ff58   0x0000000c   Code   RO          196    i.__mathlib_flt_underflow  m_5s.l(funder.o)
    0x0000ff64   0x0000ff64   0x0000001c   Code   RO          238    i.__scatterload_copy  mc_5.l(handlers.o)
    0x0000ff80   0x0000ff80   0x00000004   Code   RO          239    i.__scatterload_null  mc_5.l(handlers.o)
    0x0000ff84   0x0000ff84   0x00000018   Code   RO          240    i.__scatterload_zeroinit  mc_5.l(handlers.o)
    0x0000ff9c   0x0000ff9c   0x00000008   Ven    RO          224    i.__set_errno       mc_5.l(errno.o)
    0x0000ffa4   0x0000ffa4   0x0000000c   Code   RO          224    i.__set_errno       mc_5.l(errno.o)
    0x0000ffb0   0x0000ffb0   0x00000174   Code   RO          150    i._fp_digits        mc_5.l(printfa.o)
    0x00010124   0x00010124   0x000006f4   Code   RO          151    i._printf_core      mc_5.l(printfa.o)
    0x00010818   0x00010818   0x00000020   Code   RO          152    i._printf_post_padding  mc_5.l(printfa.o)
    0x00010838   0x00010838   0x0000002c   Code   RO          153    i._printf_pre_padding  mc_5.l(printfa.o)
    0x00010864   0x00010864   0x0000000a   Code   RO          155    i._sputc            mc_5.l(printfa.o)
    0x0001086e   0x0001086e   0x00000002   PAD
    0x00010870   0x00010870   0x00000168   Code   RO          127    i.asinf             m_5s.l(asinf.o)
    0x000109d8   0x000109d8   0x000001ec   Code   RO          131    i.atanf             m_5s.l(atanf.o)
    0x00010bc4   0x00010bc4   0x00000044   Code   RO          198    i.sqrtf             m_5s.l(sqrtf.o)
    0x00010c08   0x00010c08   0x000002d8   Data   RO           40    .constdata          app_gyroscope.o
    0x00010ee0   0x00010ee0   0x00000004   Data   RO           56    .constdata          flash.o
    0x00010ee4   0x00010ee4   0x00000036   Data   RO           75    .constdata          uart.o
    0x00010f1a   0x00010f1a   0x00000002   PAD
    0x00010f1c   0x00010f1c   0x00000034   Data   RO          111    .constdata          usb.o
    0x00010f50   0x00010f50   0x000000ad   Data   RO          114    .constdata          usb_desc.o
    0x00010ffd   0x00010ffd   0x00000037   Data   RO          115    .constdata          usb_desc.o
    0x00011034   0x00011034   0x00000017   Data   RO          116    .constdata          usb_desc.o
    0x0001104b   0x0001104b   0x00000001   PAD
    0x0001104c   0x0001104c   0x00000004   Data   RO          117    .constdata          usb_desc.o
    0x00011050   0x00011050   0x0000001a   Data   RO          118    .constdata          usb_desc.o
    0x0001106a   0x0001106a   0x0000001a   Data   RO          119    .constdata          usb_desc.o
    0x00011084   0x00011084   0x0000000a   Data   RO          120    .constdata          usb_desc.o
    0x0001108e   0x0001108e   0x00000012   Data   RO          121    .constdata          usb_desc.o
    0x000110a0   0x000110a0   0x00000062   Data   RO          122    .constdata          usb_desc.o
    0x00011102   0x00011102   0x00000064   Data   RO          123    .constdata          usb_desc.o
    0x00011166   0x00011166   0x00000002   PAD
    0x00011168   0x00011168   0x00000020   Data   RO          236    Region$$Table       anon$$obj.o


    Execution Region RAM_DATA (Exec base: 0x00400800, Load base: 0x00011188, Size: 0x000002b4, Max: 0xffffffff, ABSOLUTE)

    Exec Addr    Load Addr    Size         Type   Attr      Idx    E Section Name        Object

    0x00400800   0x00011188   0x00000001   Data   RW           10    .data               main.o
    0x00400801   0x00011189   0x00000001   PAD
    0x00400802   0x0001118a   0x00000016   Data   RW           21    .data               app.o
    0x00400818   0x000111a0   0x00000001   Data   RW           24    .data               aes.o
    0x00400819   0x000111a1   0x00000001   PAD
    0x0040081a   0x000111a2   0x00000029   Data   RW           27    .data               user_handle.o
    0x00400843   0x000111cb   0x00000001   Data   RW           28    .data               user_handle.o
    0x00400844   0x000111cc   0x00000001   Data   RW           29    .data               user_handle.o
    0x00400845   0x000111cd   0x00000001   Data   RW           31    .data               app_key.o
    0x00400846   0x000111ce   0x00000001   Data   RW           32    .data               app_key.o
    0x00400847   0x000111cf   0x00000001   PAD
    0x00400848   0x000111d0   0x0000000c   Data   RW           33    .data               app_key.o
    0x00400854   0x000111dc   0x00000004   PAD
    0x00400858   0x000111e0   0x000000f0   Data   RW           41    .data               app_gyroscope.o
    0x00400948   0x000112d0   0x0000000c   Data   RW           57    .data               flash.o
    0x00400954   0x000112dc   0x00000004   Data   RW           61    .data               gpio.o
    0x00400958   0x000112e0   0x00000004   Data   RW           64    .data               icu.o
    0x0040095c   0x000112e4   0x00000008   Data   RW           67    .data               adc.o
    0x00400964   0x000112ec   0x0000000c   Data   RW           70    .data               uart2.o
    0x00400970   0x000112f8   0x0000000c   Data   RW           76    .data               uart.o
    0x0040097c   0x00011304   0x00000008   Data   RW           79    .data               i2c.o
    0x00400984   0x0001130c   0x00000034   Data   RW           82    .data               driver_timer.o
    0x004009b8   0x00011340   0x00000001   Data   RW           85    .data               driver_sensor.o
    0x004009b9   0x00011341   0x00000001   Data   RW           86    .data               driver_sensor.o
    0x004009ba   0x00011342   0x00000001   Data   RW           89    .data               application_main.o
    0x004009bb   0x00011343   0x00000001   PAD
    0x004009bc   0x00011344   0x00000020   Data   RW           91    .data               application_mode_normal.o
    0x004009dc   0x00011364   0x00000020   Data   RW           93    .data               application_mode_page.o
    0x004009fc   0x00011384   0x00000003   Data   RW           96    .data               application_mode_pcba.o
    0x004009ff   0x00011387   0x00000001   PAD
    0x00400a00   0x00011388   0x00000008   Data   RW           98    .data               application_mode_test.o
    0x00400a08   0x00011390   0x00000001   Data   RW          101    .data               application_rf.o
    0x00400a09   0x00011391   0x00000003   PAD
    0x00400a0c   0x00011394   0x00000064   Data   RW          104    .data               driver_rf.o
    0x00400a70   0x000113f8   0x00000018   Data   RW          105    .data               driver_rf.o
    0x00400a88   0x00011410   0x00000001   Data   RW          106    .data               driver_rf.o
    0x00400a89   0x00011411   0x00000003   PAD
    0x00400a8c   0x00011414   0x0000001b   Data   RW          112    .data               usb.o
    0x00400aa7   0x0001142f   0x00000001   Data   RW          125    .data               usbclass.o
    0x00400aa8   0x00011430   0x00000004   Data   RW          220    .data               mc_5.l(mvars.o)
    0x00400aac   0x00011434   0x00000004   Data   RW          221    .data               mc_5.l(mvars.o)
    0x00400ab0   0x00011438   0x00000004   Data   RW          225    .data               mc_5.l(errno.o)


    Execution Region RAM_BSS (Exec base: 0x00400ab4, Load base: 0x0001143c, Size: 0x000004d8, Max: 0xffffffff, ABSOLUTE)

    Exec Addr    Load Addr    Size         Type   Attr      Idx    E Section Name        Object

    0x00400ab4        -       0x0000000a   Zero   RW           26    .bss                user_handle.o
    0x00400abe   0x0001143c   0x00000002   PAD
    0x00400ac0        -       0x000000f0   Zero   RW           36    .bss                app_gyroscope.o
    0x00400bb0        -       0x00000010   Zero   RW           55    .bss                flash.o
    0x00400bc0        -       0x00000080   Zero   RW           59    .bss                rf_xvr_24.o
    0x00400c40        -       0x0000000c   Zero   RW           62    .bss                spi.o
    0x00400c4c        -       0x00000120   Zero   RW           69    .bss                uart2.o
    0x00400d6c        -       0x000000c8   Zero   RW           72    .bss                uart.o
    0x00400e34        -       0x0000003c   Zero   RW           88    .bss                application_main.o
    0x00400e70        -       0x00000020   Zero   RW          103    .bss                driver_rf.o
    0x00400e90        -       0x00000010   Zero   RW          108    .bss                driver_usb.o
    0x00400ea0        -       0x000000ec   Zero   RW          110    .bss                usb.o


    Execution Region ARM_LIB_HEAP (Exec base: 0x0040372c, Load base: 0x0001143c, Size: 0x00004000, Max: 0x00004000, ABSOLUTE)

    Exec Addr    Load Addr    Size         Type   Attr      Idx    E Section Name        Object

    0x0040372c        -       0x00004000   Zero   RW            1    ARM_LIB_HEAP.bss    anon$$obj.o


    Execution Region ARM_LIB_STACK (Exec base: 0x0040772c, Load base: 0x0001143c, Size: 0x00004000, Max: 0x00004000, ABSOLUTE)

    Exec Addr    Load Addr    Size         Type   Attr      Idx    E Section Name        Object

    0x0040772c        -       0x00004000   Zero   RW            2    ARM_LIB_STACK.bss   anon$$obj.o


    Execution Region RAM_STACK_UNUSED (Exec base: 0x0040f2cc, Load base: 0x0001143c, Size: 0x00000060, Max: 0x00000060, ABSOLUTE)

    Exec Addr    Load Addr    Size         Type   Attr      Idx    E Section Name        Object

    0x0040f2cc        -       0x00000060   Zero   RW            3    RAM_STACK_UNUSED.bss  anon$$obj.o


    Execution Region RAM_STACK_SVC (Exec base: 0x0040f32c, Load base: 0x0001143c, Size: 0x000006f0, Max: 0x000006f0, ABSOLUTE)

    Exec Addr    Load Addr    Size         Type   Attr      Idx    E Section Name        Object

    0x0040f32c        -       0x000006f0   Zero   RW            4    RAM_STACK_SVC.bss   anon$$obj.o


    Execution Region RAM_STACK_IRQ (Exec base: 0x0040fa1c, Load base: 0x0001143c, Size: 0x000003f0, Max: 0x000003f0, ABSOLUTE)

    Exec Addr    Load Addr    Size         Type   Attr      Idx    E Section Name        Object

    0x0040fa1c        -       0x000003f0   Zero   RW            5    RAM_STACK_IRQ.bss   anon$$obj.o


    Execution Region RAM_STACK_FIQ (Exec base: 0x0040fe0c, Load base: 0x0001143c, Size: 0x000001f0, Max: 0x000001f0, ABSOLUTE)

    Exec Addr    Load Addr    Size         Type   Attr      Idx    E Section Name        Object

    0x0040fe0c        -       0x000001f0   Zero   RW            6    RAM_STACK_FIQ.bss   anon$$obj.o


==============================================================================

Image component sizes


      Code (inc. data)   RO Data    RW Data    ZI Data      Debug   Object Name

       652         90          0          8          0          0   adc.o
       532         80          0          1          0          0   aes.o
      1312        120          0         22          0          0   app.o
      3108        196        728        240        240          0   app_gyroscope.o
       760         46          0         14          0          0   app_key.o
       552        156          0          1         60          0   application_main.o
      1556        224          0         32          0          0   application_mode_normal.o
       900        188          0         32          0          0   application_mode_page.o
       724         36          0          3          0          0   application_mode_pcba.o
       764        116          0          8          0          0   application_mode_test.o
       592         46          0          1          0          0   application_rf.o
       200         34          0          0          0          0   dma.o
      1664         98          0        125         32          0   driver_rf.o
       672         14          0          2          0          0   driver_sensor.o
       864         18          0         52          0          0   driver_timer.o
      1000         24          0          0         16          0   driver_usb.o
      2392        224          4         12         16          0   flash.o
       356         12          0          4          0          0   gpio.o
       500         76          0          0          0          0   handlers.o
      1700         44          0          8          0          0   i2c.o
      1728        310          0          4          0          0   icu.o
       196          4          0          0          0          0   intc.o
       220         46          0          1          0          0   main.o
      1768        242          0          0        128          0   rf_xvr_24.o
         0          0          0          0         12          0   spi.o
       756         76         54         12        200          0   uart.o
       508         36          0         12        288          0   uart2.o
      2184        338         52         27        236          0   usb.o
        76          4        533          0          0          0   usb_desc.o
       112          4          0          1          0          0   usbclass.o
      2740        586          0         43         10          0   user_handle.o
        92         32          0          0          0          0   vectors.o
        52          6          0          0          0          0   wdt.o

    ----------------------------------------------------------------------
     31296       3542       1408        680      37384          0   Object Totals
        48         16         32          0      36144          0   (incl. Generated)
        16          0          5         15          2          0   (incl. Padding)

    ----------------------------------------------------------------------

      Code (inc. data)   RO Data    RW Data    ZI Data      Debug   Library Member Name

       360         36          0          0          0          0   asinf.o
       492         56          0          0          0          0   atanf.o
        44          0          0          0          0          0   fpclassifyf.o
        32          0          0          0          0          0   funder.o
        68          4          0          0          0          0   sqrtf.o
         0          0          0          0          0          0   entry.o
         0          0          0          0          0          0   entry10a.o
         0          0          0          0          0          0   entry11a.o
         8          4          0          0          0          0   entry4.o
         4          0          0          0          0          0   entry5.o
         0          0          0          0          0          0   entry7b.o
         0          0          0          0          0          0   entry8b.o
        12          4          0          0          0          0   entry9a.o
        20          6          0          4          0          0   errno.o
        56          0          0          0          0          0   handlers.o
        40          0          0          0          0          0   idiv.o
        32         10          0          0          0          0   init.o
         0          0          0          0          0          0   iusefp.o
        32          0          0          0          0          0   llshl.o
        38          0          0          0          0          0   llsshr.o
        34          0          0          0          0          0   llushr.o
       192         20          0          0          0          0   malloc2.o
        36          0          0          0          0          0   memcpya.o
        38          0          0          0          0          0   memseta.o
         0          0          0          8          0          0   mvars.o
      2274         94          0          0          0          0   printfa.o
        44          0          0          0          0          0   uidiv.o
        96          0          0          0          0          0   uldiv.o
        20          0          0          0          0          0   uread4.o
        18          0          0          0          0          0   uwrite4.o
        40          2          0          0          0          0   cdrcmple.o
        56          0          0          0          0          0   d2f.o
       356          4          0          0          0          0   dadd.o
       240          6          0          0          0          0   ddiv.o
       190          0          0          0          0          0   depilogue.o
        72         10          0          0          0          0   dfixi.o
        60         10          0          0          0          0   dfixui.o
        64         10          0          0          0          0   dfixul.o
        40          6          0          0          0          0   dflti.o
        28          4          0          0          0          0   dfltui.o
       208          6          0          0          0          0   dmul.o
        44          0          0          0          0          0   dscalb.o
        40          0          0          0          0          0   f2d.o
       190          0          0          0          0          0   fadd.o
       132          0          0          0          0          0   fdiv.o
       112          0          0          0          0          0   fepilogue.o
        50          0          0          0          0          0   ffixi.o
        22          0          0          0          0          0   fflti.o
        14          0          0          0          0          0   ffltui.o
       124          0          0          0          0          0   fmul.o
        32          0          0          0          0          0   fscalb.o
        88          0          0          0          0          0   fsqrt.o

    ----------------------------------------------------------------------
      6200        292          0         12          0          0   Library Totals
         8          0          0          0          0          0   (incl. Padding)

    ----------------------------------------------------------------------

      Code (inc. data)   RO Data    RW Data    ZI Data      Debug   Library Name

       996         96          0          0          0          0   m_5s.l
      2994        138          0         12          0          0   mc_5.l
      2202         58          0          0          0          0   mf_5.l

    ----------------------------------------------------------------------
      6200        292          0         12          0          0   Library Totals

    ----------------------------------------------------------------------

==============================================================================


      Code (inc. data)   RO Data    RW Data    ZI Data      Debug   

     37496       3834       1408        692      37384          0   Grand Totals
     37496       3834       1408        692      37384          0   ELF Image Totals
     37496       3834       1408        692          0          0   ROM Totals

==============================================================================

    Total RO  Size (Code + RO Data)                38904 (  37.99kB)
    Total RW  Size (RW Data + ZI Data)             38076 (  37.18kB)
    Total ROM Size (Code + RO Data + RW Data)      39596 (  38.67kB)

==============================================================================

