Component: ARM Compiler 5.06 update 6 (build 750) Tool: armlink [4d35ed]

==============================================================================

Section Cross References

    handlers.o(SYS_BOOT) refers to main.o(.text) for main
    vectors.o(SYS_BOOT) refers to handlers.o(SYS_BOOT) for sys_Reset
    vectors.o(SYS_BOOT) refers to intc.o(.text) for Undefined_Exception
    vectors.o(SYS_BOOT) refers to intc.o(sys_irq_entry) for SYSirq_IRQ_Handler
    vectors.o(SYS_BOOT) refers to intc.o(sys_fiq_entry) for SYSirq_FIQ_Handler
    main.o(.text) refers to uart.o(.text) for uart0_printf
    main.o(.text) refers to main.o(i.__ARM_common_disable_fiq) for __ARM_common_disable_fiq
    main.o(.text) refers to main.o(i.__ARM_common_disable_irq) for __ARM_common_disable_irq
    main.o(.text) refers to icu.o(.text) for cpu_reset
    main.o(.text) refers to intc.o(.text) for intc_init
    main.o(.text) refers to gpio.o(.text) for gpio_init
    main.o(.text) refers to flash.o(.text) for flash_init
    main.o(.text) refers to rf_xvr_24.o(.text) for xvr_reg_initial
    main.o(.text) refers to adc.o(.text) for adc_init
    main.o(.text) refers to main.o(i.__ARM_common_enable_fiq) for __ARM_common_enable_fiq
    main.o(.text) refers to main.o(i.__ARM_common_enable_irq) for __ARM_common_enable_irq
    main.o(.text) refers to user_handle.o(.text) for user_fn24_main
    main.o(.text) refers to app.o(.text) for app_gpio_sleep
    intc.o(.text) refers to icu.o(.text) for cpu_wakeup
    intc.o(.text) refers to uart.o(.text) for uart_isr
    intc.o(.text) refers to uart2.o(.text) for uart2_isr
    intc.o(.text) refers to adc.o(.text) for adc_isr
    intc.o(.text) refers to gpio.o(.text) for gpio_isr
    intc.o(.text) refers to i2c.o(.text) for i2c_isr
    intc.o(.text) refers to driver_timer.o(.text) for Timer_ISR0
    intc.o(.text) refers to aes.o(.text) for rwip_isr
    intc.o(.text) refers to dma.o(.text) for dma_isr
    intc.o(sys_fiq_entry) refers to intc.o(.text) for intc_fiq
    intc.o(sys_irq_entry) refers to intc.o(.text) for intc_irq
    app.o(.text) refers to gpio.o(.text) for gpio_get_input
    app.o(.text) refers to driver_timer.o(.text) for Timer0_Stop
    app.o(.text) refers to app.o(.data) for .data
    app.o(.text) refers to application_main.o(.bss) for system_data
    app.o(.text) refers to application_mode_normal.o(.data) for RF_flag
    app.o(.text) refers to user_handle.o(.data) for ch_chan
    app.o(.text) refers to app_key.o(.data) for key_loop_ct
    app.o(.text) refers to app_key.o(.data) for key_loop_flag
    app.o(.text) refers to app_key.o(.data) for key_double_ct
    app.o(.text) refers to user_handle.o(.data) for pair_step_timeout
    app.o(.text) refers to user_handle.o(.data) for low_power_flag
    aes.o(.text) refers to memcpya.o(.text) for __aeabi_memcpy
    aes.o(.text) refers to uart.o(.text) for uart0_printf
    aes.o(.text) refers to aes.o(.data) for .data
    user_handle.o(.text) refers to application_main.o(.text) for fReadRFAddr
    user_handle.o(.text) refers to driver_timer.o(.text) for Timer_Initial
    user_handle.o(.text) refers to uart.o(.text) for uart0_printf
    user_handle.o(.text) refers to flash.o(.text) for flash_read_data
    user_handle.o(.text) refers to driver_rf.o(.text) for memcpy_2461
    user_handle.o(.text) refers to rf_xvr_24.o(.text) for Delay_ms
    user_handle.o(.text) refers to uidiv.o(.text) for __aeabi_uidivmod
    user_handle.o(.text) refers to gpio.o(.text) for gpio_set
    user_handle.o(.text) refers to dfltui.o(.text) for __aeabi_ui2d
    user_handle.o(.text) refers to ddiv.o(.text) for __aeabi_ddiv
    user_handle.o(.text) refers to app_key.o(.text) for key_loop
    user_handle.o(.text) refers to app_gyroscope.o(.text) for mouse
    user_handle.o(.text) refers to app.o(.text) for app_timer0_1_int_cb
    user_handle.o(.text) refers to user_handle.o(.data) for .data
    user_handle.o(.text) refers to driver_rf.o(.data) for P0_Address
    user_handle.o(.text) refers to driver_rf.o(.bss) for rf_fifo_data
    user_handle.o(.text) refers to application_mode_normal.o(.data) for RF_flag
    user_handle.o(.text) refers to app.o(.data) for uCH_ChCt
    user_handle.o(.text) refers to app_key.o(.data) for keys_press
    user_handle.o(.text) refers to app_gyroscope.o(.data) for cursor_speed
    user_handle.o(.text) refers to user_handle.o(.conststring) for .conststring
    user_handle.o(.text) refers to application_main.o(.bss) for system_data
    user_handle.o(.text) refers to uart.o(.data) for uart_rx_done
    user_handle.o(.text) refers to app_key.o(.data) for key_loop_flag
    user_handle.o(.text) refers to app_key.o(.data) for key_loop_ct
    user_handle.o(.text) refers to driver_rf.o(.data) for rf_address_tx_pub
    user_handle.o(.text) refers to adc.o(.text) for adc_get_value
    app_key.o(.text) refers to gpio.o(.text) for gpio_set
    app_key.o(.text) refers to app_key.o(i.__ARM_common_switch8) for __ARM_common_switch8
    app_key.o(.text) refers to user_handle.o(.text) for send_action
    app_key.o(.text) refers to app_key.o(.data) for .data
    app_key.o(.text) refers to user_handle.o(.data) for mouse_en
    app_key.o(.text) refers to application_main.o(.bss) for system_data
    app_gyroscope.o(.text) refers to fdiv.o(.text) for __aeabi_fdiv
    app_gyroscope.o(.text) refers to fadd.o(.text) for __aeabi_fadd
    app_gyroscope.o(.text) refers to ffixi.o(.text) for __aeabi_f2iz
    app_gyroscope.o(.text) refers to fflti.o(.text) for __aeabi_i2f
    app_gyroscope.o(.text) refers to printfa.o(i.__0sprintf) for __2sprintf
    app_gyroscope.o(.text) refers to fmul.o(.text) for __aeabi_fmul
    app_gyroscope.o(.text) refers to uart.o(.text) for uart0_printf
    app_gyroscope.o(.text) refers to i2c.o(.text) for i2c_read
    app_gyroscope.o(.text) refers to idiv.o(.text) for __aeabi_idivmod
    app_gyroscope.o(.text) refers to f2d.o(.text) for __aeabi_f2d
    app_gyroscope.o(.text) refers to ddiv.o(.text) for __aeabi_ddiv
    app_gyroscope.o(.text) refers to app_gyroscope.o(.bss) for .bss
    app_gyroscope.o(.text) refers to app_gyroscope.o(.data) for .data
    app_gyroscope.o(.text) refers to app_gyroscope.o(.constdata) for .constdata
    app_gyroscope.o(.text) refers to dadd.o(.text) for __aeabi_dsub
    app_gyroscope.o(.text) refers to d2f.o(.text) for __aeabi_d2f
    app_gyroscope.o(.text) refers to rf_xvr_24.o(.text) for Delay_ms
    app_gyroscope.o(.text) refers to dmul.o(.text) for __aeabi_dmul
    app_gyroscope.o(.text) refers to sqrt.o(i.sqrt) for sqrt
    app_gyroscope.o(.text) refers to fscalb.o(.text) for __ARM_scalbnf
    app_gyroscope.o(.text) refers to atan2.o(i.atan2) for atan2
    app_gyroscope.o(.text) refers to asin.o(i.asin) for asin
    app_gyroscope.o(.text) refers to gpio.o(.text) for gpio_config
    app_gyroscope.o(.text) refers to ffltui.o(.text) for __aeabi_ui2f
    app_gyroscope.o(.text) refers to dfixi.o(.text) for __aeabi_d2iz
    app_gyroscope.o(.text) refers to dflti.o(.text) for __aeabi_i2d
    app_gyroscope.o(.text) refers to user_handle.o(.data) for mouse_X
    flash.o(.text) refers to uart.o(.text) for uart0_printf
    flash.o(.text) refers to icu.o(.text) for cpu_reset
    flash.o(.text) refers to flash.o(.data) for .data
    flash.o(.text) refers to flash.o(.bss) for .bss
    flash.o(.text) refers to main.o(i.__ARM_common_disable_fiq) for __ARM_common_disable_fiq
    flash.o(.text) refers to main.o(i.__ARM_common_disable_irq) for __ARM_common_disable_irq
    flash.o(.text) refers to main.o(i.__ARM_common_enable_fiq) for __ARM_common_enable_fiq
    flash.o(.text) refers to main.o(i.__ARM_common_enable_irq) for __ARM_common_enable_irq
    flash.o(.text) refers to memseta.o(.text) for __aeabi_memclr4
    flash.o(.text) refers to memcpya.o(.text) for __aeabi_memcpy
    flash.o(.text) refers to flash.o(.constdata) for .constdata
    rf_xvr_24.o(.text) refers to uidiv.o(.text) for __aeabi_uidivmod
    rf_xvr_24.o(.text) refers to rf_xvr_24.o(.bss) for .bss
    gpio.o(.text) refers to gpio.o(.data) for .data
    icu.o(.text) refers to app_key.o(i.__ARM_common_switch8) for __ARM_common_switch8
    icu.o(.text) refers to rf_xvr_24.o(.text) for Delay_us
    icu.o(.text) refers to gpio.o(.text) for gpio_config
    icu.o(.text) refers to uart.o(.text) for uart0_printf
    icu.o(.text) refers to icu.o(.data) for .data
    icu.o(.text) refers to rf_xvr_24.o(.bss) for XVR_ANALOG_REG_BAK
    icu.o(.text) refers to flash.o(.text) for set_flash_clk
    adc.o(.text) refers to gpio.o(.text) for gpio_config
    adc.o(.text) refers to rf_xvr_24.o(.text) for Delay_us
    adc.o(.text) refers to uidiv.o(.text) for __aeabi_uidivmod
    adc.o(.text) refers to uart.o(.text) for uart0_printf
    adc.o(.text) refers to dfltui.o(.text) for __aeabi_ui2d
    adc.o(.text) refers to dmul.o(.text) for __aeabi_dmul
    adc.o(.text) refers to dscalb.o(.text) for __ARM_scalbn
    adc.o(.text) refers to dfixui.o(.text) for __aeabi_d2uiz
    adc.o(.text) refers to icu.o(.text) for cpu_reset
    adc.o(.text) refers to adc.o(.data) for .data
    adc.o(.text) refers to rf_xvr_24.o(.bss) for XVR_ANALOG_REG_BAK
    uart2.o(.text) refers to uidiv.o(.text) for __aeabi_uidivmod
    uart2.o(.text) refers to gpio.o(.text) for gpio_config
    uart2.o(.text) refers to memseta.o(.text) for __aeabi_memclr
    uart2.o(.text) refers to printfa.o(i.__0vsprintf) for vsprintf
    uart2.o(.text) refers to icu.o(.text) for cpu_reset
    uart2.o(.text) refers to app_key.o(i.__ARM_common_switch8) for __ARM_common_switch8
    uart2.o(.text) refers to memcpya.o(.text) for __aeabi_memcpy
    uart2.o(.text) refers to uart2.o(.data) for .data
    uart2.o(.text) refers to uart2.o(.bss) for .bss
    uart.o(.text) refers to uidiv.o(.text) for __aeabi_uidivmod
    uart.o(.text) refers to gpio.o(.text) for gpio_config
    uart.o(.text) refers to printfa.o(i.__0vsprintf) for vsprintf
    uart.o(.text) refers to icu.o(.text) for cpu_reset
    uart.o(.text) refers to app_key.o(i.__ARM_common_switch8) for __ARM_common_switch8
    uart.o(.text) refers to memcpya.o(.text) for __aeabi_memcpy
    uart.o(.text) refers to dma.o(.text) for dma_config_write
    uart.o(.text) refers to uart.o(.data) for .data
    uart.o(.text) refers to uart.o(.bss) for .bss
    uart.o(.text) refers to main.o(.data) for uart_rx_en
    uart.o(.text) refers to uart.o(.constdata) for .constdata
    i2c.o(.text) refers to memcpya.o(.text) for __aeabi_memcpy
    i2c.o(.text) refers to uidiv.o(.text) for __aeabi_uidivmod
    i2c.o(.text) refers to gpio.o(.text) for gpio_config
    i2c.o(.text) refers to i2c.o(.data) for .data
    i2c.o(.text) refers to uart.o(.text) for uart0_printf
    dma.o(.text) refers to uart.o(.text) for uart0_printf
    dma.o(.text) refers to spi.o(.bss) for spi_param
    driver_timer.o(.text) refers to uidiv.o(.text) for __aeabi_uidivmod
    driver_timer.o(.text) refers to driver_timer.o(.data) for .data
    driver_sensor.o(.text) refers to gpio.o(.text) for gpio_set
    driver_sensor.o(.text) refers to rf_xvr_24.o(.text) for Delay_ms
    driver_sensor.o(.text) refers to application_main.o(.bss) for system_data
    driver_sensor.o(.text) refers to driver_sensor.o(.data) for .data
    application_main.o(.text) refers to driver_rf.o(.text) for Rf_Init
    application_main.o(.text) refers to flash.o(.text) for flash_read
    application_main.o(.text) refers to uart.o(.text) for uart0_printf
    application_main.o(.text) refers to memseta.o(.text) for __aeabi_memclr4
    application_main.o(.text) refers to driver_timer.o(.text) for Timer_Initial
    application_main.o(.text) refers to driver_sensor.o(.text) for app_sensor_init
    application_main.o(.text) refers to application_mode_normal.o(.text) for LED_Ctrl
    application_main.o(.text) refers to gpio.o(.text) for gpio_get_input
    application_main.o(.text) refers to rf_xvr_24.o(.text) for xvr_reg_initial_24
    application_main.o(.text) refers to application_mode_pcba.o(.text) for application_PCBA_mode
    application_main.o(.text) refers to application_mode_page.o(.text) for application_page_mode
    application_main.o(.text) refers to application_mode_test.o(.text) for application_test_mode
    application_main.o(.text) refers to application_main.o(.bss) for .bss
    application_main.o(.text) refers to driver_rf.o(.data) for P0_Address
    application_main.o(.text) refers to user_handle.o(.data) for first_pair
    application_main.o(.text) refers to app.o(.text) for app_timer0_1_int_cb
    application_main.o(.text) refers to application_main.o(.data) for .data
    application_main.o(.text) refers to application_mode_normal.o(.data) for app_val
    application_main.o(.text) refers to driver_rf.o(.data) for channel_search
    application_mode_normal.o(.text) refers to driver_rf.o(.text) for driver_rf_channel_switch
    application_mode_normal.o(.text) refers to rf_xvr_24.o(.text) for Delay_us
    application_mode_normal.o(.text) refers to uart.o(.text) for uart0_printf
    application_mode_normal.o(.text) refers to memseta.o(.text) for __aeabi_memclr
    application_mode_normal.o(.text) refers to adc.o(.text) for adc_init
    application_mode_normal.o(.text) refers to application_rf.o(.text) for application_mouse_rf_send
    application_mode_normal.o(.text) refers to gpio.o(.text) for gpio_set
    application_mode_normal.o(.text) refers to app.o(.text) for driver_delay_set_with_base_tick
    application_mode_normal.o(.text) refers to icu.o(.text) for cpu_idle_sleep
    application_mode_normal.o(.text) refers to usb.o(.text) for AplUsb_IsConfigured
    application_mode_normal.o(.text) refers to driver_rf.o(.data) for flag_test
    application_mode_normal.o(.text) refers to driver_rf.o(.data) for channel_search
    application_mode_normal.o(.text) refers to application_main.o(.bss) for system_data
    application_mode_normal.o(.text) refers to application_mode_normal.o(.data) for .data
    application_mode_normal.o(.text) refers to application_rf.o(.data) for sync_count
    application_mode_normal.o(.text) refers to driver_rf.o(.bss) for rf_fifo_data
    application_mode_normal.o(.text) refers to driver_sensor.o(.text) for app_sensor_check
    application_mode_normal.o(.text) refers to driver_sensor.o(.data) for bSensorCheck
    application_mode_normal.o(.text) refers to driver_rf.o(.data) for rf_address_tx_pub
    application_mode_page.o(.text) refers to driver_rf.o(.text) for memcpy_2461
    application_mode_page.o(.text) refers to uart.o(.text) for uart0_printf
    application_mode_page.o(.text) refers to application_mode_normal.o(.text) for LED_Ctrl
    application_mode_page.o(.text) refers to app.o(.text) for app_mouse_key_scan
    application_mode_page.o(.text) refers to rf_xvr_24.o(.text) for Delay_ms
    application_mode_page.o(.text) refers to flash.o(.text) for flash_write_some_data
    application_mode_page.o(.text) refers to driver_sensor.o(.text) for app_sensor_init
    application_mode_page.o(.text) refers to application_main.o(.text) for f24GetFreqConfigValue
    application_mode_page.o(.text) refers to application_mode_page.o(.data) for .data
    application_mode_page.o(.text) refers to application_mode_normal.o(.data) for RF_flag
    application_mode_page.o(.text) refers to application_main.o(.bss) for system_data
    application_mode_page.o(.text) refers to driver_rf.o(.bss) for rf_fifo_data
    application_mode_page.o(.text) refers to driver_rf.o(.data) for uRXDataLens
    application_mode_pcba.o(.text) refers to gpio.o(.text) for gpio_get_input
    application_mode_pcba.o(.text) refers to driver_rf.o(.text) for memcpy_2461
    application_mode_pcba.o(.text) refers to driver_timer.o(.text) for Timer0_Stop
    application_mode_pcba.o(.text) refers to driver_sensor.o(.text) for app_sensor_init
    application_mode_pcba.o(.text) refers to wdt.o(.text) for wdt_disable
    application_mode_pcba.o(.text) refers to rf_xvr_24.o(.text) for Delay_ms
    application_mode_pcba.o(.text) refers to application_mode_test.o(.text) for driver_rf_mode_single_wave
    application_mode_pcba.o(.text) refers to adc.o(.text) for adc_deinit
    application_mode_pcba.o(.text) refers to app.o(.text) for app_gpio_sleep
    application_mode_pcba.o(.text) refers to icu.o(.text) for cpu_reduce_voltage_sleep
    application_mode_pcba.o(.text) refers to application_mode_pcba.o(.data) for .data
    application_mode_pcba.o(.text) refers to application_mode_normal.o(.data) for RF_flag
    application_mode_pcba.o(.text) refers to driver_sensor.o(.data) for bSensorCheck
    application_mode_pcba.o(.text) refers to driver_rf.o(.bss) for rf_fifo_data
    application_mode_test.o(.text) refers to wdt.o(.text) for wdt_disable
    application_mode_test.o(.text) refers to driver_rf.o(.text) for driver_rf_ouput_power_value_set
    application_mode_test.o(.text) refers to application_mode_normal.o(.text) for application_mouse_led_start
    application_mode_test.o(.text) refers to rf_xvr_24.o(.text) for Delay_us
    application_mode_test.o(.text) refers to app.o(.text) for app_mouse_key_scan
    application_mode_test.o(.text) refers to uart.o(.text) for uart0_printf
    application_mode_test.o(.text) refers to rf_xvr_24.o(.bss) for XVR_ANALOG_REG_BAK
    application_mode_test.o(.text) refers to application_mode_test.o(.data) for .data
    application_mode_test.o(.text) refers to application_mode_normal.o(.data) for RF_flag
    application_mode_test.o(.text) refers to driver_rf.o(.bss) for rf_fifo_data
    application_mode_test.o(.text) refers to application_main.o(.bss) for system_data
    application_rf.o(.text) refers to driver_rf.o(.text) for driver_rf_channel_switch
    application_rf.o(.text) refers to memseta.o(.text) for __aeabi_memclr
    application_rf.o(.text) refers to application_mode_normal.o(.text) for application_mouse_channel_search
    application_rf.o(.text) refers to gpio.o(.text) for gpio_get_input
    application_rf.o(.text) refers to rf_xvr_24.o(.text) for Delay_us
    application_rf.o(.text) refers to uart.o(.text) for uart0_printf
    application_rf.o(.text) refers to application_main.o(.bss) for system_data
    application_rf.o(.text) refers to driver_rf.o(.bss) for rf_fifo_data
    application_rf.o(.text) refers to application_mode_normal.o(.data) for RF_flag
    application_rf.o(.text) refers to driver_rf.o(.data) for flag_test
    application_rf.o(.text) refers to driver_rf.o(.data) for channel_search
    application_rf.o(.text) refers to application_rf.o(.data) for .data
    driver_rf.o(.text) refers to app_key.o(i.__ARM_common_switch8) for __ARM_common_switch8
    driver_rf.o(.text) refers to rf_xvr_24.o(.text) for Delay_us
    driver_rf.o(.text) refers to driver_rf.o(.data) for .data
    driver_rf.o(.text) refers to application_main.o(.bss) for system_data
    driver_rf.o(.text) refers to application_mode_normal.o(.data) for RF_flag
    driver_rf.o(.text) refers to driver_rf.o(.bss) for .bss
    driver_rf.o(.text) refers to app.o(.data) for uRF_TXTime
    driver_rf.o(.text) refers to app.o(.text) for driver_timer0_reset
    driver_rf.o(.text) refers to uart.o(.text) for uart0_printf
    driver_rf.o(.text) refers to rf_xvr_24.o(.bss) for XVR_ANALOG_REG_BAK
    driver_rf.o(.text) refers to application_mode_test.o(.data) for XVR_REG24_BAK
    driver_usb.o(.text) refers to memcpya.o(.text) for __aeabi_memcpy
    driver_usb.o(.text) refers to uread4.o(.text) for __aeabi_uread4
    driver_usb.o(.text) refers to uwrite4.o(.text) for __aeabi_uwrite4
    driver_usb.o(.text) refers to memseta.o(.text) for __aeabi_memclr
    driver_usb.o(.text) refers to usb.o(.text) for HwUsbOpen
    driver_usb.o(.text) refers to driver_usb.o(.bss) for .bss
    driver_usb.o(.text) refers to usbclass.o(.data) for bUsbState
    driver_usb.o(.text) refers to usb.o(.data) for suspend_status
    usb.o(.text) refers to malloc2.o(i.__free$2region) for free
    usb.o(.text) refers to malloc2.o(i.__malloc$2region) for malloc
    usb.o(.text) refers to uart2.o(.text) for uart2_printf
    usb.o(.text) refers to driver_usb.o(.text) for HwUsb_Switch2Endp
    usb.o(.text) refers to usb_desc.o(.text) for USBDesc_GetConfigDesc
    usb.o(.text) refers to uread4.o(.text) for __aeabi_uread4
    usb.o(.text) refers to memseta.o(.text) for __aeabi_memclr4
    usb.o(.text) refers to uwrite4.o(.text) for __aeabi_uwrite4
    usb.o(.text) refers to usb.o(.bss) for .bss
    usb.o(.text) refers to usb.o(.data) for .data
    usb.o(.text) refers to memcpya.o(.text) for __aeabi_memcpy
    usb.o(.text) refers to usbclass.o(.text) for HalUsbClassRequest
    usb.o(.text) refers to uart.o(.text) for uart0_printf
    usb.o(.text) refers to rf_xvr_24.o(.text) for Delay_ms
    usb.o(.text) refers to usbclass.o(.data) for bUsbState
    usb.o(.text) refers to usb.o(.constdata) for .constdata
    usb.o(.constdata) refers to usb.o(.text) for URB_GET_STATUS
    usb_desc.o(.text) refers to uread4.o(.text) for __aeabi_uread4
    usb_desc.o(.text) refers to usb_desc.o(.constdata) for .constdata
    usb_desc.o(.constdata) refers to usb_desc.o(.constdata) for tUsbDeviceDescriptor
    usb_desc.o(.constdata) refers to usb_desc.o(.constdata) for tUsbConfig
    usb_desc.o(.constdata) refers to usb_desc.o(.constdata) for tHidEP1ReportDesc
    usb_desc.o(.constdata) refers to usb_desc.o(.constdata) for tHidEP2ReportDesc
    usb_desc.o(.constdata) refers to usb_desc.o(.constdata) for tHidEP3ReportDesc
    usb_desc.o(.constdata) refers to usb_desc.o(.constdata) for tUsbLanguageID
    usb_desc.o(.constdata) refers to usb_desc.o(.constdata) for tUsbVendorStr
    usb_desc.o(.constdata) refers to usb_desc.o(.constdata) for tUsbVersionStr
    usb_desc.o(.constdata) refers to usb_desc.o(.constdata) for tUsbProductStr
    usbclass.o(.text) refers to uwrite4.o(.text) for __aeabi_uwrite4
    usbclass.o(.text) refers to usb.o(.text) for GetRqtRecipient
    usbclass.o(.text) refers to driver_usb.o(.text) for HwUsb_SendStall
    usbclass.o(.text) refers to usb.o(.data) for ep0PktMaxSz
    asin.o(i.__softfp_asin) refers (Special) to iusefp.o(.text) for __I$use$fp
    asin.o(i.__softfp_asin) refers to asin.o(i.asin) for asin
    asin.o(i.asin) refers (Special) to iusefp.o(.text) for __I$use$fp
    asin.o(i.asin) refers to dunder.o(i.__mathlib_dbl_infnan) for __mathlib_dbl_infnan
    asin.o(i.asin) refers to dmul.o(.text) for __aeabi_dmul
    asin.o(i.asin) refers to dadd.o(.text) for __aeabi_dadd
    asin.o(i.asin) refers to errno.o(i.__set_errno) for __set_errno
    asin.o(i.asin) refers to dunder.o(i.__mathlib_dbl_invalid) for __mathlib_dbl_invalid
    asin.o(i.asin) refers to fpclassify.o(i.__ARM_fpclassify) for __ARM_fpclassify
    asin.o(i.asin) refers to dunder.o(i.__mathlib_dbl_underflow) for __mathlib_dbl_underflow
    asin.o(i.asin) refers to poly.o(i.__kernel_poly) for __kernel_poly
    asin.o(i.asin) refers to ddiv.o(.text) for __aeabi_ddiv
    asin.o(i.asin) refers to dscalb.o(.text) for __ARM_scalbn
    asin.o(i.asin) refers to sqrt.o(i.sqrt) for sqrt
    asin.o(i.asin) refers to asin.o(.constdata) for .constdata
    asin.o(.constdata) refers (Special) to iusefp.o(.text) for __I$use$fp
    asin_x.o(i.____softfp_asin$lsc) refers (Special) to iusefp.o(.text) for __I$use$fp
    asin_x.o(i.____softfp_asin$lsc) refers to asin_x.o(i.__asin$lsc) for __asin$lsc
    asin_x.o(i.__asin$lsc) refers (Special) to iusefp.o(.text) for __I$use$fp
    asin_x.o(i.__asin$lsc) refers to dunder.o(i.__mathlib_dbl_infnan) for __mathlib_dbl_infnan
    asin_x.o(i.__asin$lsc) refers to dmul.o(.text) for __aeabi_dmul
    asin_x.o(i.__asin$lsc) refers to dadd.o(.text) for __aeabi_dadd
    asin_x.o(i.__asin$lsc) refers to errno.o(i.__set_errno) for __set_errno
    asin_x.o(i.__asin$lsc) refers to poly.o(i.__kernel_poly) for __kernel_poly
    asin_x.o(i.__asin$lsc) refers to ddiv.o(.text) for __aeabi_ddiv
    asin_x.o(i.__asin$lsc) refers to dscalb.o(.text) for __ARM_scalbn
    asin_x.o(i.__asin$lsc) refers to sqrt.o(i.sqrt) for sqrt
    asin_x.o(i.__asin$lsc) refers to asin_x.o(.constdata) for .constdata
    asin_x.o(.constdata) refers (Special) to iusefp.o(.text) for __I$use$fp
    atan2.o(i.__softfp_atan2) refers (Special) to iusefp.o(.text) for __I$use$fp
    atan2.o(i.__softfp_atan2) refers to atan2.o(i.atan2) for atan2
    atan2.o(i.atan2) refers (Special) to iusefp.o(.text) for __I$use$fp
    atan2.o(i.atan2) refers to dunder.o(i.__mathlib_dbl_infnan2) for __mathlib_dbl_infnan2
    atan2.o(i.atan2) refers to atan.o(i.atan) for atan
    atan2.o(i.atan2) refers to ddiv.o(.text) for __aeabi_ddiv
    atan2.o(i.atan2) refers to dadd.o(.text) for __aeabi_dsub
    atan2.o(i.atan2) refers to qnan.o(.constdata) for __mathlib_zero
    atan2_x.o(i.____softfp_atan2$lsc) refers (Special) to iusefp.o(.text) for __I$use$fp
    atan2_x.o(i.____softfp_atan2$lsc) refers to atan2_x.o(i.__atan2$lsc) for __atan2$lsc
    atan2_x.o(i.__atan2$lsc) refers (Special) to iusefp.o(.text) for __I$use$fp
    atan2_x.o(i.__atan2$lsc) refers to dunder.o(i.__mathlib_dbl_infnan2) for __mathlib_dbl_infnan2
    atan2_x.o(i.__atan2$lsc) refers to atan.o(i.atan) for atan
    atan2_x.o(i.__atan2$lsc) refers to errno.o(i.__set_errno) for __set_errno
    atan2_x.o(i.__atan2$lsc) refers to ddiv.o(.text) for __aeabi_ddiv
    atan2_x.o(i.__atan2$lsc) refers to dadd.o(.text) for __aeabi_dsub
    atan2_x.o(i.__atan2$lsc) refers to qnan.o(.constdata) for __mathlib_zero
    sqrt.o(i.__softfp_sqrt) refers (Special) to iusefp.o(.text) for __I$use$fp
    sqrt.o(i.__softfp_sqrt) refers to dsqrt.o(.text) for _dsqrt
    sqrt.o(i.__softfp_sqrt) refers to errno.o(i.__set_errno) for __set_errno
    sqrt.o(i.sqrt) refers (Special) to iusefp.o(.text) for __I$use$fp
    sqrt.o(i.sqrt) refers to dsqrt.o(.text) for _dsqrt
    sqrt.o(i.sqrt) refers to errno.o(i.__set_errno) for __set_errno
    sqrt_x.o(i.____softfp_sqrt$lsc) refers (Special) to iusefp.o(.text) for __I$use$fp
    sqrt_x.o(i.____softfp_sqrt$lsc) refers to cdcmple.o(.text) for __aeabi_cdcmple
    sqrt_x.o(i.____softfp_sqrt$lsc) refers to errno.o(i.__set_errno) for __set_errno
    sqrt_x.o(i.____softfp_sqrt$lsc) refers to dsqrt.o(.text) for _dsqrt
    sqrt_x.o(i.__sqrt$lsc) refers (Special) to iusefp.o(.text) for __I$use$fp
    sqrt_x.o(i.__sqrt$lsc) refers to cdcmple.o(.text) for __aeabi_cdcmple
    sqrt_x.o(i.__sqrt$lsc) refers to errno.o(i.__set_errno) for __set_errno
    sqrt_x.o(i.__sqrt$lsc) refers to dsqrt.o(.text) for _dsqrt
    entry.o(.ARM.Collect$$$$00000000) refers (Special) to entry10a.o(.ARM.Collect$$$$0000000D) for __rt_final_cpp
    entry.o(.ARM.Collect$$$$00000000) refers (Special) to entry11a.o(.ARM.Collect$$$$0000000F) for __rt_final_exit
    entry.o(.ARM.Collect$$$$00000000) refers (Special) to entry7b.o(.ARM.Collect$$$$00000008) for _main_clock
    entry.o(.ARM.Collect$$$$00000000) refers (Special) to entry8b.o(.ARM.Collect$$$$0000000A) for _main_cpp_init
    entry.o(.ARM.Collect$$$$00000000) refers (Special) to entry9a.o(.ARM.Collect$$$$0000000B) for _main_init
    entry.o(.ARM.Collect$$$$00000000) refers (Special) to entry5.o(.ARM.Collect$$$$00000004) for _main_scatterload
    entry.o(.ARM.Collect$$$$00000000) refers (Special) to entry4.o(.ARM.Collect$$$$00000003) for _main_stk
    idiv.o(.text) refers to uidiv.o(.text) for __aeabi_uidivmod
    printfb.o(i.__0fprintf$bare) refers to printfb.o(i._printf_core) for _printf_core
    printfb.o(i.__0fprintf$bare) refers to fputc.o(i.fputc) for fputc
    printfb.o(i.__0printf$bare) refers to printfb.o(i._printf_core) for _printf_core
    printfb.o(i.__0printf$bare) refers to fputc.o(i.fputc) for fputc
    printfb.o(i.__0printf$bare) refers to stdout.o(.data) for __stdout
    printfb.o(i.__0snprintf$bare) refers to printfb.o(i._printf_core) for _printf_core
    printfb.o(i.__0snprintf$bare) refers to printfb.o(i._snputc) for _snputc
    printfb.o(i.__0sprintf$bare) refers to printfb.o(i._printf_core) for _printf_core
    printfb.o(i.__0sprintf$bare) refers to printfb.o(i._sputc) for _sputc
    printfb.o(i.__0vfprintf$bare) refers to printfb.o(i._printf_core) for _printf_core
    printfb.o(i.__0vfprintf$bare) refers to fputc.o(i.fputc) for fputc
    printfb.o(i.__0vprintf$bare) refers to printfb.o(i._printf_core) for _printf_core
    printfb.o(i.__0vprintf$bare) refers to fputc.o(i.fputc) for fputc
    printfb.o(i.__0vprintf$bare) refers to stdout.o(.data) for __stdout
    printfb.o(i.__0vsnprintf$bare) refers to printfb.o(i._printf_core) for _printf_core
    printfb.o(i.__0vsnprintf$bare) refers to printfb.o(i._snputc) for _snputc
    printfb.o(i.__0vsprintf$bare) refers to printfb.o(i._printf_core) for _printf_core
    printfb.o(i.__0vsprintf$bare) refers to printfb.o(i._sputc) for _sputc
    printf0.o(i.__0fprintf$0) refers to printf0.o(i._printf_core) for _printf_core
    printf0.o(i.__0fprintf$0) refers to fputc.o(i.fputc) for fputc
    printf0.o(i.__0printf$0) refers to printf0.o(i._printf_core) for _printf_core
    printf0.o(i.__0printf$0) refers to fputc.o(i.fputc) for fputc
    printf0.o(i.__0printf$0) refers to stdout.o(.data) for __stdout
    printf0.o(i.__0snprintf$0) refers to printf0.o(i._printf_core) for _printf_core
    printf0.o(i.__0snprintf$0) refers to printf0.o(i._snputc) for _snputc
    printf0.o(i.__0sprintf$0) refers to printf0.o(i._printf_core) for _printf_core
    printf0.o(i.__0sprintf$0) refers to printf0.o(i._sputc) for _sputc
    printf0.o(i.__0vfprintf$0) refers to printf0.o(i._printf_core) for _printf_core
    printf0.o(i.__0vfprintf$0) refers to fputc.o(i.fputc) for fputc
    printf0.o(i.__0vprintf$0) refers to printf0.o(i._printf_core) for _printf_core
    printf0.o(i.__0vprintf$0) refers to fputc.o(i.fputc) for fputc
    printf0.o(i.__0vprintf$0) refers to stdout.o(.data) for __stdout
    printf0.o(i.__0vsnprintf$0) refers to printf0.o(i._printf_core) for _printf_core
    printf0.o(i.__0vsnprintf$0) refers to printf0.o(i._snputc) for _snputc
    printf0.o(i.__0vsprintf$0) refers to printf0.o(i._printf_core) for _printf_core
    printf0.o(i.__0vsprintf$0) refers to printf0.o(i._sputc) for _sputc
    printf1.o(i.__0fprintf$1) refers to printf1.o(i._printf_core) for _printf_core
    printf1.o(i.__0fprintf$1) refers to fputc.o(i.fputc) for fputc
    printf1.o(i.__0printf$1) refers to printf1.o(i._printf_core) for _printf_core
    printf1.o(i.__0printf$1) refers to fputc.o(i.fputc) for fputc
    printf1.o(i.__0printf$1) refers to stdout.o(.data) for __stdout
    printf1.o(i.__0snprintf$1) refers to printf1.o(i._printf_core) for _printf_core
    printf1.o(i.__0snprintf$1) refers to printf1.o(i._snputc) for _snputc
    printf1.o(i.__0sprintf$1) refers to printf1.o(i._printf_core) for _printf_core
    printf1.o(i.__0sprintf$1) refers to printf1.o(i._sputc) for _sputc
    printf1.o(i.__0vfprintf$1) refers to printf1.o(i._printf_core) for _printf_core
    printf1.o(i.__0vfprintf$1) refers to fputc.o(i.fputc) for fputc
    printf1.o(i.__0vprintf$1) refers to printf1.o(i._printf_core) for _printf_core
    printf1.o(i.__0vprintf$1) refers to fputc.o(i.fputc) for fputc
    printf1.o(i.__0vprintf$1) refers to stdout.o(.data) for __stdout
    printf1.o(i.__0vsnprintf$1) refers to printf1.o(i._printf_core) for _printf_core
    printf1.o(i.__0vsnprintf$1) refers to printf1.o(i._snputc) for _snputc
    printf1.o(i.__0vsprintf$1) refers to printf1.o(i._printf_core) for _printf_core
    printf1.o(i.__0vsprintf$1) refers to printf1.o(i._sputc) for _sputc
    printf1.o(i._printf_core) refers to uidiv.o(.text) for __aeabi_uidivmod
    printf2.o(i.__0fprintf$2) refers to printf2.o(i._printf_core) for _printf_core
    printf2.o(i.__0fprintf$2) refers to fputc.o(i.fputc) for fputc
    printf2.o(i.__0printf$2) refers to printf2.o(i._printf_core) for _printf_core
    printf2.o(i.__0printf$2) refers to fputc.o(i.fputc) for fputc
    printf2.o(i.__0printf$2) refers to stdout.o(.data) for __stdout
    printf2.o(i.__0snprintf$2) refers to printf2.o(i._printf_core) for _printf_core
    printf2.o(i.__0snprintf$2) refers to printf2.o(i._snputc) for _snputc
    printf2.o(i.__0sprintf$2) refers to printf2.o(i._printf_core) for _printf_core
    printf2.o(i.__0sprintf$2) refers to printf2.o(i._sputc) for _sputc
    printf2.o(i.__0vfprintf$2) refers to printf2.o(i._printf_core) for _printf_core
    printf2.o(i.__0vfprintf$2) refers to fputc.o(i.fputc) for fputc
    printf2.o(i.__0vprintf$2) refers to printf2.o(i._printf_core) for _printf_core
    printf2.o(i.__0vprintf$2) refers to fputc.o(i.fputc) for fputc
    printf2.o(i.__0vprintf$2) refers to stdout.o(.data) for __stdout
    printf2.o(i.__0vsnprintf$2) refers to printf2.o(i._printf_core) for _printf_core
    printf2.o(i.__0vsnprintf$2) refers to printf2.o(i._snputc) for _snputc
    printf2.o(i.__0vsprintf$2) refers to printf2.o(i._printf_core) for _printf_core
    printf2.o(i.__0vsprintf$2) refers to printf2.o(i._sputc) for _sputc
    printf3.o(i.__0fprintf$3) refers to printf3.o(i._printf_core) for _printf_core
    printf3.o(i.__0fprintf$3) refers to fputc.o(i.fputc) for fputc
    printf3.o(i.__0printf$3) refers to printf3.o(i._printf_core) for _printf_core
    printf3.o(i.__0printf$3) refers to fputc.o(i.fputc) for fputc
    printf3.o(i.__0printf$3) refers to stdout.o(.data) for __stdout
    printf3.o(i.__0snprintf$3) refers to printf3.o(i._printf_core) for _printf_core
    printf3.o(i.__0snprintf$3) refers to printf3.o(i._snputc) for _snputc
    printf3.o(i.__0sprintf$3) refers to printf3.o(i._printf_core) for _printf_core
    printf3.o(i.__0sprintf$3) refers to printf3.o(i._sputc) for _sputc
    printf3.o(i.__0vfprintf$3) refers to printf3.o(i._printf_core) for _printf_core
    printf3.o(i.__0vfprintf$3) refers to fputc.o(i.fputc) for fputc
    printf3.o(i.__0vprintf$3) refers to printf3.o(i._printf_core) for _printf_core
    printf3.o(i.__0vprintf$3) refers to fputc.o(i.fputc) for fputc
    printf3.o(i.__0vprintf$3) refers to stdout.o(.data) for __stdout
    printf3.o(i.__0vsnprintf$3) refers to printf3.o(i._printf_core) for _printf_core
    printf3.o(i.__0vsnprintf$3) refers to printf3.o(i._snputc) for _snputc
    printf3.o(i.__0vsprintf$3) refers to printf3.o(i._printf_core) for _printf_core
    printf3.o(i.__0vsprintf$3) refers to printf3.o(i._sputc) for _sputc
    printf3.o(i._printf_core) refers to uidiv.o(.text) for __aeabi_uidivmod
    printf4.o(i.__0fprintf$4) refers to printf4.o(i._printf_core) for _printf_core
    printf4.o(i.__0fprintf$4) refers to fputc.o(i.fputc) for fputc
    printf4.o(i.__0printf$4) refers to printf4.o(i._printf_core) for _printf_core
    printf4.o(i.__0printf$4) refers to fputc.o(i.fputc) for fputc
    printf4.o(i.__0printf$4) refers to stdout.o(.data) for __stdout
    printf4.o(i.__0snprintf$4) refers to printf4.o(i._printf_core) for _printf_core
    printf4.o(i.__0snprintf$4) refers to printf4.o(i._snputc) for _snputc
    printf4.o(i.__0sprintf$4) refers to printf4.o(i._printf_core) for _printf_core
    printf4.o(i.__0sprintf$4) refers to printf4.o(i._sputc) for _sputc
    printf4.o(i.__0vfprintf$4) refers to printf4.o(i._printf_core) for _printf_core
    printf4.o(i.__0vfprintf$4) refers to fputc.o(i.fputc) for fputc
    printf4.o(i.__0vprintf$4) refers to printf4.o(i._printf_core) for _printf_core
    printf4.o(i.__0vprintf$4) refers to fputc.o(i.fputc) for fputc
    printf4.o(i.__0vprintf$4) refers to stdout.o(.data) for __stdout
    printf4.o(i.__0vsnprintf$4) refers to printf4.o(i._printf_core) for _printf_core
    printf4.o(i.__0vsnprintf$4) refers to printf4.o(i._snputc) for _snputc
    printf4.o(i.__0vsprintf$4) refers to printf4.o(i._printf_core) for _printf_core
    printf4.o(i.__0vsprintf$4) refers to printf4.o(i._sputc) for _sputc
    printf4.o(i._printf_core) refers to uldiv.o(.text) for __aeabi_uldivmod
    printf5.o(i.__0fprintf$5) refers to printf5.o(i._printf_core) for _printf_core
    printf5.o(i.__0fprintf$5) refers to fputc.o(i.fputc) for fputc
    printf5.o(i.__0printf$5) refers to printf5.o(i._printf_core) for _printf_core
    printf5.o(i.__0printf$5) refers to fputc.o(i.fputc) for fputc
    printf5.o(i.__0printf$5) refers to stdout.o(.data) for __stdout
    printf5.o(i.__0snprintf$5) refers to printf5.o(i._printf_core) for _printf_core
    printf5.o(i.__0snprintf$5) refers to printf5.o(i._snputc) for _snputc
    printf5.o(i.__0sprintf$5) refers to printf5.o(i._printf_core) for _printf_core
    printf5.o(i.__0sprintf$5) refers to printf5.o(i._sputc) for _sputc
    printf5.o(i.__0vfprintf$5) refers to printf5.o(i._printf_core) for _printf_core
    printf5.o(i.__0vfprintf$5) refers to fputc.o(i.fputc) for fputc
    printf5.o(i.__0vprintf$5) refers to printf5.o(i._printf_core) for _printf_core
    printf5.o(i.__0vprintf$5) refers to fputc.o(i.fputc) for fputc
    printf5.o(i.__0vprintf$5) refers to stdout.o(.data) for __stdout
    printf5.o(i.__0vsnprintf$5) refers to printf5.o(i._printf_core) for _printf_core
    printf5.o(i.__0vsnprintf$5) refers to printf5.o(i._snputc) for _snputc
    printf5.o(i.__0vsprintf$5) refers to printf5.o(i._printf_core) for _printf_core
    printf5.o(i.__0vsprintf$5) refers to printf5.o(i._sputc) for _sputc
    printf5.o(i._printf_core) refers to uldiv.o(.text) for __aeabi_uldivmod
    printf6.o(i.__0fprintf$6) refers to printf6.o(i._printf_core) for _printf_core
    printf6.o(i.__0fprintf$6) refers to fputc.o(i.fputc) for fputc
    printf6.o(i.__0printf$6) refers to printf6.o(i._printf_core) for _printf_core
    printf6.o(i.__0printf$6) refers to fputc.o(i.fputc) for fputc
    printf6.o(i.__0printf$6) refers to stdout.o(.data) for __stdout
    printf6.o(i.__0snprintf$6) refers to printf6.o(i._printf_core) for _printf_core
    printf6.o(i.__0snprintf$6) refers to printf6.o(i._snputc) for _snputc
    printf6.o(i.__0sprintf$6) refers to printf6.o(i._printf_core) for _printf_core
    printf6.o(i.__0sprintf$6) refers to printf6.o(i._sputc) for _sputc
    printf6.o(i.__0vfprintf$6) refers to printf6.o(i._printf_core) for _printf_core
    printf6.o(i.__0vfprintf$6) refers to fputc.o(i.fputc) for fputc
    printf6.o(i.__0vprintf$6) refers to printf6.o(i._printf_core) for _printf_core
    printf6.o(i.__0vprintf$6) refers to fputc.o(i.fputc) for fputc
    printf6.o(i.__0vprintf$6) refers to stdout.o(.data) for __stdout
    printf6.o(i.__0vsnprintf$6) refers to printf6.o(i._printf_core) for _printf_core
    printf6.o(i.__0vsnprintf$6) refers to printf6.o(i._snputc) for _snputc
    printf6.o(i.__0vsprintf$6) refers to printf6.o(i._printf_core) for _printf_core
    printf6.o(i.__0vsprintf$6) refers to printf6.o(i._sputc) for _sputc
    printf6.o(i._printf_core) refers to printf6.o(i._printf_pre_padding) for _printf_pre_padding
    printf6.o(i._printf_core) refers to printf6.o(i._printf_post_padding) for _printf_post_padding
    printf6.o(i._printf_core) refers to uidiv.o(.text) for __aeabi_uidivmod
    printf7.o(i.__0fprintf$7) refers to printf7.o(i._printf_core) for _printf_core
    printf7.o(i.__0fprintf$7) refers to fputc.o(i.fputc) for fputc
    printf7.o(i.__0printf$7) refers to printf7.o(i._printf_core) for _printf_core
    printf7.o(i.__0printf$7) refers to fputc.o(i.fputc) for fputc
    printf7.o(i.__0printf$7) refers to stdout.o(.data) for __stdout
    printf7.o(i.__0snprintf$7) refers to printf7.o(i._printf_core) for _printf_core
    printf7.o(i.__0snprintf$7) refers to printf7.o(i._snputc) for _snputc
    printf7.o(i.__0sprintf$7) refers to printf7.o(i._printf_core) for _printf_core
    printf7.o(i.__0sprintf$7) refers to printf7.o(i._sputc) for _sputc
    printf7.o(i.__0vfprintf$7) refers to printf7.o(i._printf_core) for _printf_core
    printf7.o(i.__0vfprintf$7) refers to fputc.o(i.fputc) for fputc
    printf7.o(i.__0vprintf$7) refers to printf7.o(i._printf_core) for _printf_core
    printf7.o(i.__0vprintf$7) refers to fputc.o(i.fputc) for fputc
    printf7.o(i.__0vprintf$7) refers to stdout.o(.data) for __stdout
    printf7.o(i.__0vsnprintf$7) refers to printf7.o(i._printf_core) for _printf_core
    printf7.o(i.__0vsnprintf$7) refers to printf7.o(i._snputc) for _snputc
    printf7.o(i.__0vsprintf$7) refers to printf7.o(i._printf_core) for _printf_core
    printf7.o(i.__0vsprintf$7) refers to printf7.o(i._sputc) for _sputc
    printf7.o(i._printf_core) refers to printf7.o(i._printf_pre_padding) for _printf_pre_padding
    printf7.o(i._printf_core) refers to printf7.o(i._printf_post_padding) for _printf_post_padding
    printf7.o(i._printf_core) refers to uldiv.o(.text) for __aeabi_uldivmod
    printf8.o(i.__0fprintf$8) refers to printf8.o(i._printf_core) for _printf_core
    printf8.o(i.__0fprintf$8) refers to fputc.o(i.fputc) for fputc
    printf8.o(i.__0printf$8) refers to printf8.o(i._printf_core) for _printf_core
    printf8.o(i.__0printf$8) refers to fputc.o(i.fputc) for fputc
    printf8.o(i.__0printf$8) refers to stdout.o(.data) for __stdout
    printf8.o(i.__0snprintf$8) refers to printf8.o(i._printf_core) for _printf_core
    printf8.o(i.__0snprintf$8) refers to printf8.o(i._snputc) for _snputc
    printf8.o(i.__0sprintf$8) refers to printf8.o(i._printf_core) for _printf_core
    printf8.o(i.__0sprintf$8) refers to printf8.o(i._sputc) for _sputc
    printf8.o(i.__0vfprintf$8) refers to printf8.o(i._printf_core) for _printf_core
    printf8.o(i.__0vfprintf$8) refers to fputc.o(i.fputc) for fputc
    printf8.o(i.__0vprintf$8) refers to printf8.o(i._printf_core) for _printf_core
    printf8.o(i.__0vprintf$8) refers to fputc.o(i.fputc) for fputc
    printf8.o(i.__0vprintf$8) refers to stdout.o(.data) for __stdout
    printf8.o(i.__0vsnprintf$8) refers to printf8.o(i._printf_core) for _printf_core
    printf8.o(i.__0vsnprintf$8) refers to printf8.o(i._snputc) for _snputc
    printf8.o(i.__0vsprintf$8) refers to printf8.o(i._printf_core) for _printf_core
    printf8.o(i.__0vsprintf$8) refers to printf8.o(i._sputc) for _sputc
    printf8.o(i._printf_core) refers to printf8.o(i._printf_pre_padding) for _printf_pre_padding
    printf8.o(i._printf_core) refers to printf8.o(i._printf_post_padding) for _printf_post_padding
    printf8.o(i._printf_core) refers to uldiv.o(.text) for __aeabi_uldivmod
    printfa.o(i.__0fprintf) refers (Special) to iusefp.o(.text) for __I$use$fp
    printfa.o(i.__0fprintf) refers to printfa.o(i._printf_core) for _printf_core
    printfa.o(i.__0fprintf) refers to fputc.o(i.fputc) for fputc
    printfa.o(i.__0printf) refers (Special) to iusefp.o(.text) for __I$use$fp
    printfa.o(i.__0printf) refers to printfa.o(i._printf_core) for _printf_core
    printfa.o(i.__0printf) refers to fputc.o(i.fputc) for fputc
    printfa.o(i.__0printf) refers to stdout.o(.data) for __stdout
    printfa.o(i.__0snprintf) refers (Special) to iusefp.o(.text) for __I$use$fp
    printfa.o(i.__0snprintf) refers to printfa.o(i._printf_core) for _printf_core
    printfa.o(i.__0snprintf) refers to printfa.o(i._snputc) for _snputc
    printfa.o(i.__0sprintf) refers (Special) to iusefp.o(.text) for __I$use$fp
    printfa.o(i.__0sprintf) refers to printfa.o(i._printf_core) for _printf_core
    printfa.o(i.__0sprintf) refers to printfa.o(i._sputc) for _sputc
    printfa.o(i.__0vfprintf) refers (Special) to iusefp.o(.text) for __I$use$fp
    printfa.o(i.__0vfprintf) refers to printfa.o(i._printf_core) for _printf_core
    printfa.o(i.__0vfprintf) refers to fputc.o(i.fputc) for fputc
    printfa.o(i.__0vprintf) refers (Special) to iusefp.o(.text) for __I$use$fp
    printfa.o(i.__0vprintf) refers to printfa.o(i._printf_core) for _printf_core
    printfa.o(i.__0vprintf) refers to fputc.o(i.fputc) for fputc
    printfa.o(i.__0vprintf) refers to stdout.o(.data) for __stdout
    printfa.o(i.__0vsnprintf) refers (Special) to iusefp.o(.text) for __I$use$fp
    printfa.o(i.__0vsnprintf) refers to printfa.o(i._printf_core) for _printf_core
    printfa.o(i.__0vsnprintf) refers to printfa.o(i._snputc) for _snputc
    printfa.o(i.__0vsprintf) refers (Special) to iusefp.o(.text) for __I$use$fp
    printfa.o(i.__0vsprintf) refers to printfa.o(i._printf_core) for _printf_core
    printfa.o(i.__0vsprintf) refers to printfa.o(i._sputc) for _sputc
    printfa.o(i._fp_digits) refers (Special) to iusefp.o(.text) for __I$use$fp
    printfa.o(i._fp_digits) refers to dmul.o(.text) for __aeabi_dmul
    printfa.o(i._fp_digits) refers to ddiv.o(.text) for __aeabi_ddiv
    printfa.o(i._fp_digits) refers to cdrcmple.o(.text) for __aeabi_cdrcmple
    printfa.o(i._fp_digits) refers to dadd.o(.text) for __aeabi_dadd
    printfa.o(i._fp_digits) refers to dfixul.o(.text) for __aeabi_d2ulz
    printfa.o(i._fp_digits) refers to uldiv.o(.text) for __aeabi_uldivmod
    printfa.o(i._printf_core) refers (Special) to iusefp.o(.text) for __I$use$fp
    printfa.o(i._printf_core) refers to printfa.o(i._printf_pre_padding) for _printf_pre_padding
    printfa.o(i._printf_core) refers to uldiv.o(.text) for __aeabi_uldivmod
    printfa.o(i._printf_core) refers to printfa.o(i._printf_post_padding) for _printf_post_padding
    printfa.o(i._printf_core) refers to printfa.o(i._fp_digits) for _fp_digits
    printfa.o(i._printf_core) refers to uidiv.o(.text) for __aeabi_uidivmod
    printfa.o(i._printf_post_padding) refers (Special) to iusefp.o(.text) for __I$use$fp
    printfa.o(i._printf_pre_padding) refers (Special) to iusefp.o(.text) for __I$use$fp
    printfa.o(i._snputc) refers (Special) to iusefp.o(.text) for __I$use$fp
    printfa.o(i._sputc) refers (Special) to iusefp.o(.text) for __I$use$fp
    malloc2.o(i.__free$2region) refers to mvars.o(.data) for __microlib_freelist
    malloc2.o(i.__malloc$2region) refers to mvars.o(.data) for __microlib_freelist_initialised
    malloc2.o(i.__malloc$2region) refers to mvars.o(.data) for __microlib_freelist
    mallocr2.o(i.__free$realloc$2region) refers to mvars.o(.data) for __microlib_freelist
    mallocr2.o(i.__malloc$realloc$2region) refers to mallocr2.o(i.internal_alloc) for internal_alloc
    mallocr2.o(i.__malloc$realloc$2region) refers to mvars.o(.data) for __microlib_freelist_initialised
    mallocr2.o(i.__malloc$realloc$2region) refers to mvars.o(.data) for __microlib_freelist
    mallocr2.o(i.__realloc$2region) refers to mallocr2.o(i.__free$realloc$2region) for __free$realloc$2region
    mallocr2.o(i.__realloc$2region) refers to mallocr2.o(i.internal_alloc) for internal_alloc
    mallocr2.o(i.__realloc$2region) refers to mallocr2.o(i.__malloc$realloc$2region) for __malloc$realloc$2region
    mallocr2.o(i.__realloc$2region) refers to mvars.o(.data) for __microlib_freelist
    mallocr2.o(i.internal_alloc) refers to memcpya.o(.text) for __aeabi_memcpy
    mallocr2.o(i.internal_alloc) refers to mvars.o(.data) for __microlib_freelist
    malloca2.o(i.__aligned_malloc$2region) refers to mvars.o(.data) for __microlib_freelist
    malloca2.o(i.__aligned_malloc$2region) refers to mvars.o(.data) for __microlib_freelist_initialised
    malloca2.o(i.__free$memalign$2region) refers to mvars.o(.data) for __microlib_freelist
    malloca2.o(i.__malloc$memalign$2region) refers to malloca2.o(i.__aligned_malloc$2region) for __aligned_malloc$2region
    mallocra2.o(i.__aligned_malloc$realloc$2region) refers to mallocra2.o(i.internal_alloc) for internal_alloc
    mallocra2.o(i.__aligned_malloc$realloc$2region) refers to mvars.o(.data) for __microlib_freelist
    mallocra2.o(i.__aligned_malloc$realloc$2region) refers to mvars.o(.data) for __microlib_freelist_initialised
    mallocra2.o(i.__free$realloc$memalign$2region) refers to mvars.o(.data) for __microlib_freelist
    mallocra2.o(i.__malloc$realloc$memalign$2region) refers to mallocra2.o(i.__aligned_malloc$realloc$2region) for __aligned_malloc$realloc$2region
    mallocra2.o(i.__realloc$memalign$2region) refers to mallocra2.o(i.__free$realloc$memalign$2region) for __free$realloc$memalign$2region
    mallocra2.o(i.__realloc$memalign$2region) refers to mallocra2.o(i.internal_alloc) for internal_alloc
    mallocra2.o(i.__realloc$memalign$2region) refers to mallocra2.o(i.__malloc$realloc$memalign$2region) for __malloc$realloc$memalign$2region
    mallocra2.o(i.__realloc$memalign$2region) refers to mvars.o(.data) for __microlib_freelist
    mallocra2.o(i.internal_alloc) refers to memcpya.o(.text) for __aeabi_memcpy
    mallocra2.o(i.internal_alloc) refers to mvars.o(.data) for __microlib_freelist
    fadd.o(.text) refers (Special) to iusefp.o(.text) for __I$use$fp
    fadd.o(.text) refers to fepilogue.o(.text) for _float_epilogue
    fmul.o(.text) refers (Special) to iusefp.o(.text) for __I$use$fp
    fdiv.o(.text) refers (Special) to iusefp.o(.text) for __I$use$fp
    fdiv.o(.text) refers to fepilogue.o(.text) for _float_round
    fscalb.o(.text) refers (Special) to iusefp.o(.text) for __I$use$fp
    dadd.o(.text) refers (Special) to iusefp.o(.text) for __I$use$fp
    dadd.o(.text) refers to llshl.o(.text) for __aeabi_llsl
    dadd.o(.text) refers to llsshr.o(.text) for __aeabi_lasr
    dadd.o(.text) refers to depilogue.o(.text) for _double_epilogue
    dmul.o(.text) refers (Special) to iusefp.o(.text) for __I$use$fp
    dmul.o(.text) refers to depilogue.o(.text) for _double_epilogue
    ddiv.o(.text) refers (Special) to iusefp.o(.text) for __I$use$fp
    ddiv.o(.text) refers to depilogue.o(.text) for _double_round
    dscalb.o(.text) refers (Special) to iusefp.o(.text) for __I$use$fp
    fflti.o(.text) refers (Special) to iusefp.o(.text) for __I$use$fp
    fflti.o(.text) refers to fepilogue.o(.text) for _float_epilogue
    ffltui.o(.text) refers (Special) to iusefp.o(.text) for __I$use$fp
    ffltui.o(.text) refers to fepilogue.o(.text) for _float_epilogue
    dflti.o(.text) refers (Special) to iusefp.o(.text) for __I$use$fp
    dflti.o(.text) refers to depilogue.o(.text) for _double_epilogue
    dfltui.o(.text) refers (Special) to iusefp.o(.text) for __I$use$fp
    dfltui.o(.text) refers to depilogue.o(.text) for _double_epilogue
    ffixi.o(.text) refers (Special) to iusefp.o(.text) for __I$use$fp
    dfixi.o(.text) refers (Special) to iusefp.o(.text) for __I$use$fp
    dfixi.o(.text) refers to llushr.o(.text) for __aeabi_llsr
    dfixui.o(.text) refers (Special) to iusefp.o(.text) for __I$use$fp
    dfixui.o(.text) refers to llushr.o(.text) for __aeabi_llsr
    f2d.o(.text) refers (Special) to iusefp.o(.text) for __I$use$fp
    d2f.o(.text) refers (Special) to iusefp.o(.text) for __I$use$fp
    d2f.o(.text) refers to fepilogue.o(.text) for _float_round
    atan.o(i.__softfp_atan) refers (Special) to iusefp.o(.text) for __I$use$fp
    atan.o(i.__softfp_atan) refers to atan.o(i.atan) for atan
    atan.o(i.atan) refers (Special) to iusefp.o(.text) for __I$use$fp
    atan.o(i.atan) refers to dunder.o(i.__mathlib_dbl_infnan) for __mathlib_dbl_infnan
    atan.o(i.atan) refers to fpclassify.o(i.__ARM_fpclassify) for __ARM_fpclassify
    atan.o(i.atan) refers to dunder.o(i.__mathlib_dbl_underflow) for __mathlib_dbl_underflow
    atan.o(i.atan) refers to dadd.o(.text) for __aeabi_dadd
    atan.o(i.atan) refers to dscalb.o(.text) for __ARM_scalbn
    atan.o(i.atan) refers to ddiv.o(.text) for __aeabi_ddiv
    atan.o(i.atan) refers to dmul.o(.text) for __aeabi_dmul
    atan.o(i.atan) refers to poly.o(i.__kernel_poly) for __kernel_poly
    atan.o(i.atan) refers to atan.o(.constdata) for .constdata
    atan.o(.constdata) refers (Special) to iusefp.o(.text) for __I$use$fp
    atan_x.o(i.____softfp_atan$lsc) refers (Special) to iusefp.o(.text) for __I$use$fp
    atan_x.o(i.____softfp_atan$lsc) refers to atan_x.o(i.__atan$lsc) for __atan$lsc
    atan_x.o(i.__atan$lsc) refers (Special) to iusefp.o(.text) for __I$use$fp
    atan_x.o(i.__atan$lsc) refers to dunder.o(i.__mathlib_dbl_infnan) for __mathlib_dbl_infnan
    atan_x.o(i.__atan$lsc) refers to dadd.o(.text) for __aeabi_dadd
    atan_x.o(i.__atan$lsc) refers to dscalb.o(.text) for __ARM_scalbn
    atan_x.o(i.__atan$lsc) refers to ddiv.o(.text) for __aeabi_ddiv
    atan_x.o(i.__atan$lsc) refers to dmul.o(.text) for __aeabi_dmul
    atan_x.o(i.__atan$lsc) refers to poly.o(i.__kernel_poly) for __kernel_poly
    atan_x.o(i.__atan$lsc) refers to atan_x.o(.constdata) for .constdata
    atan_x.o(.constdata) refers (Special) to iusefp.o(.text) for __I$use$fp
    dunder.o(i.__mathlib_dbl_divzero) refers to ddiv.o(.text) for __aeabi_ddiv
    dunder.o(i.__mathlib_dbl_infnan) refers to dscalb.o(.text) for __ARM_scalbn
    dunder.o(i.__mathlib_dbl_infnan2) refers to dadd.o(.text) for __aeabi_dadd
    dunder.o(i.__mathlib_dbl_invalid) refers to ddiv.o(.text) for __aeabi_ddiv
    dunder.o(i.__mathlib_dbl_overflow) refers to dscalb.o(.text) for __ARM_scalbn
    dunder.o(i.__mathlib_dbl_posinfnan) refers to dmul.o(.text) for __aeabi_dmul
    dunder.o(i.__mathlib_dbl_underflow) refers to dscalb.o(.text) for __ARM_scalbn
    fpclassify.o(i.__ARM_fpclassify) refers (Special) to iusefp.o(.text) for __I$use$fp
    poly.o(i.__kernel_poly) refers (Special) to iusefp.o(.text) for __I$use$fp
    poly.o(i.__kernel_poly) refers to dmul.o(.text) for __aeabi_dmul
    poly.o(i.__kernel_poly) refers to dadd.o(.text) for __aeabi_dadd
    qnan.o(.constdata) refers (Special) to iusefp.o(.text) for __I$use$fp
    entry4.o(.ARM.Collect$$$$00000003) refers to entry4.o(.ARM.Collect$$$$00002714) for __lit__00000000
    entry5.o(.ARM.Collect$$$$00000004) refers to init.o(.text) for __scatterload
    entry9a.o(.ARM.Collect$$$$0000000B) refers to main.o(.text) for main
    entry9b.o(.ARM.Collect$$$$0000000C) refers to main.o(.text) for main
    fputc.o(i.fputc) refers (Special) to iusesemip.o(.text) for __I$use$semihosting$fputc
    fputc.o(i.fputc) refers (Special) to semi.o(.text) for __semihosting_library_function
    uldiv.o(.text) refers to llushr.o(.text) for __aeabi_llsr
    uldiv.o(.text) refers to llshl.o(.text) for __aeabi_llsl
    errno.o(i.__aeabi_errno_addr) refers to errno.o(.data) for .data
    errno.o(i.__read_errno) refers to errno.o(.data) for .data
    errno.o(i.__set_errno) refers to errno.o(.data) for .data
    fepilogue.o(.text) refers to fepilogue.o(i.__ARM_clz) for __ARM_clz
    depilogue.o(.text) refers to fepilogue.o(i.__ARM_clz) for __ARM_clz
    depilogue.o(.text) refers to llshl.o(.text) for __aeabi_llsl
    depilogue.o(.text) refers to llushr.o(.text) for __aeabi_llsr
    dsqrt.o(.text) refers to llushr.o(.text) for __aeabi_llsr
    dsqrt.o(.text) refers to depilogue.o(.text) for _double_round
    dfixul.o(.text) refers to llushr.o(.text) for __aeabi_llsr
    dfixul.o(.text) refers to llshl.o(.text) for __aeabi_llsl
    init.o(.text) refers to entry5.o(.ARM.Collect$$$$00000004) for __main_after_scatterload

