Component: ARM Compiler 5.06 update 6 (build 750) Tool: armlink [4d35ed]

==============================================================================

Section Cross References

    handlers.o(SYS_BOOT) refers to main.o(.text) for main
    vectors.o(SYS_BOOT) refers to handlers.o(SYS_BOOT) for sys_Reset
    vectors.o(SYS_BOOT) refers to intc.o(.text) for Undefined_Exception
    vectors.o(SYS_BOOT) refers to intc.o(sys_irq_entry) for SYSirq_IRQ_Handler
    vectors.o(SYS_BOOT) refers to intc.o(sys_fiq_entry) for SYSirq_FIQ_Handler
    main.o(.text) refers to uart2.o(.text) for uart2_printf
    main.o(.text) refers to main.o(i.__ARM_common_disable_fiq) for __ARM_common_disable_fiq
    main.o(.text) refers to main.o(i.__ARM_common_disable_irq) for __ARM_common_disable_irq
    main.o(.text) refers to icu.o(.text) for cpu_reset
    main.o(.text) refers to driver_usb.o(.text) for DelayNops_usb
    main.o(.text) refers to intc.o(.text) for intc_init
    main.o(.text) refers to gpio.o(.text) for gpio_init
    main.o(.text) refers to flash.o(.text) for flash_init
    main.o(.text) refers to rf_xvr_24.o(.text) for xvr_reg_initial
    main.o(.text) refers to adc.o(.text) for adc_init
    main.o(.text) refers to usb.o(.text) for AplUsb_SetRxCbk
    main.o(.text) refers to main.o(i.__ARM_common_enable_fiq) for __ARM_common_enable_fiq
    main.o(.text) refers to main.o(i.__ARM_common_enable_irq) for __ARM_common_enable_irq
    main.o(.text) refers to user_handle.o(.text) for user_fn24_main
    main.o(.text) refers to app.o(.text) for app_gpio_sleep
    intc.o(.text) refers to icu.o(.text) for cpu_wakeup
    intc.o(.text) refers to uart.o(.text) for uart_isr
    intc.o(.text) refers to uart2.o(.text) for uart2_isr
    intc.o(.text) refers to adc.o(.text) for adc_isr
    intc.o(.text) refers to gpio.o(.text) for gpio_isr
    intc.o(.text) refers to driver_timer.o(.text) for Timer_ISR0
    intc.o(.text) refers to driver_usb.o(.text) for USB_InterruptHandler
    intc.o(.text) refers to aes.o(.text) for rwip_isr
    intc.o(.text) refers to dma.o(.text) for dma_isr
    intc.o(sys_fiq_entry) refers to intc.o(.text) for intc_fiq
    intc.o(sys_irq_entry) refers to intc.o(.text) for intc_irq
    app.o(.text) refers to gpio.o(.text) for gpio_get_input
    app.o(.text) refers to driver_timer.o(.text) for Timer0_Stop
    app.o(.text) refers to user_handle.o(.text) for key_send
    app.o(.text) refers to app.o(.data) for .data
    app.o(.text) refers to application_main.o(.bss) for system_data
    app.o(.text) refers to application_mode_normal.o(.data) for RF_flag
    app.o(.text) refers to user_handle.o(.data) for pairStep
    app.o(.text) refers to user_handle.o(.data) for pair_step_timeout
    app.o(.text) refers to user_handle.o(.data) for first_pair
    app.o(.text) refers to user_handle.o(.data) for pair_timeout
    aes.o(.text) refers to memcpya.o(.text) for __aeabi_memcpy
    aes.o(.text) refers to uart2.o(.text) for uart2_printf
    aes.o(.text) refers to aes.o(.data) for .data
    user_handle.o(.text) refers to application_main.o(.text) for fReadRFAddr
    user_handle.o(.text) refers to driver_timer.o(.text) for Timer_Initial
    user_handle.o(.text) refers to flash.o(.text) for flash_read_data
    user_handle.o(.text) refers to driver_rf.o(.text) for memcpy_2461
    user_handle.o(.text) refers to uart2.o(.text) for uart2_printf
    user_handle.o(.text) refers to rf_xvr_24.o(.text) for Delay_ms
    user_handle.o(.text) refers to uidiv.o(.text) for __aeabi_uidivmod
    user_handle.o(.text) refers to driver_usb.o(.text) for AplUsb_StartTx
    user_handle.o(.text) refers to user_handle.o(i.__ARM_common_switch8) for __ARM_common_switch8
    user_handle.o(.text) refers to memcpya.o(.text) for __aeabi_memcpy
    user_handle.o(.text) refers to app.o(.text) for app_timer0_1_int_cb
    user_handle.o(.text) refers to driver_rf.o(.data) for P0_Address
    user_handle.o(.text) refers to driver_rf.o(.bss) for rf_fifo_data
    user_handle.o(.text) refers to application_mode_normal.o(.data) for RF_flag
    user_handle.o(.text) refers to user_handle.o(.data) for .data
    user_handle.o(.text) refers to app.o(.data) for uCH_ChCt
    user_handle.o(.text) refers to application_main.o(.bss) for system_data
    user_handle.o(.text) refers to user_handle.o(.bss) for .bss
    user_handle.o(.text) refers to uart2.o(.data) for uart2_rx_done
    user_handle.o(.text) refers to uart2.o(.bss) for uart2_rx_buf
    user_handle.o(.text) refers to driver_rf.o(.data) for rf_address_tx_pub
    flash.o(.text) refers to uart2.o(.text) for uart2_printf
    flash.o(.text) refers to icu.o(.text) for cpu_reset
    flash.o(.text) refers to flash.o(.data) for .data
    flash.o(.text) refers to flash.o(.bss) for .bss
    flash.o(.text) refers to main.o(i.__ARM_common_disable_fiq) for __ARM_common_disable_fiq
    flash.o(.text) refers to main.o(i.__ARM_common_disable_irq) for __ARM_common_disable_irq
[...]
    ../fplib/microlib/fpfix.c                0x00000000   Number         0  dfixui.o ABSOLUTE
    ../fplib/microlib/fpflt.c                0x00000000   Number         0  dfltui.o ABSOLUTE
    ../fplib/microlib/fpmul.c                0x00000000   Number         0  dmul.o ABSOLUTE
    ../fplib/microlib/fpscalb.c              0x00000000   Number         0  dscalb.o ABSOLUTE
    ..\..\Src\driver\adc\adc.c               0x00000000   Number         0  adc.o ABSOLUTE
    ..\..\Src\driver\flash\flash.c           0x00000000   Number         0  flash.o ABSOLUTE
    ..\..\Src\driver\gpio\gpio.c             0x00000000   Number         0  gpio.o ABSOLUTE
    ..\..\Src\driver\icu\icu.c               0x00000000   Number         0  icu.o ABSOLUTE
    ..\..\Src\driver\rf\rf_xvr_24.c          0x00000000   Number         0  rf_xvr_24.o ABSOLUTE
    ..\..\Src\driver\spi\spi.c               0x00000000   Number         0  spi.o ABSOLUTE
    ..\..\Src\driver\uart2\uart2.c           0x00000000   Number         0  uart2.o ABSOLUTE
    ..\..\Src\driver\wdt\wdt.c               0x00000000   Number         0  wdt.o ABSOLUTE
    ..\..\src\driver\aon_rtc\aon_rtc.c       0x00000000   Number         0  aon_rtc.o ABSOLUTE
    ..\..\src\driver\dma\dma.c               0x00000000   Number         0  dma.o ABSOLUTE
    ..\..\src\driver\i2c\i2c.c               0x00000000   Number         0  i2c.o ABSOLUTE
    ..\..\src\driver\sensor\driver_sensor.c  0x00000000   Number         0  driver_sensor.o ABSOLUTE
    ..\..\src\driver\timer\driver_timer.c    0x00000000   Number         0  driver_timer.o ABSOLUTE
    ..\..\src\driver\uart\uart.c             0x00000000   Number         0  uart.o ABSOLUTE
    ..\..\src\driver\usb_driver\driver_usb.c 0x00000000   Number         0  driver_usb.o ABSOLUTE
    ..\..\src\driver\usb_driver\usb\usb.c    0x00000000   Number         0  usb.o ABSOLUTE
    ..\..\src\driver\usb_driver\usb\usb_desc.c 0x00000000   Number         0  usb_desc.o ABSOLUTE
    ..\..\src\driver\usb_driver\usb\usbclass.c 0x00000000   Number         0  usbclass.o ABSOLUTE
    app\src\2.4\APPLICATION_MODE_NORMAL.c    0x00000000   Number         0  application_mode_normal.o ABSOLUTE
    app\src\2.4\APPLICATION_MODE_TEST.C      0x00000000   Number         0  application_mode_test.o ABSOLUTE
    app\src\2.4\application_main.c           0x00000000   Number         0  application_main.o ABSOLUTE
    app\src\2.4\application_mode_PCBA.c      0x00000000   Number         0  application_mode_pcba.o ABSOLUTE
    app\src\2.4\application_mode_page.c      0x00000000   Number         0  application_mode_page.o ABSOLUTE
    app\src\2.4\application_rf.c             0x00000000   Number         0  application_rf.o ABSOLUTE
    app\src\2.4\driver_rf.c                  0x00000000   Number         0  driver_rf.o ABSOLUTE
    app\src\aes.c                            0x00000000   Number         0  aes.o ABSOLUTE
    app\src\app.c                            0x00000000   Number         0  app.o ABSOLUTE
    app\src\intc.c                           0x00000000   Number         0  intc.o ABSOLUTE
    app\src\main.c                           0x00000000   Number         0  main.o ABSOLUTE
    app\src\user_handle.c                    0x00000000   Number         0  user_handle.o ABSOLUTE
    cdrcmple.s                               0x00000000   Number         0  cdrcmple.o ABSOLUTE
    dc.s                                     0x00000000   Number         0  dc.o ABSOLUTE
    handlers.s                               0x00000000   Number         0  handlers.o ABSOLUTE
    init.s                                   0x00000000   Number         0  init.o ABSOLUTE
    system\handlers.s                        0x00000000   Number         0  handlers.o ABSOLUTE
    system\vectors.s                         0x00000000   Number         0  vectors.o ABSOLUTE
    SYS_BOOT                                 0x00007900   Section       92  vectors.o(SYS_BOOT)
    Undefined                                0x00007940   ARM Code       0  vectors.o(SYS_BOOT)
    SoftwareInterrupt                        0x00007944   ARM Code       0  vectors.o(SYS_BOOT)
    PrefetchAbort                            0x00007948   ARM Code       0  vectors.o(SYS_BOOT)
    DataAbort                                0x0000794c   ARM Code       0  vectors.o(SYS_BOOT)
    IRQ_Handler                              0x00007950   ARM Code       0  vectors.o(SYS_BOOT)
    sys_reserved                             0x00007954   ARM Code       0  vectors.o(SYS_BOOT)
    FIQ_Handler                              0x00007958   ARM Code       0  vectors.o(SYS_BOOT)
    SYS_BOOT                                 0x0000795c   Section      500  handlers.o(SYS_BOOT)
    sys_fiq_entry                            0x00007c00   Section        0  intc.o(sys_fiq_entry)
    sys_irq_entry                            0x00007c20   Section        0  intc.o(sys_irq_entry)
    .ARM.Collect$$$$00000000                 0x00007c30   Section        0  entry.o(.ARM.Collect$$$$00000000)
    .ARM.Collect$$$$00000003                 0x00007c30   Section        4  entry4.o(.ARM.Collect$$$$00000003)
    .ARM.Collect$$$$00000004                 0x00007c34   Section        4  entry5.o(.ARM.Collect$$$$00000004)
    .ARM.Collect$$$$00000008                 0x00007c38   Section        0  entry7b.o(.ARM.Collect$$$$00000008)
    .ARM.Collect$$$$0000000A                 0x00007c38   Section        0  entry8b.o(.ARM.Collect$$$$0000000A)
    .ARM.Collect$$$$0000000B                 0x00007c38   Section       12  entry9a.o(.ARM.Collect$$$$0000000B)
    .ARM.Collect$$$$0000000D                 0x00007c44   Section        0  entry10a.o(.ARM.Collect$$$$0000000D)
    .ARM.Collect$$$$0000000F                 0x00007c44   Section        0  entry11a.o(.ARM.Collect$$$$0000000F)
    .ARM.Collect$$$$00002714                 0x00007c44   Section        4  entry4.o(.ARM.Collect$$$$00002714)
    __lit__00000000                          0x00007c44   Data           4  entry4.o(.ARM.Collect$$$$00002714)
    .text                                    0x00007c50   Section        0  main.o(.text)
    .text                                    0x00007d44   Section        0  intc.o(.text)
    .text                                    0x00007dec   Section        0  app.o(.text)
    .text                                    0x00007fe4   Section        0  aes.o(.text)
    .text                                    0x000081f8   Section        0  user_handle.o(.text)
    .text                                    0x00008c50   Section        0  flash.o(.text)
    .text                                    0x000095a8   Section        0  rf_xvr_24.o(.text)
    .text                                    0x00009c90   Section        0  gpio.o(.text)
    .text                                    0x00009df4   Section        0  icu.o(.text)
    .text                                    0x0000a4b4   Section        0  wdt.o(.text)
    .text                                    0x0000a4e8   Section        0  adc.o(.text)
    .text                                    0x0000a774   Section        0  uart2.o(.text)
    .text                                    0x0000a970   Section        0  uart.o(.text)
    .text                                    0x0000ac68   Section        0  dma.o(.text)
    .text                                    0x0000ad30   Section        0  driver_timer.o(.text)
    .text                                    0x0000b090   Section        0  driver_sensor.o(.text)
    .text                                    0x0000b330   Section        0  application_main.o(.text)
    .text                                    0x0000b530   Section        0  application_mode_normal.o(.text)
    .text                                    0x0000bb18   Section        0  application_mode_page.o(.text)
    .text                                    0x0000be98   Section        0  application_mode_pcba.o(.text)
    .text                                    0x0000c16c   Section        0  application_mode_test.o(.text)
    .text                                    0x0000c464   Section        0  application_rf.o(.text)
    .text                                    0x0000c6b4   Section        0  driver_rf.o(.text)
    .text                                    0x0000cd30   Section        0  driver_usb.o(.text)
    .text                                    0x0000d118   Section        0  usb.o(.text)
    SetTxParameter                           0x0000d459   Thumb Code    52  usb.o(.text)
    .text                                    0x0000d9a0   Section        0  usb_desc.o(.text)
    .text                                    0x0000d9ec   Section        0  usbclass.o(.text)
    .text                                    0x0000da5c   Section        0  uidiv.o(.text)
    .text                                    0x0000da88   Section        0  memcpya.o(.text)
    .text                                    0x0000daac   Section        0  memseta.o(.text)
    .text                                    0x0000dad2   Section        0  uread4.o(.text)
    .text                                    0x0000dae6   Section        0  uwrite4.o(.text)
    .text                                    0x0000daf8   Section        0  dmul.o(.text)
    .text                                    0x0000dbc8   Section        0  dscalb.o(.text)
    .text                                    0x0000dbf4   Section        0  dfltui.o(.text)
    .text                                    0x0000dc10   Section        0  dfixui.o(.text)
    .text                                    0x0000dc4c   Section        0  uldiv.o(.text)
    .text                                    0x0000dcac   Section        0  llushr.o(.text)
    .text                                    0x0000dcd0   Section        0  iusefp.o(.text)
    .text                                    0x0000dcd0   Section        0  depilogue.o(.text)
    .text                                    0x0000dd90   Section        0  dadd.o(.text)
    .text                                    0x0000def4   Section        0  ddiv.o(.text)
    .text                                    0x0000dfe4   Section        0  dfixul.o(.text)
    .text                                    0x0000e024   Section       40  cdrcmple.o(.text)
    .text                                    0x0000e04c   Section       32  init.o(.text)
    .text                                    0x0000e06c   Section        0  llshl.o(.text)
    .text                                    0x0000e08c   Section        0  llsshr.o(.text)
    i.__0vsprintf                            0x0000e0b4   Section        0  printfa.o(i.__0vsprintf)
    i.__ARM_clz                              0x0000e0d8   Section        0  depilogue.o(i.__ARM_clz)
    i.__ARM_common_disable_fiq               0x0000e0e0   Section        0  main.o(i.__ARM_common_disable_fiq)
    i.__ARM_common_disable_irq               0x0000e0f4   Section        0  main.o(i.__ARM_common_disable_irq)
    i.__ARM_common_enable_fiq                0x0000e108   Section        0  main.o(i.__ARM_common_enable_fiq)
    i.__ARM_common_enable_irq                0x0000e118   Section        0  main.o(i.__ARM_common_enable_irq)
    i.__ARM_common_switch8                   0x0000e128   Section        0  user_handle.o(i.__ARM_common_switch8)
    i.__free$2region                         0x0000e140   Section        0  malloc2.o(i.__free$2region)
    i.__malloc$2region                       0x0000e194   Section        0  malloc2.o(i.__malloc$2region)
    i.__scatterload_copy                     0x0000e200   Section       28  handlers.o(i.__scatterload_copy)
    i.__scatterload_null                     0x0000e21c   Section        4  handlers.o(i.__scatterload_null)
    i.__scatterload_zeroinit                 0x0000e220   Section       24  handlers.o(i.__scatterload_zeroinit)
    i._fp_digits                             0x0000e238   Section        0  printfa.o(i._fp_digits)
    _fp_digits                               0x0000e239   Thumb Code   344  printfa.o(i._fp_digits)
    i._printf_core                           0x0000e3ac   Section        0  printfa.o(i._printf_core)
    _printf_core                             0x0000e3ad   Thumb Code  1764  printfa.o(i._printf_core)
    i._printf_post_padding                   0x0000eaa0   Section        0  printfa.o(i._printf_post_padding)
    _printf_post_padding                     0x0000eaa1   Thumb Code    32  printfa.o(i._printf_post_padding)
    i._printf_pre_padding                    0x0000eac0   Section        0  printfa.o(i._printf_pre_padding)
    _printf_pre_padding                      0x0000eac1   Thumb Code    44  printfa.o(i._printf_pre_padding)
    i._sputc                                 0x0000eaec   Section        0  printfa.o(i._sputc)
    _sputc                                   0x0000eaed   Thumb Code    10  printfa.o(i._sputc)
    .constdata                               0x0000eaf8   Section        4  flash.o(.constdata)
    .constdata                               0x0000eafc   Section       54  uart.o(.constdata)
    __func__                                 0x0000eafc   Data          23  uart.o(.constdata)
    __func__                                 0x0000eb13   Data          16  uart.o(.constdata)
    __func__                                 0x0000eb23   Data          15  uart.o(.constdata)
    .constdata                               0x0000eb34   Section       52  usb.o(.constdata)
    .constdata                               0x0000eb68   Section      173  usb_desc.o(.constdata)
    .constdata                               0x0000ec15   Section       55  usb_desc.o(.constdata)
    .constdata                               0x0000ec4c   Section       23  usb_desc.o(.constdata)
    .constdata                               0x0000ec64   Section        4  usb_desc.o(.constdata)
    .constdata                               0x0000ec68   Section       26  usb_desc.o(.constdata)
    .constdata                               0x0000ec82   Section       26  usb_desc.o(.constdata)
    .constdata                               0x0000ec9c   Section       10  usb_desc.o(.constdata)
    .constdata                               0x0000eca6   Section       18  usb_desc.o(.constdata)
    .constdata                               0x0000ecb8   Section       98  usb_desc.o(.constdata)
    .constdata                               0x0000ed1a   Section      100  usb_desc.o(.constdata)
    .data                                    0x00400800   Section        1  main.o(.data)
    .data                                    0x00400801   Section        1  app.o(.data)
    .data                                    0x00400802   Section        3  app.o(.data)
    old_pinLevel                             0x00400802   Data           1  app.o(.data)
    wheel_tog                                0x00400803   Data           1  app.o(.data)
    .data                                    0x00400805   Section        1  aes.o(.data)
    .data                                    0x00400806   Section       17  user_handle.o(.data)
    .data                                    0x00400817   Section        1  user_handle.o(.data)
    .data                                    0x00400818   Section        2  user_handle.o(.data)
    .data                                    0x0040081a   Section        1  user_handle.o(.data)
    .data                                    0x0040081c   Section       12  flash.o(.data)
    write_sr_cnt                             0x0040081c   Data           1  flash.o(.data)
    flash_enable_write_flag1                 0x0040081d   Data           1  flash.o(.data)
    flash_enable_write_flag2                 0x0040081e   Data           1  flash.o(.data)
    flash_enable_write_flag3                 0x0040081f   Data           1  flash.o(.data)
    flash_enable_write_flag4                 0x00400820   Data           1  flash.o(.data)
    flash_enable_erase_flag1                 0x00400821   Data           1  flash.o(.data)
    flash_enable_erase_flag2                 0x00400822   Data           1  flash.o(.data)
    flash_mid                                0x00400824   Data           4  flash.o(.data)
    .data                                    0x00400828   Section        4  gpio.o(.data)
    gpio_int_cb                              0x00400828   Data           4  gpio.o(.data)
    .data                                    0x0040082c   Section        4  icu.o(.data)
    default_sleep_mode                       0x0040082c   Data           1  icu.o(.data)
    system_clk                               0x0040082d   Data           1  icu.o(.data)
    .data                                    0x00400830   Section        8  adc.o(.data)
    calib_temp                               0x00400832   Data           2  adc.o(.data)
    .data                                    0x00400838   Section       12  uart2.o(.data)
    rx_cmd_count                             0x00400839   Data           1  uart2.o(.data)
    cmd_status                               0x0040083a   Data           1  uart2.o(.data)
    index                                    0x0040083c   Data           2  uart2.o(.data)
    length                                   0x0040083e   Data           2  uart2.o(.data)
    .data                                    0x00400844   Section       12  uart.o(.data)
    rx_cmd_count                             0x00400846   Data           1  uart.o(.data)
    cmd_status                               0x00400847   Data           1  uart.o(.data)
    index                                    0x00400848   Data           2  uart.o(.data)
    length                                   0x0040084a   Data           2  uart.o(.data)
    .data                                    0x00400850   Section       52  driver_timer.o(.data)
    timer0_0_int_cb                          0x00400854   Data           4  driver_timer.o(.data)
    timer0_1_int_cb                          0x00400858   Data           4  driver_timer.o(.data)
    timer0_2_int_cb                          0x0040085c   Data           4  driver_timer.o(.data)
    timer1_0_int_cb                          0x00400860   Data           4  driver_timer.o(.data)
    timer1_1_int_cb                          0x00400864   Data           4  driver_timer.o(.data)
    timer1_2_int_cb                          0x00400868   Data           4  driver_timer.o(.data)
    .data                                    0x00400884   Section        1  driver_sensor.o(.data)
    dcount                                   0x00400884   Data           1  driver_sensor.o(.data)
    .data                                    0x00400885   Section        1  driver_sensor.o(.data)
    .data                                    0x00400886   Section        1  application_main.o(.data)
    .data                                    0x00400888   Section       32  application_mode_normal.o(.data)
    bLEDState                                0x0040088c   Data           1  application_mode_normal.o(.data)
    .data                                    0x004008a8   Section       32  application_mode_page.o(.data)
    .data                                    0x004008c8   Section        3  application_mode_pcba.o(.data)
    .data                                    0x004008cc   Section        8  application_mode_test.o(.data)
    .data                                    0x004008d4   Section        1  application_rf.o(.data)
    .data                                    0x004008d8   Section      100  driver_rf.o(.data)
    .data                                    0x0040093c   Section       24  driver_rf.o(.data)
    .data                                    0x00400954   Section        1  driver_rf.o(.data)
    .data                                    0x00400958   Section       27  usb.o(.data)
    .data                                    0x00400973   Section        1  usbclass.o(.data)
    .data                                    0x00400974   Section        4  mvars.o(.data)
    .data                                    0x00400978   Section        4  mvars.o(.data)
    .bss                                     0x0040097c   Section       20  user_handle.o(.bss)
    .bss                                     0x00400990   Section       16  flash.o(.bss)
    .bss                                     0x004009a0   Section      128  rf_xvr_24.o(.bss)
    .bss                                     0x00400a20   Section       12  spi.o(.bss)
    .bss                                     0x00400a2c   Section      288  uart2.o(.bss)
    uart_cmd                                 0x00400a2c   Data          32  uart2.o(.bss)
    .bss                                     0x00400b4c   Section      200  uart.o(.bss)
    uart_cmd                                 0x00400b4c   Data          32  uart.o(.bss)
    uart_env                                 0x00400b6c   Data          40  uart.o(.bss)
    .bss                                     0x00400c14   Section       60  application_main.o(.bss)
    .bss                                     0x00400c50   Section       32  driver_rf.o(.bss)
    .bss                                     0x00400c70   Section       16  driver_usb.o(.bss)
    .bss                                     0x00400c80   Section      236  usb.o(.bss)
    pipIntf                                  0x00400c94   Data         216  usb.o(.bss)

    Global Symbols

    Symbol Name                              Value     Ov Type        Size  Object(Section)

    BuildAttributes$$THM_ISAv2$ARM_ISAv5$E$P$S$PE$A:L22$X:L11$S22$IEEE1$IW$USESV6$~STKCKD$USESV7$~SHL$OSPACE$ROPI$EBA8$MICROLIB$REQ8$PRES8$EABIv2 0x00000000   Number         0  anon$$obj.o ABSOLUTE
    Image$$RAM_BSS$$Length                   0x00000000   Number         0  anon$$obj.o ABSOLUTE
    __ARM_use_no_argv                        0x00000000   Number         0  main.o ABSOLUTE
    __cpp_initialize__aeabi_                  - Undefined Weak Reference
    __cxa_finalize                            - Undefined Weak Reference
    __decompress                              - Undefined Weak Reference
    _clock_init                               - Undefined Weak Reference
    _microlib_exit                            - Undefined Weak Reference
    Image$$RAM_STACK_UNUSED$$ZI$$Length      0x00000060   Number         0  anon$$obj.o ABSOLUTE
    Image$$RAM_DATA$$Length                  0x0000017c   Number         0  anon$$obj.o ABSOLUTE
    Image$$RAM_STACK_FIQ$$ZI$$Length         0x000001f0   Number         0  anon$$obj.o ABSOLUTE
    Image$$RAM_BSS$$ZI$$Length               0x000003f0   Number         0  anon$$obj.o ABSOLUTE
    Image$$RAM_STACK_IRQ$$ZI$$Length         0x000003f0   Number         0  anon$$obj.o ABSOLUTE
    Image$$RAM_STACK_SVC$$ZI$$Length         0x000006f0   Number         0  anon$$obj.o ABSOLUTE
    boot_stack_base_UNUSED                   0x00007964   Data           4  handlers.o(SYS_BOOT)
    boot_stack_len_UNUSED                    0x00007968   Data           4  handlers.o(SYS_BOOT)
    boot_stack_base_IRQ                      0x0000796c   Data           4  handlers.o(SYS_BOOT)
    boot_stack_len_IRQ                       0x00007970   Data           4  handlers.o(SYS_BOOT)
    boot_stack_base_SVC                      0x00007974   Data           4  handlers.o(SYS_BOOT)
    boot_stack_len_SVC                       0x00007978   Data           4  handlers.o(SYS_BOOT)
    boot_stack_base_FIQ                      0x0000797c   Data           4  handlers.o(SYS_BOOT)
    boot_stack_len_FIQ                       0x00007980   Data           4  handlers.o(SYS_BOOT)
    sys_Reset                                0x00007984   ARM Code       0  handlers.o(SYS_BOOT)
    Long ARM to Thumb Veneer to SoftwareInterrupt_Exception 0x00007b50   ARM Code       8  anon$$obj.o(Veneer$$Code)
    Long ARM to Thumb Veneer to PrefetchAbort_Exception 0x00007b58   ARM Code       8  anon$$obj.o(Veneer$$Code)
    Long ARM to Thumb Veneer to DataAbort_Exception 0x00007b60   ARM Code       8  anon$$obj.o(Veneer$$Code)
    Long ARM to Thumb Veneer to Reserved_Exception 0x00007b68   ARM Code       8  anon$$obj.o(Veneer$$Code)
    SYSirq_FIQ_Handler                       0x00007c00   ARM Code      16  intc.o(sys_fiq_entry)
    SYSirq_IRQ_Handler                       0x00007c20   ARM Code      16  intc.o(sys_irq_entry)
    __main                                   0x00007c30   ARM Code       0  entry.o(.ARM.Collect$$$$00000000)
    _main_stk                                0x00007c30   ARM Code       0  entry4.o(.ARM.Collect$$$$00000003)
    _main_scatterload                        0x00007c34   ARM Code       0  entry5.o(.ARM.Collect$$$$00000004)
    __main_after_scatterload                 0x00007c38   ARM Code       0  entry5.o(.ARM.Collect$$$$00000004)
    _main_clock                              0x00007c38   ARM Code       0  entry7b.o(.ARM.Collect$$$$00000008)
    _main_cpp_init                           0x00007c38   ARM Code       0  entry8b.o(.ARM.Collect$$$$0000000A)
    _main_init                               0x00007c38   ARM Code       0  entry9a.o(.ARM.Collect$$$$0000000B)
    __rt_final_cpp                           0x00007c44   ARM Code       0  entry10a.o(.ARM.Collect$$$$0000000D)
    __rt_final_exit                          0x00007c44   ARM Code       0  entry11a.o(.ARM.Collect$$$$0000000F)
    Inline ARM to Thumb Veneer to main       0x00007c48   ARM Code       8  main.o(.text)
    platform_reset                           0x00007c51   Thumb Code    24  main.o(.text)
    usb_mod_enable                           0x00007c69   Thumb Code    38  main.o(.text)
    usb_mod_ie_enable                        0x00007c8f   Thumb Code    20  main.o(.text)
    main                                     0x00007ca3   Thumb Code    94  main.o(.text)
    Inline ARM to Thumb Veneer to Undefined_Exception 0x00007d3c   ARM Code       8  intc.o(.text)
    intc_init                                0x00007d45   Thumb Code    10  intc.o(.text)
    intc_irq                                 0x00007d4f   Thumb Code   106  intc.o(.text)
    intc_fiq                                 0x00007db9   Thumb Code    36  intc.o(.text)
    Undefined_Exception                      0x00007ddd   Thumb Code     2  intc.o(.text)
    SoftwareInterrupt_Exception              0x00007ddf   Thumb Code     2  intc.o(.text)
    PrefetchAbort_Exception                  0x00007de1   Thumb Code     2  intc.o(.text)
    DataAbort_Exception                      0x00007de3   Thumb Code     2  intc.o(.text)
    Reserved_Exception                       0x00007de5   Thumb Code     2  intc.o(.text)
    app_mouse_wheel_scan                     0x00007ded   Thumb Code   146  app.o(.text)
    app_mouse_key_check                      0x00007e7f   Thumb Code    16  app.o(.text)
    app_gpio_sleep                           0x00007e8f   Thumb Code    20  app.o(.text)
    driver_timer0_reset                      0x00007ea3   Thumb Code    36  app.o(.text)
    driver_timer1_reset                      0x00007ec7   Thumb Code     2  app.o(.text)
    driver_delay_set_with_base_tick          0x00007ec9   Thumb Code    12  app.o(.text)
    driver_delay_with_base_tick_expire_check 0x00007ed5   Thumb Code    20  app.o(.text)
    Wait_Xms                                 0x00007ee9   Thumb Code    24  app.o(.text)
    app_timer0_1_int_cb                      0x00007f01   Thumb Code   176  app.o(.text)
    app_timer1_2_int_cb                      0x00007fb1   Thumb Code     2  app.o(.text)
    rwip_aes_encrypt                         0x00007fe5   Thumb Code   152  aes.o(.text)
    rwip_isr                                 0x0000807d   Thumb Code    36  aes.o(.text)
    app_aes_test                             0x000080a1   Thumb Code   264  aes.o(.text)
    user_application_initial                 0x000081f9   Thumb Code    60  user_handle.o(.text)
    user_rf_receive_set                      0x00008235   Thumb Code   152  user_handle.o(.text)
    user_rf_receive_package                  0x000082cd   Thumb Code    68  user_handle.o(.text)
    user_rf_receive_handle                   0x00008311   Thumb Code    24  user_handle.o(.text)
    jump_frequency                           0x00008329   Thumb Code    50  user_handle.o(.text)
    key_send                                 0x0000835b   Thumb Code    38  user_handle.o(.text)
    status_report                            0x00008381   Thumb Code    48  user_handle.o(.text)
    mouse_send                               0x000083b1   Thumb Code    42  user_handle.o(.text)
    user_rf_rx_handler                       0x000083db   Thumb Code   322  user_handle.o(.text)
    user_application_normal_mode             0x0000851d   Thumb Code   418  user_handle.o(.text)
    user_rf_receive_page_set                 0x000086bf   Thumb Code    44  user_handle.o(.text)
    user_application_page_mode               0x000086eb   Thumb Code   760  user_handle.o(.text)
    user_fn24_main                           0x000089e3   Thumb Code    38  user_handle.o(.text)
    EP3_callback                             0x00008a09   Thumb Code   132  user_handle.o(.text)
    set_flash_info                           0x00008c51   Thumb Code    56  flash.o(.text)
    set_flash_clk                            0x00008c89   Thumb Code    40  flash.o(.text)
    get_flash_ID                             0x00008cb1   Thumb Code    34  flash.o(.text)
    flash_read_sr                            0x00008cd3   Thumb Code    44  flash.o(.text)
    flash_write_sr_temp                      0x00008cff   Thumb Code   190  flash.o(.text)
    flash_write_sr                           0x00008dbd   Thumb Code   152  flash.o(.text)
    flash_wp_256k                            0x00008e55   Thumb Code   110  flash.o(.text)
    flash_wp_496k                            0x00008ec3   Thumb Code   118  flash.o(.text)
    flash_wp_all                             0x00008f39   Thumb Code   110  flash.o(.text)
    flash_wp_none                            0x00008fa7   Thumb Code    32  flash.o(.text)
    flash_advance_init                       0x00008fc7   Thumb Code    28  flash.o(.text)
    clr_flash_qwfr                           0x00008fe3   Thumb Code   222  flash.o(.text)
    flash_set_dual_mode                      0x000090c1   Thumb Code    32  flash.o(.text)
    flash_init                               0x000090e1   Thumb Code    18  flash.o(.text)
    flash_set_line_mode                      0x000090f3   Thumb Code     2  flash.o(.text)
    flash_erase_sector                       0x000090f5   Thumb Code    92  flash.o(.text)
    flash_read_data                          0x00009151   Thumb Code   156  flash.o(.text)
    flash_write_data                         0x000091ed   Thumb Code   304  flash.o(.text)
    flash_set_qe                             0x0000931d   Thumb Code    44  flash.o(.text)
    flash_read                               0x00009349   Thumb Code    46  flash.o(.text)
    flash_write                              0x00009377   Thumb Code   102  flash.o(.text)
    flash_erase                              0x000093dd   Thumb Code    90  flash.o(.text)
    flash_write_some_data                    0x00009437   Thumb Code    96  flash.o(.text)
    flash_test                               0x00009497   Thumb Code   252  flash.o(.text)
    Delay_ms                                 0x000095a9   Thumb Code    26  rf_xvr_24.o(.text)
    pll_clk_calibration                      0x000095c3   Thumb Code    38  rf_xvr_24.o(.text)
    xvr_reg_initial_24                       0x000095e9   Thumb Code    62  rf_xvr_24.o(.text)
    CLK32K_AutoCali_init                     0x00009627   Thumb Code    72  rf_xvr_24.o(.text)
    kmod_calibration                         0x0000966f   Thumb Code   254  rf_xvr_24.o(.text)
    xtal_cal_set                             0x0000976d   Thumb Code    26  rf_xvr_24.o(.text)
    xvr_reg_initial                          0x00009787   Thumb Code   394  rf_xvr_24.o(.text)
    Delay_us                                 0x00009911   Thumb Code    20  rf_xvr_24.o(.text)
    Delay                                    0x00009925   Thumb Code    20  rf_xvr_24.o(.text)
    RF250_calibration                        0x00009939   Thumb Code   754  rf_xvr_24.o(.text)
    singleWaveCfg                            0x00009c2b   Thumb Code    38  rf_xvr_24.o(.text)
    set_power                                0x00009c51   Thumb Code    50  rf_xvr_24.o(.text)
    gpio_config                              0x00009c91   Thumb Code    84  gpio.o(.text)
    gpio_get_input                           0x00009ce5   Thumb Code    24  gpio.o(.text)
    gpio_set                                 0x00009cfd   Thumb Code    34  gpio.o(.text)
    gpio_set_neg                             0x00009d1f   Thumb Code    26  gpio.o(.text)
    gpio_set_int_mode                        0x00009d39   Thumb Code    86  gpio.o(.text)
    gpio_init                                0x00009d8f   Thumb Code    10  gpio.o(.text)
    gpio_triger                              0x00009d99   Thumb Code    20  gpio.o(.text)
    gpio_cb_register                         0x00009dad   Thumb Code    10  gpio.o(.text)
    gpio_isr                                 0x00009db7   Thumb Code    12  gpio.o(.text)
    gpio_wakeup_config                       0x00009dc3   Thumb Code     4  gpio.o(.text)
    gpio_wakeup                              0x00009dc7   Thumb Code    32  gpio.o(.text)
    DEBUG_MSG                                0x00009de7   Thumb Code     2  gpio.o(.text)
    sys_mode_init                            0x00009df5   Thumb Code     6  icu.o(.text)
    get_sys_mode                             0x00009dfb   Thumb Code     6  icu.o(.text)
    icu_init                                 0x00009e01   Thumb Code    86  icu.o(.text)
    icu_get_sleep_mode                       0x00009e57   Thumb Code     6  icu.o(.text)
    icu_set_sleep_mode                       0x00009e5d   Thumb Code     6  icu.o(.text)
    cpu_reduce_voltage_sleep                 0x00009e63   Thumb Code   158  icu.o(.text)
    cpu_wakeup                               0x00009f01   Thumb Code    82  icu.o(.text)
    cpu_idle_sleep                           0x00009f53   Thumb Code    26  icu.o(.text)
    mcu_clk_switch                           0x00009f6d   Thumb Code   278  icu.o(.text)
    deep_sleep_wakeup_set                    0x0000a083   Thumb Code    20  icu.o(.text)
    cpu_delay                                0x0000a097   Thumb Code    12  icu.o(.text)
    system_set_reset_reson                   0x0000a0a3   Thumb Code    24  icu.o(.text)
    deep_sleep                               0x0000a0bb   Thumb Code    86  icu.o(.text)
    cpu_reset                                0x0000a111   Thumb Code    32  icu.o(.text)
    system_reset_reson                       0x0000a131   Thumb Code   150  icu.o(.text)
    test_reset_reason                        0x0000a1c7   Thumb Code   278  icu.o(.text)
    rw_sleep                                 0x0000a2dd   Thumb Code    30  icu.o(.text)
    rw_wakeup                                0x0000a2fb   Thumb Code    14  icu.o(.text)
    cpu_usb_reduce_voltage_sleep             0x0000a309   Thumb Code   154  icu.o(.text)
    cpu_24_reduce_voltage_sleep              0x0000a3a3   Thumb Code   132  icu.o(.text)
    cpu_24_wakeup                            0x0000a427   Thumb Code   106  icu.o(.text)
    wdt_disable                              0x0000a4b5   Thumb Code    16  wdt.o(.text)
    wdt_enable                               0x0000a4c5   Thumb Code    18  wdt.o(.text)
    wdt_feed                                 0x0000a4d7   Thumb Code    12  wdt.o(.text)
    adc_init                                 0x0000a4e9   Thumb Code    98  adc.o(.text)
    adc_deinit                               0x0000a54b   Thumb Code    48  adc.o(.text)
    adc_isr                                  0x0000a57b   Thumb Code    18  adc.o(.text)
    adc_get_value                            0x0000a58d   Thumb Code    88  adc.o(.text)
    calib_adc                                0x0000a5e5   Thumb Code   104  adc.o(.text)
    check_low_volt_sleep                     0x0000a64d   Thumb Code   132  adc.o(.text)
    get_temperature_value                    0x0000a6d1   Thumb Code    74  adc.o(.text)
    uart2_init                               0x0000a775   Thumb Code    84  uart2.o(.text)
    uart2_send                               0x0000a7c9   Thumb Code    24  uart2.o(.text)
    clear_uart2_buffer                       0x0000a7e1   Thumb Code    30  uart2.o(.text)
    uart2_printf                             0x0000a7ff   Thumb Code    38  uart2.o(.text)
    uart2_printf_null                        0x0000a825   Thumb Code     4  uart2.o(.text)
    uart2_rx_cmd_handler                     0x0000a829   Thumb Code    78  uart2.o(.text)
    uart2_rx_handler                         0x0000a877   Thumb Code    96  uart2.o(.text)
    uart2_isr                                0x0000a8d7   Thumb Code    68  uart2.o(.text)
    uart2_rx_cmd_respone                     0x0000a91b   Thumb Code    58  uart2.o(.text)
    uart_init                                0x0000a971   Thumb Code   104  uart.o(.text)
    uart_send                                0x0000a9d9   Thumb Code    32  uart.o(.text)
    uart0_printf                             0x0000a9f9   Thumb Code    48  uart.o(.text)
    uart_flow_on                             0x0000aa29   Thumb Code     2  uart.o(.text)
    uart_flow_off                            0x0000aa2b   Thumb Code     4  uart.o(.text)
    uart_read                                0x0000aa2f   Thumb Code    22  uart.o(.text)
    uart_write                               0x0000aa45   Thumb Code    22  uart.o(.text)
    uart_printf_dut                          0x0000aa5b   Thumb Code    32  uart.o(.text)
    uart_rx_cmd_handler                      0x0000aa7b   Thumb Code    88  uart.o(.text)
    uart_rx_handler                          0x0000aad3   Thumb Code    96  uart.o(.text)
    uart_isr                                 0x0000ab33   Thumb Code    82  uart.o(.text)
    uart_rx_cmd_respone                      0x0000ab85   Thumb Code    58  uart.o(.text)
    uart1_dma_isr_callback                   0x0000abbf   Thumb Code    26  uart.o(.text)
    uart1_dma_write                          0x0000abd9   Thumb Code    38  uart.o(.text)
    uart1_dma_read                           0x0000abff   Thumb Code    38  uart.o(.text)
    dma_config_write                         0x0000ac69   Thumb Code    48  dma.o(.text)
    dma_config_read                          0x0000ac99   Thumb Code    48  dma.o(.text)
    dma_isr_stat_get                         0x0000acc9   Thumb Code     6  dma.o(.text)
    dma_isr_stat_set                         0x0000accf   Thumb Code     6  dma.o(.text)
    dma_isr                                  0x0000acd5   Thumb Code    58  dma.o(.text)
    timer_cb_register                        0x0000ad31   Thumb Code    82  driver_timer.o(.text)
    Timer_Initial                            0x0000ad83   Thumb Code    88  driver_timer.o(.text)
    Timer0_Start                             0x0000addb   Thumb Code   104  driver_timer.o(.text)
    Timer0_1m5_Start                         0x0000ae43   Thumb Code    84  driver_timer.o(.text)
    Timer1_Start                             0x0000ae97   Thumb Code   100  driver_timer.o(.text)
    Timer1_ReStart                           0x0000aefb   Thumb Code    82  driver_timer.o(.text)
    Timer0_Stop                              0x0000af4d   Thumb Code    64  driver_timer.o(.text)
    Timer1_Stop                              0x0000af8d   Thumb Code    74  driver_timer.o(.text)
    Timer_ISR0                               0x0000afd7   Thumb Code    84  driver_timer.o(.text)
    Timer_ISR1                               0x0000b02b   Thumb Code    84  driver_timer.o(.text)
    driver_sensor_paw3204_spi_init           0x0000b091   Thumb Code    58  driver_sensor.o(.text)
    driver_sensor_paw3204_send_byte          0x0000b0cb   Thumb Code    58  driver_sensor.o(.text)
    driver_sensor_paw3204_read_byte          0x0000b105   Thumb Code    64  driver_sensor.o(.text)
    driver_sensor_paw3204_read_data          0x0000b145   Thumb Code    44  driver_sensor.o(.text)
    driver_sensor_paw3204_send_data          0x0000b171   Thumb Code    20  driver_sensor.o(.text)
    resync                                   0x0000b185   Thumb Code    32  driver_sensor.o(.text)
    resync1                                  0x0000b1a5   Thumb Code    32  driver_sensor.o(.text)
    driver_sensor_paw3204_cpi_set_value      0x0000b1c5   Thumb Code   106  driver_sensor.o(.text)
    app_sensor_paw3065_inital                0x0000b22f   Thumb Code     4  driver_sensor.o(.text)
    app_sensor_paw3205_inital                0x0000b233   Thumb Code     4  driver_sensor.o(.text)
    app_sensor_get_id                        0x0000b237   Thumb Code    64  driver_sensor.o(.text)
    app_sensor_init                          0x0000b277   Thumb Code    10  driver_sensor.o(.text)
    app_sensor_3205_check                    0x0000b281   Thumb Code   110  driver_sensor.o(.text)
    app_sensor_check                         0x0000b2ef   Thumb Code     2  driver_sensor.o(.text)
    sensor_powerdown                         0x0000b2f1   Thumb Code     2  driver_sensor.o(.text)
    driver_sensor_check_up                   0x0000b2f3   Thumb Code    44  driver_sensor.o(.text)
    app_sensor_powerdown                     0x0000b31f   Thumb Code     2  driver_sensor.o(.text)
    app_sensor_wakeup                        0x0000b321   Thumb Code     2  driver_sensor.o(.text)
    f24Init                                  0x0000b331   Thumb Code    14  application_main.o(.text)
    f24GetFreqConfigValue                    0x0000b33f   Thumb Code    38  application_main.o(.text)
    fReadRFAddr                              0x0000b365   Thumb Code    92  application_main.o(.text)
    application_initial                      0x0000b3c1   Thumb Code    76  application_main.o(.text)
    app_set_24page_timer                     0x0000b40d   Thumb Code    16  application_main.o(.text)
    fWorkModeInit                            0x0000b41d   Thumb Code    62  application_main.o(.text)
    fn24main                                 0x0000b45b   Thumb Code    68  application_main.o(.text)
    application_mouse_channel_search         0x0000b531   Thumb Code    96  application_mode_normal.o(.text)
    application_normal_mode_initial          0x0000b591   Thumb Code   116  application_mode_normal.o(.text)
    application_mouse_status_check           0x0000b605   Thumb Code   200  application_mode_normal.o(.text)
    application_mouse_rf_send_check          0x0000b6cd   Thumb Code   126  application_mode_normal.o(.text)
    LED_Ctrl                                 0x0000b74b   Thumb Code    16  application_mode_normal.o(.text)
    application_mouse_led_start              0x0000b75b   Thumb Code    34  application_mode_normal.o(.text)
    application_mouse_sleep_check            0x0000b77d   Thumb Code   172  application_mode_normal.o(.text)
    application_mouse_idle_oscxmhz           0x0000b829   Thumb Code    28  application_mode_normal.o(.text)
    application_mouse_wake_up_from_32khz     0x0000b845   Thumb Code    24  application_mode_normal.o(.text)
    application_page_key_check               0x0000b85d   Thumb Code    54  application_mode_normal.o(.text)
    application_normal_mode                  0x0000b893   Thumb Code    82  application_mode_normal.o(.text)
    general_dongle_search                    0x0000b8e5   Thumb Code   334  application_mode_normal.o(.text)
    driver_lbd_process                       0x0000ba33   Thumb Code    94  application_mode_normal.o(.text)
    LED_Toggle                               0x0000ba91   Thumb Code    24  application_mode_normal.o(.text)
    application_mouse_led_process            0x0000baa9   Thumb Code    44  application_mode_normal.o(.text)
    application_page_mode                    0x0000bb19   Thumb Code   708  application_mode_page.o(.text)
    REC_OneByte                              0x0000be99   Thumb Code    90  application_mode_pcba.o(.text)
    pcba_test_init                           0x0000bef3   Thumb Code   114  application_mode_pcba.o(.text)
    send_bind_result                         0x0000bf65   Thumb Code   126  application_mode_pcba.o(.text)
    application_PCBA_mode                    0x0000bfe3   Thumb Code   358  application_mode_pcba.o(.text)
    driver_rf_mode_single_wave               0x0000c16d   Thumb Code    50  application_mode_test.o(.text)
    driver_rf_mode_normal                    0x0000c19f   Thumb Code    22  application_mode_test.o(.text)
    application_test_mode                    0x0000c1b5   Thumb Code   572  application_mode_test.o(.text)
    application_mouse_rf_synchronize         0x0000c465   Thumb Code    22  application_rf.o(.text)
    application_mouse_rf_send_with_insistent_hop_16ch 0x0000c47b   Thumb Code   110  application_rf.o(.text)
    application_mouse_rf_send_start          0x0000c4e9   Thumb Code   100  application_rf.o(.text)
    application_mouse_rf_send                0x0000c54d   Thumb Code   314  application_rf.o(.text)
    PowerUp_Rf                               0x0000c6b5   Thumb Code    12  driver_rf.o(.text)
    PowerDown_Rf                             0x0000c6c1   Thumb Code    12  driver_rf.o(.text)
    SwitchToRxMode                           0x0000c6cd   Thumb Code    32  driver_rf.o(.text)
    SwitchToTxMode                           0x0000c6ed   Thumb Code    34  driver_rf.o(.text)
    memcpy_2461                              0x0000c70f   Thumb Code    24  driver_rf.o(.text)
    ChangeTxPipe                             0x0000c727   Thumb Code   160  driver_rf.o(.text)
    R_RX_PAYLOAD                             0x0000c7c7   Thumb Code    34  driver_rf.o(.text)
    W_TX_PAYLOAD                             0x0000c7e9   Thumb Code    34  driver_rf.o(.text)
    W_TX_PAYLOAD_NOACK                       0x0000c80b   Thumb Code    34  driver_rf.o(.text)
    W_ACK_PAYLOAD                            0x0000c82d   Thumb Code    34  driver_rf.o(.text)
    Rf_Init                                  0x0000c84f   Thumb Code   172  driver_rf.o(.text)
    SetDataRate                              0x0000c8fb   Thumb Code   144  driver_rf.o(.text)
    driver_rf_channel_switch                 0x0000c98b   Thumb Code    90  driver_rf.o(.text)
    driver_set_rf_channel                    0x0000c9e5   Thumb Code    30  driver_rf.o(.text)
    driver_rf_data_send                      0x0000ca03   Thumb Code   284  driver_rf.o(.text)
    driver_rf_data_retrans                   0x0000cb1f   Thumb Code   158  driver_rf.o(.text)
    driver_rf_maxRT_clear                    0x0000cbbd   Thumb Code    20  driver_rf.o(.text)
    driver_rf_data_send_noACK                0x0000cbd1   Thumb Code    56  driver_rf.o(.text)
    driver_rf_data_send_ACK                  0x0000cc09   Thumb Code   124  driver_rf.o(.text)
    driver_rf_receive_package                0x0000cc85   Thumb Code    76  driver_rf.o(.text)
    driver_rf_ouput_power_value_set          0x0000ccd1   Thumb Code    44  driver_rf.o(.text)
    get_rf_rssi                              0x0000ccfd   Thumb Code    10  driver_rf.o(.text)
    DelayNops_usb                            0x0000cd31   Thumb Code    12  driver_usb.o(.text)
    HwUsb_SetRxIE                            0x0000cd3d   Thumb Code    10  driver_usb.o(.text)
    HwUsb_GetRxIE                            0x0000cd47   Thumb Code    12  driver_usb.o(.text)
    HwUsb_GetRxIF                            0x0000cd53   Thumb Code    12  driver_usb.o(.text)
    HwUsb_SetTxIE                            0x0000cd5f   Thumb Code    10  driver_usb.o(.text)
    HwUsb_GetTxIF                            0x0000cd69   Thumb Code    12  driver_usb.o(.text)
    HwUsb_GetTxIE                            0x0000cd75   Thumb Code    12  driver_usb.o(.text)
    HwUsb_Switch2Endp                        0x0000cd81   Thumb Code     6  driver_usb.o(.text)
    HwUsb_GetCSR                             0x0000cd87   Thumb Code    12  driver_usb.o(.text)
    HwUsb_GetRxCount                         0x0000cd93   Thumb Code    12  driver_usb.o(.text)
    HwUsb_EndpRead                           0x0000cd9f   Thumb Code   116  driver_usb.o(.text)
    HwUsb_EndpWrite                          0x0000ce13   Thumb Code    78  driver_usb.o(.text)
    HwUsb_SendStall                          0x0000ce61   Thumb Code    10  driver_usb.o(.text)
    HwUsb_SendZlp                            0x0000ce6b   Thumb Code    14  driver_usb.o(.text)
    HwUsb_SendPkt                            0x0000ce79   Thumb Code   124  driver_usb.o(.text)
    AplUsb_StartTx                           0x0000cef5   Thumb Code    28  driver_usb.o(.text)
    HwUsb_SetAddress                         0x0000cf11   Thumb Code    10  driver_usb.o(.text)
    usb_init_sw                              0x0000cf1b   Thumb Code    22  driver_usb.o(.text)
    usb_init                                 0x0000cf31   Thumb Code   124  driver_usb.o(.text)
    usb_deinit                               0x0000cfad   Thumb Code    32  driver_usb.o(.text)
    AplUsb_GetSOF                            0x0000cfcd   Thumb Code    12  driver_usb.o(.text)
    _ep0_isr                                 0x0000cfd9   Thumb Code    86  driver_usb.o(.text)
    _endp_tx                                 0x0000d02f   Thumb Code    34  driver_usb.o(.text)
    _endp_rx                                 0x0000d051   Thumb Code    44  driver_usb.o(.text)
    USB_IsrDispatch                          0x0000d07d   Thumb Code    98  driver_usb.o(.text)
    USB_InterruptHandler                     0x0000d0df   Thumb Code    34  driver_usb.o(.text)
    _find_tarDesc                            0x0000d119   Thumb Code    38  usb.o(.text)
    _find_HidClassRpt                        0x0000d13f   Thumb Code    42  usb.o(.text)
    _get_nextDesc                            0x0000d169   Thumb Code    18  usb.o(.text)
    _find_endpDesc_byEndpNo                  0x0000d17b   Thumb Code    40  usb.o(.text)
    AplUsb_SetTxCbk                          0x0000d1a3   Thumb Code    16  usb.o(.text)
    AplUsb_SetRxCbk                          0x0000d1b3   Thumb Code    16  usb.o(.text)
    AplUsb_GetRxBuf                          0x0000d1c3   Thumb Code    18  usb.o(.text)
    AplUsb_GetTxBuf                          0x0000d1d5   Thumb Code    20  usb.o(.text)
    AplUsb_GetTxCbk                          0x0000d1e9   Thumb Code    20  usb.o(.text)
    AplUsb_GetRxCbk                          0x0000d1fd   Thumb Code    20  usb.o(.text)
    AplUsb_SetSuspend                        0x0000d211   Thumb Code     6  usb.o(.text)
    AplUsb_IsConfigured                      0x0000d217   Thumb Code     6  usb.o(.text)
    _build_pipRxBuf                          0x0000d21d   Thumb Code    66  usb.o(.text)
    _build_pipTxBuf                          0x0000d25f   Thumb Code    64  usb.o(.text)
    _config_endp                             0x0000d29f   Thumb Code   342  usb.o(.text)
    config_device                            0x0000d3f5   Thumb Code    38  usb.o(.text)
    HalUsbAttributeInit                      0x0000d41b   Thumb Code    12  usb.o(.text)
    HwUsbOpen                                0x0000d427   Thumb Code    34  usb.o(.text)
    URB_NOT_SUPPORT                          0x0000d449   Thumb Code    16  usb.o(.text)
    GetRqtRecipient                          0x0000d48d   Thumb Code     8  usb.o(.text)
    GetRqtType                               0x0000d495   Thumb Code     8  usb.o(.text)
    URB_GET_STATUS                           0x0000d49d   Thumb Code    92  usb.o(.text)
    URB_CLEAR_FEATURE                        0x0000d4f9   Thumb Code    94  usb.o(.text)
    URB_SET_FEATURE                          0x0000d557   Thumb Code   388  usb.o(.text)
    URB_SET_ADDRESS                          0x0000d6db   Thumb Code    46  usb.o(.text)
    URB_GET_DESCRIPTOR                       0x0000d709   Thumb Code   216  usb.o(.text)
    URB_GET_CONFIGURATION                    0x0000d7e1   Thumb Code    30  usb.o(.text)
    URB_SET_CONFIGURATION                    0x0000d7ff   Thumb Code    80  usb.o(.text)
    URB_GET_INTERFACE                        0x0000d84f   Thumb Code    52  usb.o(.text)
    URB_SET_INTERFACE                        0x0000d883   Thumb Code    56  usb.o(.text)
    HalUsbStandardRequest                    0x0000d8bb   Thumb Code    10  usb.o(.text)
    HalUsbSetupHandle                        0x0000d8c5   Thumb Code    44  usb.o(.text)
    check_usb_suspendmode                    0x0000d8f1   Thumb Code    86  usb.o(.text)
    usb_suspend_wakeup                       0x0000d947   Thumb Code    48  usb.o(.text)
    USBDesc_GetDeviceDesc                    0x0000d9a1   Thumb Code     4  usb_desc.o(.text)
    USBDesc_GetConfigDesc                    0x0000d9a5   Thumb Code     6  usb_desc.o(.text)
    UsbDesc_Find                             0x0000d9ab   Thumb Code    46  usb_desc.o(.text)
    USBDesc_GetHidRptDesc                    0x0000d9d9   Thumb Code     8  usb_desc.o(.text)
    USBDesc_GetStringDesc                    0x0000d9e1   Thumb Code     8  usb_desc.o(.text)
    SetRxParameter                           0x0000d9ed   Thumb Code    40  usbclass.o(.text)
    HalUsbClassRequest                       0x0000da15   Thumb Code    68  usbclass.o(.text)
    __aeabi_uidiv                            0x0000da5d   Thumb Code     0  uidiv.o(.text)
    __aeabi_uidivmod                         0x0000da5d   Thumb Code    44  uidiv.o(.text)
    __aeabi_memcpy                           0x0000da89   Thumb Code    36  memcpya.o(.text)
    __aeabi_memcpy4                          0x0000da89   Thumb Code     0  memcpya.o(.text)
    __aeabi_memcpy8                          0x0000da89   Thumb Code     0  memcpya.o(.text)
    __aeabi_memset                           0x0000daad   Thumb Code    16  memseta.o(.text)
    __aeabi_memset4                          0x0000daad   Thumb Code     0  memseta.o(.text)
    __aeabi_memset8                          0x0000daad   Thumb Code     0  memseta.o(.text)
    __aeabi_memclr                           0x0000dabd   Thumb Code     4  memseta.o(.text)
    __aeabi_memclr4                          0x0000dabd   Thumb Code     0  memseta.o(.text)
    __aeabi_memclr8                          0x0000dabd   Thumb Code     0  memseta.o(.text)
    _memset$wrapper                          0x0000dac1   Thumb Code    18  memseta.o(.text)
    __aeabi_uread4                           0x0000dad3   Thumb Code    20  uread4.o(.text)
    __rt_uread4                              0x0000dad3   Thumb Code     0  uread4.o(.text)
    _uread4                                  0x0000dad3   Thumb Code     0  uread4.o(.text)
    __aeabi_uwrite4                          0x0000dae7   Thumb Code    18  uwrite4.o(.text)
    __rt_uwrite4                             0x0000dae7   Thumb Code     0  uwrite4.o(.text)
    _uwrite4                                 0x0000dae7   Thumb Code     0  uwrite4.o(.text)
    __aeabi_dmul                             0x0000daf9   Thumb Code   202  dmul.o(.text)
    __ARM_scalbn                             0x0000dbc9   Thumb Code    44  dscalb.o(.text)
    scalbn                                   0x0000dbc9   Thumb Code     0  dscalb.o(.text)
    __aeabi_ui2d                             0x0000dbf5   Thumb Code    24  dfltui.o(.text)
    __aeabi_d2uiz                            0x0000dc11   Thumb Code    50  dfixui.o(.text)
    __aeabi_uldivmod                         0x0000dc4d   Thumb Code    96  uldiv.o(.text)
    __aeabi_llsr                             0x0000dcad   Thumb Code    34  llushr.o(.text)
    _ll_ushift_r                             0x0000dcad   Thumb Code     0  llushr.o(.text)
    __I$use$fp                               0x0000dcd0   ARM Code       0  iusefp.o(.text)
    _double_round                            0x0000dcd1   Thumb Code    26  depilogue.o(.text)
    _double_epilogue                         0x0000dceb   Thumb Code   164  depilogue.o(.text)
    __aeabi_dadd                             0x0000dd91   Thumb Code   328  dadd.o(.text)
    __aeabi_dsub                             0x0000ded9   Thumb Code    12  dadd.o(.text)
    __aeabi_drsub                            0x0000dee5   Thumb Code    12  dadd.o(.text)
    __aeabi_ddiv                             0x0000def5   Thumb Code   234  ddiv.o(.text)
    __aeabi_d2ulz                            0x0000dfe5   Thumb Code    54  dfixul.o(.text)
    __aeabi_cdrcmple                         0x0000e025   Thumb Code    38  cdrcmple.o(.text)
    __scatterload                            0x0000e04d   Thumb Code    22  init.o(.text)
    __scatterload_rt2                        0x0000e04d   Thumb Code     0  init.o(.text)
    __aeabi_llsl                             0x0000e06d   Thumb Code    32  llshl.o(.text)
    _ll_shift_l                              0x0000e06d   Thumb Code     0  llshl.o(.text)
    __aeabi_lasr                             0x0000e08d   Thumb Code    38  llsshr.o(.text)
    _ll_sshift_r                             0x0000e08d   Thumb Code     0  llsshr.o(.text)
    __0vsprintf                              0x0000e0b5   Thumb Code    30  printfa.o(i.__0vsprintf)
    __1vsprintf                              0x0000e0b5   Thumb Code     0  printfa.o(i.__0vsprintf)
    __2vsprintf                              0x0000e0b5   Thumb Code     0  printfa.o(i.__0vsprintf)
    __c89vsprintf                            0x0000e0b5   Thumb Code     0  printfa.o(i.__0vsprintf)
    vsprintf                                 0x0000e0b5   Thumb Code     0  printfa.o(i.__0vsprintf)
    __ARM_clz                                0x0000e0d8   ARM Code       8  depilogue.o(i.__ARM_clz)
    __ARM_common_disable_fiq                 0x0000e0e0   ARM Code      20  main.o(i.__ARM_common_disable_fiq)
    __ARM_common_disable_irq                 0x0000e0f4   ARM Code      20  main.o(i.__ARM_common_disable_irq)
    __ARM_common_enable_fiq                  0x0000e108   ARM Code      16  main.o(i.__ARM_common_enable_fiq)
    __ARM_common_enable_irq                  0x0000e118   ARM Code      16  main.o(i.__ARM_common_enable_irq)
    __ARM_common_switch8                     0x0000e128   ARM Code      24  user_handle.o(i.__ARM_common_switch8)
    free                                     0x0000e141   Thumb Code    80  malloc2.o(i.__free$2region)
    malloc                                   0x0000e195   Thumb Code    92  malloc2.o(i.__malloc$2region)
    __scatterload_copy                       0x0000e200   ARM Code      28  handlers.o(i.__scatterload_copy)
    __scatterload_null                       0x0000e21c   ARM Code       4  handlers.o(i.__scatterload_null)
    __scatterload_zeroinit                   0x0000e220   ARM Code      24  handlers.o(i.__scatterload_zeroinit)
    tUsbStdRequest                           0x0000eb34   Data          52  usb.o(.constdata)
    tHidEP1ReportDesc                        0x0000eb68   Data         173  usb_desc.o(.constdata)
    tHidEP2ReportDesc                        0x0000ec15   Data          55  usb_desc.o(.constdata)
    tHidEP3ReportDesc                        0x0000ec4c   Data          23  usb_desc.o(.constdata)
    tUsbLanguageID                           0x0000ec64   Data           4  usb_desc.o(.constdata)
    tUsbProductStr                           0x0000ec68   Data          26  usb_desc.o(.constdata)
    tUsbVersionStr                           0x0000ec82   Data          26  usb_desc.o(.constdata)
    tUsbVendorStr                            0x0000ec9c   Data          10  usb_desc.o(.constdata)
    tUsbDeviceDescriptor                     0x0000eca6   Data          18  usb_desc.o(.constdata)
    tUsbConfig                               0x0000ecb8   Data          98  usb_desc.o(.constdata)
    _c_device_desc                           0x0000ed1a   Data           8  usb_desc.o(.constdata)
    _c_config_desc                           0x0000ed22   Data           8  usb_desc.o(.constdata)
    tblUsbHidRptDescs                        0x0000ed2a   Data          36  usb_desc.o(.constdata)
    tblUsbStringDescs                        0x0000ed4e   Data          48  usb_desc.o(.constdata)
    Region$$Table$$Base                      0x0000ed80   Number         0  anon$$obj.o(Region$$Table)
    Load$$RAM_DATA$$Base                     0x0000eda0   Number         0  anon$$obj.o ABSOLUTE
    Region$$Table$$Limit                     0x0000eda0   Number         0  anon$$obj.o(Region$$Table)
    Image$$RAM_DATA$$Base                    0x00400800   Number         0  anon$$obj.o ABSOLUTE
    uart_rx_en                               0x00400800   Data           1  main.o(.data)
    uCH_ChCt                                 0x00400801   Data           1  app.o(.data)
    uRF_TXTime                               0x00400804   Data           1  app.o(.data)
    aes_ok                                   0x00400805   Data           1  aes.o(.data)
    ch_cur_index                             0x00400806   Data           1  user_handle.o(.data)
    ch_chan                                  0x00400807   Data           1  user_handle.o(.data)
    pairStep                                 0x00400808   Data           1  user_handle.o(.data)
    tx_send_flag                             0x00400809   Data           1  user_handle.o(.data)
    retransmit_size                          0x0040080a   Data           1  user_handle.o(.data)
    retransmit_count                         0x0040080b   Data           1  user_handle.o(.data)
    AIR_MOUSE_KEY_FLAGS                      0x0040080c   Data           1  user_handle.o(.data)
    tab_switch_en                            0x0040080d   Data           1  user_handle.o(.data)
    tab_switch_ct                            0x0040080e   Data           2  user_handle.o(.data)
    bat_adc                                  0x00400810   Data           2  user_handle.o(.data)
    channel_table                            0x00400812   Data           5  user_handle.o(.data)
    first_pair                               0x00400817   Data           1  user_handle.o(.data)
    pair_timeout                             0x00400818   Data           2  user_handle.o(.data)
    pair_step_timeout                        0x0040081a   Data           1  user_handle.o(.data)
    system_sleep_status                      0x0040082e   Data           1  icu.o(.data)
    system_mode                              0x0040082f   Data           1  icu.o(.data)
    adc_flag                                 0x00400830   Data           1  adc.o(.data)
    g_adc_value                              0x00400834   Data           2  adc.o(.data)
    referance_voltage                        0x00400836   Data           2  adc.o(.data)
    uart2_rx_done                            0x00400838   Data           1  uart2.o(.data)
    uart2_rx_index                           0x00400840   Data           4  uart2.o(.data)
    uart_rx_done                             0x00400844   Data           1  uart.o(.data)
    uart_debug_cmd_index                     0x00400845   Data           1  uart.o(.data)
    uart_rx_index                            0x0040084c   Data           4  uart.o(.data)
    bk_timer_hit                             0x00400850   Data           1  driver_timer.o(.data)
    bk_timer0_T0_cnt                         0x0040086c   Data           4  driver_timer.o(.data)
    bk_timer0_T1_cnt                         0x00400870   Data           4  driver_timer.o(.data)
    bk_timer1_T0_cnt                         0x00400874   Data           4  driver_timer.o(.data)
    bk_timer1_T1_cnt                         0x00400878   Data           4  driver_timer.o(.data)
    bk_timer0_T2_cnt                         0x0040087c   Data           4  driver_timer.o(.data)
    bk_timer1_T2_cnt                         0x00400880   Data           4  driver_timer.o(.data)
    bSensorCheck                             0x00400885   Data           1  driver_sensor.o(.data)
    app_bt                                   0x00400886   Data           1  application_main.o(.data)
    status_idle_cnt                          0x00400888   Data           1  application_mode_normal.o(.data)
    rf_lost_cnt                              0x00400889   Data           1  application_mode_normal.o(.data)
    wheel_old_cnt                            0x0040088a   Data           1  application_mode_normal.o(.data)
    lbd_sleep_onetime                        0x0040088b   Data           1  application_mode_normal.o(.data)
    RF_flag                                  0x00400890   Data           4  application_mode_normal.o(.data)
    wSysFlagfn24                             0x00400894   Data           4  application_mode_normal.o(.data)
    lbd_sleep_count                          0x00400898   Data           4  application_mode_normal.o(.data)
    BLED_Timer                               0x0040089c   Data           4  application_mode_normal.o(.data)
    app_val                                  0x004008a0   Data           8  application_mode_normal.o(.data)
    local_addr                               0x004008a8   Data           6  application_mode_page.o(.data)
    rf_address_tx_page                       0x004008b0   Data          24  application_mode_page.o(.data)
    result_data                              0x004008c8   Data           1  application_mode_pcba.o(.data)
    send_chl                                 0x004008c9   Data           1  application_mode_pcba.o(.data)
    send_time                                0x004008ca   Data           1  application_mode_pcba.o(.data)
    RF_TEST_CHANNEL                          0x004008cc   Data           3  application_mode_test.o(.data)
    XVR_REG24_BAK                            0x004008d0   Data           4  application_mode_test.o(.data)
    sync_count                               0x004008d4   Data           1  application_rf.o(.data)
    uRXDataLens                              0x004008d8   Data           1  driver_rf.o(.data)
    flag_test                                0x004008d9   Data           1  driver_rf.o(.data)
    Cfg_0c_Val                               0x004008dc   Data          16  driver_rf.o(.data)
    Cfg_0d_Val                               0x004008ec   Data          16  driver_rf.o(.data)
    P0_Address                               0x004008fc   Data          24  driver_rf.o(.data)
    P1_Address                               0x00400914   Data          24  driver_rf.o(.data)
    RF_CHANNEL_TABLE                         0x0040092c   Data          16  driver_rf.o(.data)
    rf_address_tx_pub                        0x0040093c   Data          24  driver_rf.o(.data)
    channel_search                           0x00400954   Data           1  driver_rf.o(.data)
    bUsbConfig                               0x00400958   Data           1  usb.o(.data)
    ep0PktMaxSz                              0x00400959   Data           1  usb.o(.data)
    open_flag                                0x0040095a   Data           1  usb.o(.data)
    cbk_suspend                              0x0040095c   Data           4  usb.o(.data)
    bUsbAlterInterface                       0x00400960   Data           5  usb.o(.data)
    usb_status                               0x00400966   Data           6  usb.o(.data)
    suspend_status                           0x0040096c   Data           7  usb.o(.data)
    bUsbState                                0x00400973   Data           1  usbclass.o(.data)
    __microlib_freelist                      0x00400974   Data           4  mvars.o(.data)
    __microlib_freelist_initialised          0x00400978   Data           4  mvars.o(.data)
    Image$$RAM_BSS$$Base                     0x0040097c   Number         0  anon$$obj.o ABSOLUTE
    tx_send_buffer                           0x0040097c   Data          10  user_handle.o(.bss)
    retransmit                               0x00400986   Data          10  user_handle.o(.bss)
    flash_env                                0x00400990   Data          16  flash.o(.bss)
    XVR_ANALOG_REG_BAK                       0x004009a0   Data         128  rf_xvr_24.o(.bss)
    spi_param                                0x00400a20   Data          12  spi.o(.bss)
    uart2_rx_buf                             0x00400a4c   Data         128  uart2.o(.bss)
    uart2_tx_buf                             0x00400acc   Data         128  uart2.o(.bss)
    uart_rx_buf                              0x00400b94   Data         128  uart.o(.bss)
    system_data                              0x00400c14   Data          60  application_main.o(.bss)
    rf_fifo_data                             0x00400c50   Data          32  driver_rf.o(.bss)
    ep0                                      0x00400c70   Data          16  driver_usb.o(.bss)
    usb_endp_status                          0x00400c80   Data          18  usb.o(.bss)
    Image$$ARM_LIB_HEAP$$ZI$$Base            0x0040372c   Number         0  anon$$obj.o ABSOLUTE
    Image$$ARM_LIB_HEAP$$ZI$$Limit           0x0040772c   Number         0  anon$$obj.o ABSOLUTE
    Image$$ARM_LIB_STACK$$ZI$$Limit          0x0040b72c   Number         0  anon$$obj.o ABSOLUTE
    Image$$RAM_STACK_UNUSED$$Base            0x0040f2cc   Number         0  anon$$obj.o ABSOLUTE
    Image$$RAM_STACK_SVC$$Base               0x0040f32c   Number         0  anon$$obj.o ABSOLUTE
    Image$$RAM_STACK_IRQ$$Base               0x0040fa1c   Number         0  anon$$obj.o ABSOLUTE
    Image$$RAM_STACK_FIQ$$Base               0x0040fe0c   Number         0  anon$$obj.o ABSOLUTE
    __initial_sp                             0x0040fffc   Number         0  handlers.o ABSOLUTE



==============================================================================

Memory Map of the image

  Image Entry point : 0x00007984

  Load Region SECTIONS (Base: 0x00007900, Size: 0x0000761c, Max: 0xffffffff, ABSOLUTE)

    Execution Region ROM_SYS (Exec base: 0x00007900, Load base: 0x00007900, Size: 0x00000270, Max: 0xffffffff, ABSOLUTE)

    Exec Addr    Load Addr    Size         Type   Attr      Idx    E Section Name        Object

    0x00007900   0x00007900   0x0000005c   Code   RO            8  * SYS_BOOT            vectors.o
    0x0000795c   0x0000795c   0x000001f4   Code   RO            7  * SYS_BOOT            handlers.o
    0x00007b50   0x00007b50   0x00000008   Ven    RO          184    Veneer$$Code        anon$$obj.o
    0x00007b58   0x00007b58   0x00000008   Ven    RO          185    Veneer$$Code        anon$$obj.o
    0x00007b60   0x00007b60   0x00000008   Ven    RO          186    Veneer$$Code        anon$$obj.o
    0x00007b68   0x00007b68   0x00000008   Ven    RO          187    Veneer$$Code        anon$$obj.o


    Execution Region FAST_CALL_SEG (Exec base: 0x00007c00, Load base: 0x00007c00, Size: 0x00000030, Max: 0xffffffff, ABSOLUTE, FIXED)

    Exec Addr    Load Addr    Size         Type   Attr      Idx    E Section Name        Object

    0x00007c00   0x00007c00   0x00000010   Code   RO           17    sys_fiq_entry       intc.o
    0x00007c10   0x00007c10   0x00000010   PAD
    0x00007c20   0x00007c20   0x00000010   Code   RO           18    sys_irq_entry       intc.o


    Execution Region ROM (Exec base: 0x00007c30, Load base: 0x00007c30, Size: 0x00007170, Max: 0xffffffff, ABSOLUTE)

    Exec Addr    Load Addr    Size         Type   Attr      Idx    E Section Name        Object

    0x00007c30   0x00007c30   0x00000000   Code   RO          105  * .ARM.Collect$$$$00000000  mc_5.l(entry.o)
    0x00007c30   0x00007c30   0x00000004   Code   RO          146    .ARM.Collect$$$$00000003  mc_5.l(entry4.o)
    0x00007c34   0x00007c34   0x00000004   Code   RO          148    .ARM.Collect$$$$00000004  mc_5.l(entry5.o)
    0x00007c38   0x00007c38   0x00000000   Code   RO          150    .ARM.Collect$$$$00000008  mc_5.l(entry7b.o)
    0x00007c38   0x00007c38   0x00000000   Code   RO          152    .ARM.Collect$$$$0000000A  mc_5.l(entry8b.o)
    0x00007c38   0x00007c38   0x0000000c   Code   RO          153    .ARM.Collect$$$$0000000B  mc_5.l(entry9a.o)
    0x00007c44   0x00007c44   0x00000000   Code   RO          155    .ARM.Collect$$$$0000000D  mc_5.l(entry10a.o)
    0x00007c44   0x00007c44   0x00000000   Code   RO          157    .ARM.Collect$$$$0000000F  mc_5.l(entry11a.o)
    0x00007c44   0x00007c44   0x00000004   Code   RO          147    .ARM.Collect$$$$00002714  mc_5.l(entry4.o)
    0x00007c48   0x00007c48   0x00000008   Ven    RO            9    .text               main.o
    0x00007c50   0x00007c50   0x000000ec   Code   RO            9    .text               main.o
    0x00007d3c   0x00007d3c   0x00000008   Ven    RO           16    .text               intc.o
    0x00007d44   0x00007d44   0x000000a8   Code   RO           16    .text               intc.o
    0x00007dec   0x00007dec   0x000001f8   Code   RO           19    .text               app.o
    0x00007fe4   0x00007fe4   0x00000214   Code   RO           23    .text               aes.o
    0x000081f8   0x000081f8   0x00000a58   Code   RO           26    .text               user_handle.o
    0x00008c50   0x00008c50   0x00000958   Code   RO           33    .text               flash.o
    0x000095a8   0x000095a8   0x000006e8   Code   RO           37    .text               rf_xvr_24.o
    0x00009c90   0x00009c90   0x00000164   Code   RO           39    .text               gpio.o
    0x00009df4   0x00009df4   0x000006c0   Code   RO           42    .text               icu.o
    0x0000a4b4   0x0000a4b4   0x00000034   Code   RO           44    .text               wdt.o
    0x0000a4e8   0x0000a4e8   0x0000028c   Code   RO           45    .text               adc.o
    0x0000a774   0x0000a774   0x000001fc   Code   RO           47    .text               uart2.o
    0x0000a970   0x0000a970   0x000002f8   Code   RO           50    .text               uart.o
    0x0000ac68   0x0000ac68   0x000000c8   Code   RO           59    .text               dma.o
    0x0000ad30   0x0000ad30   0x00000360   Code   RO           60    .text               driver_timer.o
    0x0000b090   0x0000b090   0x000002a0   Code   RO           62    .text               driver_sensor.o
    0x0000b330   0x0000b330   0x00000200   Code   RO           66    .text               application_main.o
    0x0000b530   0x0000b530   0x000005e8   Code   RO           69    .text               application_mode_normal.o
    0x0000bb18   0x0000bb18   0x00000380   Code   RO           71    .text               application_mode_page.o
    0x0000be98   0x0000be98   0x000002d4   Code   RO           74    .text               application_mode_pcba.o
    0x0000c16c   0x0000c16c   0x000002f8   Code   RO           76    .text               application_mode_test.o
    0x0000c464   0x0000c464   0x00000250   Code   RO           79    .text               application_rf.o
    0x0000c6b4   0x0000c6b4   0x0000067c   Code   RO           81    .text               driver_rf.o
    0x0000cd30   0x0000cd30   0x000003e8   Code   RO           86    .text               driver_usb.o
    0x0000d118   0x0000d118   0x00000888   Code   RO           88    .text               usb.o
    0x0000d9a0   0x0000d9a0   0x0000004c   Code   RO           92    .text               usb_desc.o
    0x0000d9ec   0x0000d9ec   0x00000070   Code   RO          103    .text               usbclass.o
    0x0000da5c   0x0000da5c   0x0000002c   Code   RO          108    .text               mc_5.l(uidiv.o)
    0x0000da88   0x0000da88   0x00000024   Code   RO          109    .text               mc_5.l(memcpya.o)
    0x0000daac   0x0000daac   0x00000026   Code   RO          110    .text               mc_5.l(memseta.o)
    0x0000dad2   0x0000dad2   0x00000014   Code   RO          140    .text               mc_5.l(uread4.o)
    0x0000dae6   0x0000dae6   0x00000012   Code   RO          141    .text               mc_5.l(uwrite4.o)
    0x0000daf8   0x0000daf8   0x000000d0   Code   RO          142    .text               mf_5.l(dmul.o)
    0x0000dbc8   0x0000dbc8   0x0000002c   Code   RO          143    .text               mf_5.l(dscalb.o)
    0x0000dbf4   0x0000dbf4   0x0000001c   Code   RO          144    .text               mf_5.l(dfltui.o)
    0x0000dc10   0x0000dc10   0x0000003c   Code   RO          145    .text               mf_5.l(dfixui.o)
    0x0000dc4c   0x0000dc4c   0x00000060   Code   RO          161    .text               mc_5.l(uldiv.o)
    0x0000dcac   0x0000dcac   0x00000022   Code   RO          162    .text               mc_5.l(llushr.o)
    0x0000dcce   0x0000dcce   0x00000002   PAD
    0x0000dcd0   0x0000dcd0   0x00000000   Code   RO          165    .text               mc_5.l(iusefp.o)
    0x0000dcd0   0x0000dcd0   0x000000be   Code   RO          166    .text               mf_5.l(depilogue.o)
    0x0000dd8e   0x0000dd8e   0x00000002   PAD
    0x0000dd90   0x0000dd90   0x00000164   Code   RO          168    .text               mf_5.l(dadd.o)
    0x0000def4   0x0000def4   0x000000f0   Code   RO          169    .text               mf_5.l(ddiv.o)
    0x0000dfe4   0x0000dfe4   0x00000040   Code   RO          170    .text               mf_5.l(dfixul.o)
    0x0000e024   0x0000e024   0x00000028   Code   RO          171    .text               mf_5.l(cdrcmple.o)
    0x0000e04c   0x0000e04c   0x00000020   Code   RO          172    .text               mc_5.l(init.o)
    0x0000e06c   0x0000e06c   0x00000020   Code   RO          174    .text               mc_5.l(llshl.o)
    0x0000e08c   0x0000e08c   0x00000026   Code   RO          175    .text               mc_5.l(llsshr.o)
    0x0000e0b2   0x0000e0b2   0x00000002   PAD
    0x0000e0b4   0x0000e0b4   0x00000024   Code   RO          119    i.__0vsprintf       mc_5.l(printfa.o)
    0x0000e0d8   0x0000e0d8   0x00000008   Code   RO          167    i.__ARM_clz         mf_5.l(depilogue.o)
    0x0000e0e0   0x0000e0e0   0x00000014   Code   RO           15    i.__ARM_common_disable_fiq  main.o
    0x0000e0f4   0x0000e0f4   0x00000014   Code   RO           14    i.__ARM_common_disable_irq  main.o
    0x0000e108   0x0000e108   0x00000010   Code   RO           13    i.__ARM_common_enable_fiq  main.o
    0x0000e118   0x0000e118   0x00000010   Code   RO           12    i.__ARM_common_enable_irq  main.o
    0x0000e128   0x0000e128   0x00000018   Code   RO           32    i.__ARM_common_switch8  user_handle.o
    0x0000e140   0x0000e140   0x00000054   Code   RO          126    i.__free$2region    mc_5.l(malloc2.o)
    0x0000e194   0x0000e194   0x0000006c   Code   RO          127    i.__malloc$2region  mc_5.l(malloc2.o)
    0x0000e200   0x0000e200   0x0000001c   Code   RO          179    i.__scatterload_copy  mc_5.l(handlers.o)
    0x0000e21c   0x0000e21c   0x00000004   Code   RO          180    i.__scatterload_null  mc_5.l(handlers.o)
    0x0000e220   0x0000e220   0x00000018   Code   RO          181    i.__scatterload_zeroinit  mc_5.l(handlers.o)
    0x0000e238   0x0000e238   0x00000174   Code   RO          120    i._fp_digits        mc_5.l(printfa.o)
    0x0000e3ac   0x0000e3ac   0x000006f4   Code   RO          121    i._printf_core      mc_5.l(printfa.o)
    0x0000eaa0   0x0000eaa0   0x00000020   Code   RO          122    i._printf_post_padding  mc_5.l(printfa.o)
    0x0000eac0   0x0000eac0   0x0000002c   Code   RO          123    i._printf_pre_padding  mc_5.l(printfa.o)
    0x0000eaec   0x0000eaec   0x0000000a   Code   RO          125    i._sputc            mc_5.l(printfa.o)
    0x0000eaf6   0x0000eaf6   0x00000002   PAD
    0x0000eaf8   0x0000eaf8   0x00000004   Data   RO           35    .constdata          flash.o
    0x0000eafc   0x0000eafc   0x00000036   Data   RO           54    .constdata          uart.o
    0x0000eb32   0x0000eb32   0x00000002   PAD
    0x0000eb34   0x0000eb34   0x00000034   Data   RO           90    .constdata          usb.o
    0x0000eb68   0x0000eb68   0x000000ad   Data   RO           93    .constdata          usb_desc.o
    0x0000ec15   0x0000ec15   0x00000037   Data   RO           94    .constdata          usb_desc.o
    0x0000ec4c   0x0000ec4c   0x00000017   Data   RO           95    .constdata          usb_desc.o
    0x0000ec63   0x0000ec63   0x00000001   PAD
    0x0000ec64   0x0000ec64   0x00000004   Data   RO           96    .constdata          usb_desc.o
    0x0000ec68   0x0000ec68   0x0000001a   Data   RO           97    .constdata          usb_desc.o
    0x0000ec82   0x0000ec82   0x0000001a   Data   RO           98    .constdata          usb_desc.o
    0x0000ec9c   0x0000ec9c   0x0000000a   Data   RO           99    .constdata          usb_desc.o
    0x0000eca6   0x0000eca6   0x00000012   Data   RO          100    .constdata          usb_desc.o
    0x0000ecb8   0x0000ecb8   0x00000062   Data   RO          101    .constdata          usb_desc.o
    0x0000ed1a   0x0000ed1a   0x00000064   Data   RO          102    .constdata          usb_desc.o
    0x0000ed7e   0x0000ed7e   0x00000002   PAD
    0x0000ed80   0x0000ed80   0x00000020   Data   RO          177    Region$$Table       anon$$obj.o


    Execution Region RAM_DATA (Exec base: 0x00400800, Load base: 0x0000eda0, Size: 0x0000017c, Max: 0xffffffff, ABSOLUTE)

    Exec Addr    Load Addr    Size         Type   Attr      Idx    E Section Name        Object

    0x00400800   0x0000eda0   0x00000001   Data   RW           10    .data               main.o
    0x00400801   0x0000eda1   0x00000001   Data   RW           21    .data               app.o
    0x00400802   0x0000eda2   0x00000003   Data   RW           22    .data               app.o
    0x00400805   0x0000eda5   0x00000001   Data   RW           25    .data               aes.o
    0x00400806   0x0000eda6   0x00000011   Data   RW           28    .data               user_handle.o
    0x00400817   0x0000edb7   0x00000001   Data   RW           29    .data               user_handle.o
    0x00400818   0x0000edb8   0x00000002   Data   RW           30    .data               user_handle.o
    0x0040081a   0x0000edba   0x00000001   Data   RW           31    .data               user_handle.o
    0x0040081b   0x0000edbb   0x00000001   PAD
    0x0040081c   0x0000edbc   0x0000000c   Data   RW           36    .data               flash.o
    0x00400828   0x0000edc8   0x00000004   Data   RW           40    .data               gpio.o
    0x0040082c   0x0000edcc   0x00000004   Data   RW           43    .data               icu.o
    0x00400830   0x0000edd0   0x00000008   Data   RW           46    .data               adc.o
    0x00400838   0x0000edd8   0x0000000c   Data   RW           49    .data               uart2.o
    0x00400844   0x0000ede4   0x0000000c   Data   RW           55    .data               uart.o
    0x00400850   0x0000edf0   0x00000034   Data   RW           61    .data               driver_timer.o
    0x00400884   0x0000ee24   0x00000001   Data   RW           64    .data               driver_sensor.o
    0x00400885   0x0000ee25   0x00000001   Data   RW           65    .data               driver_sensor.o
    0x00400886   0x0000ee26   0x00000001   Data   RW           68    .data               application_main.o
    0x00400887   0x0000ee27   0x00000001   PAD
    0x00400888   0x0000ee28   0x00000020   Data   RW           70    .data               application_mode_normal.o
    0x004008a8   0x0000ee48   0x00000020   Data   RW           72    .data               application_mode_page.o
    0x004008c8   0x0000ee68   0x00000003   Data   RW           75    .data               application_mode_pcba.o
    0x004008cb   0x0000ee6b   0x00000001   PAD
    0x004008cc   0x0000ee6c   0x00000008   Data   RW           77    .data               application_mode_test.o
    0x004008d4   0x0000ee74   0x00000001   Data   RW           80    .data               application_rf.o
    0x004008d5   0x0000ee75   0x00000003   PAD
    0x004008d8   0x0000ee78   0x00000064   Data   RW           83    .data               driver_rf.o
    0x0040093c   0x0000eedc   0x00000018   Data   RW           84    .data               driver_rf.o
    0x00400954   0x0000eef4   0x00000001   Data   RW           85    .data               driver_rf.o
    0x00400955   0x0000eef5   0x00000003   PAD
    0x00400958   0x0000eef8   0x0000001b   Data   RW           91    .data               usb.o
    0x00400973   0x0000ef13   0x00000001   Data   RW          104    .data               usbclass.o
    0x00400974   0x0000ef14   0x00000004   Data   RW          163    .data               mc_5.l(mvars.o)
    0x00400978   0x0000ef18   0x00000004   Data   RW          164    .data               mc_5.l(mvars.o)


    Execution Region RAM_BSS (Exec base: 0x0040097c, Load base: 0x0000ef1c, Size: 0x000003f0, Max: 0xffffffff, ABSOLUTE)

    Exec Addr    Load Addr    Size         Type   Attr      Idx    E Section Name        Object

    0x0040097c        -       0x00000014   Zero   RW           27    .bss                user_handle.o
    0x00400990        -       0x00000010   Zero   RW           34    .bss                flash.o
    0x004009a0        -       0x00000080   Zero   RW           38    .bss                rf_xvr_24.o
    0x00400a20        -       0x0000000c   Zero   RW           41    .bss                spi.o
    0x00400a2c        -       0x00000120   Zero   RW           48    .bss                uart2.o
    0x00400b4c        -       0x000000c8   Zero   RW           51    .bss                uart.o
    0x00400c14        -       0x0000003c   Zero   RW           67    .bss                application_main.o
    0x00400c50        -       0x00000020   Zero   RW           82    .bss                driver_rf.o
    0x00400c70        -       0x00000010   Zero   RW           87    .bss                driver_usb.o
    0x00400c80        -       0x000000ec   Zero   RW           89    .bss                usb.o


    Execution Region ARM_LIB_HEAP (Exec base: 0x0040372c, Load base: 0x0000ef1c, Size: 0x00004000, Max: 0x00004000, ABSOLUTE)

    Exec Addr    Load Addr    Size         Type   Attr      Idx    E Section Name        Object

    0x0040372c        -       0x00004000   Zero   RW            1    ARM_LIB_HEAP.bss    anon$$obj.o


    Execution Region ARM_LIB_STACK (Exec base: 0x0040772c, Load base: 0x0000ef1c, Size: 0x00004000, Max: 0x00004000, ABSOLUTE)

    Exec Addr    Load Addr    Size         Type   Attr      Idx    E Section Name        Object

    0x0040772c        -       0x00004000   Zero   RW            2    ARM_LIB_STACK.bss   anon$$obj.o


    Execution Region RAM_STACK_UNUSED (Exec base: 0x0040f2cc, Load base: 0x0000ef1c, Size: 0x00000060, Max: 0x00000060, ABSOLUTE)

    Exec Addr    Load Addr    Size         Type   Attr      Idx    E Section Name        Object

    0x0040f2cc        -       0x00000060   Zero   RW            3    RAM_STACK_UNUSED.bss  anon$$obj.o


    Execution Region RAM_STACK_SVC (Exec base: 0x0040f32c, Load base: 0x0000ef1c, Size: 0x000006f0, Max: 0x000006f0, ABSOLUTE)

    Exec Addr    Load Addr    Size         Type   Attr      Idx    E Section Name        Object

    0x0040f32c        -       0x000006f0   Zero   RW            4    RAM_STACK_SVC.bss   anon$$obj.o


    Execution Region RAM_STACK_IRQ (Exec base: 0x0040fa1c, Load base: 0x0000ef1c, Size: 0x000003f0, Max: 0x000003f0, ABSOLUTE)

    Exec Addr    Load Addr    Size         Type   Attr      Idx    E Section Name        Object

    0x0040fa1c        -       0x000003f0   Zero   RW            5    RAM_STACK_IRQ.bss   anon$$obj.o


    Execution Region RAM_STACK_FIQ (Exec base: 0x0040fe0c, Load base: 0x0000ef1c, Size: 0x000001f0, Max: 0x000001f0, ABSOLUTE)

    Exec Addr    Load Addr    Size         Type   Attr      Idx    E Section Name        Object

    0x0040fe0c        -       0x000001f0   Zero   RW            6    RAM_STACK_FIQ.bss   anon$$obj.o


==============================================================================

Image component sizes


      Code (inc. data)   RO Data    RW Data    ZI Data      Debug   Object Name

       652         90          0          8          0          0   adc.o
       532         80          0          1          0          0   aes.o
       504         50          0          4          0          0   app.o
       512        146          0          1         60          0   application_main.o
      1512        224          0         32          0          0   application_mode_normal.o
       896        188          0         32          0          0   application_mode_page.o
       724         36          0          3          0          0   application_mode_pcba.o
       760        116          0          8          0          0   application_mode_test.o
       592         46          0          1          0          0   application_rf.o
       200         34          0          0          0          0   dma.o
      1660         98          0        125         32          0   driver_rf.o
       672         14          0          2          0          0   driver_sensor.o
       864         18          0         52          0          0   driver_timer.o
      1000         24          0          0         16          0   driver_usb.o
      2392        224          4         12         16          0   flash.o
       356         12          0          4          0          0   gpio.o
       500         76          0          0          0          0   handlers.o
      1728        310          0          4          0          0   icu.o
       200          6          0          0          0          0   intc.o
       308         60          0          1          0          0   main.o
      1768        242          0          0        128          0   rf_xvr_24.o
         0          0          0          0         12          0   spi.o
       760         76         54         12        200          0   uart.o
       508         36          0         12        288          0   uart2.o
      2184        338         52         27        236          0   usb.o
        76          4        533          0          0          0   usb_desc.o
       112          4          0          1          0          0   usbclass.o
      2672        596          0         21         20          0   user_handle.o
        92         32          0          0          0          0   vectors.o
        52          6          0          0          0          0   wdt.o

    ----------------------------------------------------------------------
     24852       3202        680        372      37152          0   Object Totals
        48         16         32          0      36144          0   (incl. Generated)
        16          0          5          9          0          0   (incl. Padding)

    ----------------------------------------------------------------------

      Code (inc. data)   RO Data    RW Data    ZI Data      Debug   Library Member Name

         0          0          0          0          0          0   entry.o
         0          0          0          0          0          0   entry10a.o
         0          0          0          0          0          0   entry11a.o
         8          4          0          0          0          0   entry4.o
         4          0          0          0          0          0   entry5.o
         0          0          0          0          0          0   entry7b.o
         0          0          0          0          0          0   entry8b.o
        12          4          0          0          0          0   entry9a.o
        56          0          0          0          0          0   handlers.o
        32         10          0          0          0          0   init.o
         0          0          0          0          0          0   iusefp.o
        32          0          0          0          0          0   llshl.o
        38          0          0          0          0          0   llsshr.o
        34          0          0          0          0          0   llushr.o
       192         20          0          0          0          0   malloc2.o
        36          0          0          0          0          0   memcpya.o
        38          0          0          0          0          0   memseta.o
         0          0          0          8          0          0   mvars.o
      2274         94          0          0          0          0   printfa.o
        44          0          0          0          0          0   uidiv.o
        96          0          0          0          0          0   uldiv.o
        20          0          0          0          0          0   uread4.o
        18          0          0          0          0          0   uwrite4.o
        40          2          0          0          0          0   cdrcmple.o
       356          4          0          0          0          0   dadd.o
       240          6          0          0          0          0   ddiv.o
       198          0          0          0          0          0   depilogue.o
        60         10          0          0          0          0   dfixui.o
        64         10          0          0          0          0   dfixul.o
        28          4          0          0          0          0   dfltui.o
       208          6          0          0          0          0   dmul.o
        44          0          0          0          0          0   dscalb.o

    ----------------------------------------------------------------------
      4180        174          0          8          0          0   Library Totals
         8          0          0          0          0          0   (incl. Padding)

    ----------------------------------------------------------------------

      Code (inc. data)   RO Data    RW Data    ZI Data      Debug   Library Name

      2934        132          0          8          0          0   mc_5.l
      1238         42          0          0          0          0   mf_5.l

    ----------------------------------------------------------------------
      4180        174          0          8          0          0   Library Totals

    ----------------------------------------------------------------------

==============================================================================


      Code (inc. data)   RO Data    RW Data    ZI Data      Debug   

     29032       3376        680        380      37152          0   Grand Totals
     29032       3376        680        380      37152          0   ELF Image Totals
     29032       3376        680        380          0          0   ROM Totals

==============================================================================

    Total RO  Size (Code + RO Data)                29712 (  29.02kB)
    Total RW  Size (RW Data + ZI Data)             37532 (  36.65kB)
    Total ROM Size (Code + RO Data + RW Data)      30092 (  29.39kB)

==============================================================================

